Archive member included to satisfy reference by file (symbol)

d:/stm32ide/stm32cubeide_1.7.0/stm32cubeide/plugins/com.st.stm32cube.ide.mcu.externaltools.gnu-tools-for-stm32.9-2020-q2-update.win32_2.0.0.202105311346/tools/bin/../lib/gcc/arm-none-eabi/9.3.1/../../../../arm-none-eabi/lib/thumb/v7e-m+fp/hard\libc_nano.a(lib_a-errno.o)
                              ./Src/syscalls.o (__errno)
d:/stm32ide/stm32cubeide_1.7.0/stm32cubeide/plugins/com.st.stm32cube.ide.mcu.externaltools.gnu-tools-for-stm32.9-2020-q2-update.win32_2.0.0.202105311346/tools/bin/../lib/gcc/arm-none-eabi/9.3.1/../../../../arm-none-eabi/lib/thumb/v7e-m+fp/hard\libc_nano.a(lib_a-exit.o)
                              d:/stm32ide/stm32cubeide_1.7.0/stm32cubeide/plugins/com.st.stm32cube.ide.mcu.externaltools.gnu-tools-for-stm32.9-2020-q2-update.win32_2.0.0.202105311346/tools/bin/../lib/gcc/arm-none-eabi/9.3.1/../../../../arm-none-eabi/lib/thumb/v7e-m+fp/hard/crt0.o (exit)
d:/stm32ide/stm32cubeide_1.7.0/stm32cubeide/plugins/com.st.stm32cube.ide.mcu.externaltools.gnu-tools-for-stm32.9-2020-q2-update.win32_2.0.0.202105311346/tools/bin/../lib/gcc/arm-none-eabi/9.3.1/../../../../arm-none-eabi/lib/thumb/v7e-m+fp/hard\libc_nano.a(lib_a-impure.o)
                              d:/stm32ide/stm32cubeide_1.7.0/stm32cubeide/plugins/com.st.stm32cube.ide.mcu.externaltools.gnu-tools-for-stm32.9-2020-q2-update.win32_2.0.0.202105311346/tools/bin/../lib/gcc/arm-none-eabi/9.3.1/../../../../arm-none-eabi/lib/thumb/v7e-m+fp/hard\libc_nano.a(lib_a-exit.o) (_global_impure_ptr)
d:/stm32ide/stm32cubeide_1.7.0/stm32cubeide/plugins/com.st.stm32cube.ide.mcu.externaltools.gnu-tools-for-stm32.9-2020-q2-update.win32_2.0.0.202105311346/tools/bin/../lib/gcc/arm-none-eabi/9.3.1/../../../../arm-none-eabi/lib/thumb/v7e-m+fp/hard\libc_nano.a(lib_a-init.o)
                              d:/stm32ide/stm32cubeide_1.7.0/stm32cubeide/plugins/com.st.stm32cube.ide.mcu.externaltools.gnu-tools-for-stm32.9-2020-q2-update.win32_2.0.0.202105311346/tools/bin/../lib/gcc/arm-none-eabi/9.3.1/../../../../arm-none-eabi/lib/thumb/v7e-m+fp/hard/crt0.o (__libc_init_array)
d:/stm32ide/stm32cubeide_1.7.0/stm32cubeide/plugins/com.st.stm32cube.ide.mcu.externaltools.gnu-tools-for-stm32.9-2020-q2-update.win32_2.0.0.202105311346/tools/bin/../lib/gcc/arm-none-eabi/9.3.1/../../../../arm-none-eabi/lib/thumb/v7e-m+fp/hard\libc_nano.a(lib_a-memset.o)
                              d:/stm32ide/stm32cubeide_1.7.0/stm32cubeide/plugins/com.st.stm32cube.ide.mcu.externaltools.gnu-tools-for-stm32.9-2020-q2-update.win32_2.0.0.202105311346/tools/bin/../lib/gcc/arm-none-eabi/9.3.1/../../../../arm-none-eabi/lib/thumb/v7e-m+fp/hard/crt0.o (memset)

Allocating common symbols
Common symbol       size              file

bufferUSART2dma     0x14              ./Src/usart.o
mem                 0x23              ./Src/main.o

Discarded input sections

 .text          0x0000000000000000        0x0 d:/stm32ide/stm32cubeide_1.7.0/stm32cubeide/plugins/com.st.stm32cube.ide.mcu.externaltools.gnu-tools-for-stm32.9-2020-q2-update.win32_2.0.0.202105311346/tools/bin/../lib/gcc/arm-none-eabi/9.3.1/thumb/v7e-m+fp/hard/crti.o
 .data          0x0000000000000000        0x0 d:/stm32ide/stm32cubeide_1.7.0/stm32cubeide/plugins/com.st.stm32cube.ide.mcu.externaltools.gnu-tools-for-stm32.9-2020-q2-update.win32_2.0.0.202105311346/tools/bin/../lib/gcc/arm-none-eabi/9.3.1/thumb/v7e-m+fp/hard/crti.o
 .bss           0x0000000000000000        0x0 d:/stm32ide/stm32cubeide_1.7.0/stm32cubeide/plugins/com.st.stm32cube.ide.mcu.externaltools.gnu-tools-for-stm32.9-2020-q2-update.win32_2.0.0.202105311346/tools/bin/../lib/gcc/arm-none-eabi/9.3.1/thumb/v7e-m+fp/hard/crti.o
 .data          0x0000000000000000        0x4 d:/stm32ide/stm32cubeide_1.7.0/stm32cubeide/plugins/com.st.stm32cube.ide.mcu.externaltools.gnu-tools-for-stm32.9-2020-q2-update.win32_2.0.0.202105311346/tools/bin/../lib/gcc/arm-none-eabi/9.3.1/thumb/v7e-m+fp/hard/crtbegin.o
 .text          0x0000000000000000       0x7c d:/stm32ide/stm32cubeide_1.7.0/stm32cubeide/plugins/com.st.stm32cube.ide.mcu.externaltools.gnu-tools-for-stm32.9-2020-q2-update.win32_2.0.0.202105311346/tools/bin/../lib/gcc/arm-none-eabi/9.3.1/../../../../arm-none-eabi/lib/thumb/v7e-m+fp/hard/crt0.o
 .data          0x0000000000000000        0x0 d:/stm32ide/stm32cubeide_1.7.0/stm32cubeide/plugins/com.st.stm32cube.ide.mcu.externaltools.gnu-tools-for-stm32.9-2020-q2-update.win32_2.0.0.202105311346/tools/bin/../lib/gcc/arm-none-eabi/9.3.1/../../../../arm-none-eabi/lib/thumb/v7e-m+fp/hard/crt0.o
 .bss           0x0000000000000000        0x0 d:/stm32ide/stm32cubeide_1.7.0/stm32cubeide/plugins/com.st.stm32cube.ide.mcu.externaltools.gnu-tools-for-stm32.9-2020-q2-update.win32_2.0.0.202105311346/tools/bin/../lib/gcc/arm-none-eabi/9.3.1/../../../../arm-none-eabi/lib/thumb/v7e-m+fp/hard/crt0.o
[...]
Memory Configuration

Name             Origin             Length             Attributes
FLASH            0x0000000008000000 0x0000000000010000 xr
CCMRAM           0x0000000010000000 0x0000000000001000 xrw
RAM              0x0000000020000000 0x0000000000003000 xrw
*default*        0x0000000000000000 0xffffffffffffffff

Linker script and memory map

LOAD d:/stm32ide/stm32cubeide_1.7.0/stm32cubeide/plugins/com.st.stm32cube.ide.mcu.externaltools.gnu-tools-for-stm32.9-2020-q2-update.win32_2.0.0.202105311346/tools/bin/../lib/gcc/arm-none-eabi/9.3.1/thumb/v7e-m+fp/hard/crti.o
LOAD d:/stm32ide/stm32cubeide_1.7.0/stm32cubeide/plugins/com.st.stm32cube.ide.mcu.externaltools.gnu-tools-for-stm32.9-2020-q2-update.win32_2.0.0.202105311346/tools/bin/../lib/gcc/arm-none-eabi/9.3.1/thumb/v7e-m+fp/hard/crtbegin.o
LOAD d:/stm32ide/stm32cubeide_1.7.0/stm32cubeide/plugins/com.st.stm32cube.ide.mcu.externaltools.gnu-tools-for-stm32.9-2020-q2-update.win32_2.0.0.202105311346/tools/bin/../lib/gcc/arm-none-eabi/9.3.1/../../../../arm-none-eabi/lib/thumb/v7e-m+fp/hard/crt0.o
LOAD ./Drivers/STM32F3xx_HAL_Driver/Src/stm32f3xx_ll_adc.o
LOAD ./Drivers/STM32F3xx_HAL_Driver/Src/stm32f3xx_ll_dma.o
LOAD ./Drivers/STM32F3xx_HAL_Driver/Src/stm32f3xx_ll_exti.o
LOAD ./Drivers/STM32F3xx_HAL_Driver/Src/stm32f3xx_ll_gpio.o
LOAD ./Drivers/STM32F3xx_HAL_Driver/Src/stm32f3xx_ll_rcc.o
LOAD ./Drivers/STM32F3xx_HAL_Driver/Src/stm32f3xx_ll_tim.o
LOAD ./Drivers/STM32F3xx_HAL_Driver/Src/stm32f3xx_ll_usart.o
LOAD ./Drivers/STM32F3xx_HAL_Driver/Src/stm32f3xx_ll_utils.o
LOAD ./Src/adc.o
LOAD ./Src/dma.o
LOAD ./Src/gpio.o
LOAD ./Src/main.o
LOAD ./Src/stm32f3xx_it.o
LOAD ./Src/syscalls.o
LOAD ./Src/sysmem.o
LOAD ./Src/system_stm32f3xx.o
LOAD ./Src/tim.o
LOAD ./Src/usart.o
LOAD ./Startup/startup_stm32f303k8tx.o
START GROUP
LOAD d:/stm32ide/stm32cubeide_1.7.0/stm32cubeide/plugins/com.st.stm32cube.ide.mcu.externaltools.gnu-tools-for-stm32.9-2020-q2-update.win32_2.0.0.202105311346/tools/bin/../lib/gcc/arm-none-eabi/9.3.1/../../../../arm-none-eabi/lib/thumb/v7e-m+fp/hard\libc_nano.a
LOAD d:/stm32ide/stm32cubeide_1.7.0/stm32cubeide/plugins/com.st.stm32cube.ide.mcu.externaltools.gnu-tools-for-stm32.9-2020-q2-update.win32_2.0.0.202105311346/tools/bin/../lib/gcc/arm-none-eabi/9.3.1/../../../../arm-none-eabi/lib/thumb/v7e-m+fp/hard\libm.a
END GROUP
START GROUP
LOAD d:/stm32ide/stm32cubeide_1.7.0/stm32cubeide/plugins/com.st.stm32cube.ide.mcu.externaltools.gnu-tools-for-stm32.9-2020-q2-update.win32_2.0.0.202105311346/tools/bin/../lib/gcc/arm-none-eabi/9.3.1/thumb/v7e-m+fp/hard\libgcc.a
LOAD d:/stm32ide/stm32cubeide_1.7.0/stm32cubeide/plugins/com.st.stm32cube.ide.mcu.externaltools.gnu-tools-for-stm32.9-2020-q2-update.win32_2.0.0.202105311346/tools/bin/../lib/gcc/arm-none-eabi/9.3.1/../../../../arm-none-eabi/lib/thumb/v7e-m+fp/hard\libc_nano.a
END GROUP
START GROUP
LOAD d:/stm32ide/stm32cubeide_1.7.0/stm32cubeide/plugins/com.st.stm32cube.ide.mcu.externaltools.gnu-tools-for-stm32.9-2020-q2-update.win32_2.0.0.202105311346/tools/bin/../lib/gcc/arm-none-eabi/9.3.1/thumb/v7e-m+fp/hard\libgcc.a
LOAD d:/stm32ide/stm32cubeide_1.7.0/stm32cubeide/plugins/com.st.stm32cube.ide.mcu.externaltools.gnu-tools-for-stm32.9-2020-q2-update.win32_2.0.0.202105311346/tools/bin/../lib/gcc/arm-none-eabi/9.3.1/../../../../arm-none-eabi/lib/thumb/v7e-m+fp/hard\libc_nano.a
LOAD d:/stm32ide/stm32cubeide_1.7.0/stm32cubeide/plugins/com.st.stm32cube.ide.mcu.externaltools.gnu-tools-for-stm32.9-2020-q2-update.win32_2.0.0.202105311346/tools/bin/../lib/gcc/arm-none-eabi/9.3.1/../../../../arm-none-eabi/lib/thumb/v7e-m+fp/hard\libnosys.a
END GROUP
START GROUP
LOAD d:/stm32ide/stm32cubeide_1.7.0/stm32cubeide/plugins/com.st.stm32cube.ide.mcu.externaltools.gnu-tools-for-stm32.9-2020-q2-update.win32_2.0.0.202105311346/tools/bin/../lib/gcc/arm-none-eabi/9.3.1/thumb/v7e-m+fp/hard\libgcc.a
LOAD d:/stm32ide/stm32cubeide_1.7.0/stm32cubeide/plugins/com.st.stm32cube.ide.mcu.externaltools.gnu-tools-for-stm32.9-2020-q2-update.win32_2.0.0.202105311346/tools/bin/../lib/gcc/arm-none-eabi/9.3.1/../../../../arm-none-eabi/lib/thumb/v7e-m+fp/hard\libc_nano.a
LOAD d:/stm32ide/stm32cubeide_1.7.0/stm32cubeide/plugins/com.st.stm32cube.ide.mcu.externaltools.gnu-tools-for-stm32.9-2020-q2-update.win32_2.0.0.202105311346/tools/bin/../lib/gcc/arm-none-eabi/9.3.1/../../../../arm-none-eabi/lib/thumb/v7e-m+fp/hard\libnosys.a
END GROUP
LOAD d:/stm32ide/stm32cubeide_1.7.0/stm32cubeide/plugins/com.st.stm32cube.ide.mcu.externaltools.gnu-tools-for-stm32.9-2020-q2-update.win32_2.0.0.202105311346/tools/bin/../lib/gcc/arm-none-eabi/9.3.1/thumb/v7e-m+fp/hard/crtend.o
LOAD d:/stm32ide/stm32cubeide_1.7.0/stm32cubeide/plugins/com.st.stm32cube.ide.mcu.externaltools.gnu-tools-for-stm32.9-2020-q2-update.win32_2.0.0.202105311346/tools/bin/../lib/gcc/arm-none-eabi/9.3.1/thumb/v7e-m+fp/hard/crtn.o
                0x0000000020003000                _estack = 0x20003000
                0x0000000000000200                _Min_Heap_Size = 0x200
                0x0000000000000400                _Min_Stack_Size = 0x400

.isr_vector     0x0000000008000000      0x188
                0x0000000008000000                . = ALIGN (0x4)
 *(.isr_vector)
 .isr_vector    0x0000000008000000      0x188 ./Startup/startup_stm32f303k8tx.o
                0x0000000008000000                g_pfnVectors
                0x0000000008000188                . = ALIGN (0x4)

.text           0x0000000008000188     0x28a4
                0x0000000008000188                . = ALIGN (0x4)
 *(.text)
 .text          0x0000000008000188       0x40 d:/stm32ide/stm32cubeide_1.7.0/stm32cubeide/plugins/com.st.stm32cube.ide.mcu.externaltools.gnu-tools-for-stm32.9-2020-q2-update.win32_2.0.0.202105311346/tools/bin/../lib/gcc/arm-none-eabi/9.3.1/thumb/v7e-m+fp/hard/crtbegin.o
 *(.text*)
 .text.LL_ADC_REG_SetSequencerLength
                0x00000000080001c8       0x26 ./Drivers/STM32F3xx_HAL_Driver/Src/stm32f3xx_ll_adc.o
 .text.LL_ADC_IsEnabled
                0x00000000080001ee       0x26 ./Drivers/STM32F3xx_HAL_Driver/Src/stm32f3xx_ll_adc.o
 .text.LL_ADC_CommonInit
                0x0000000008000214       0x80 ./Drivers/STM32F3xx_HAL_Driver/Src/stm32f3xx_ll_adc.o
                0x0000000008000214                LL_ADC_CommonInit
 .text.LL_ADC_Init
                0x0000000008000294       0x4c ./Drivers/STM32F3xx_HAL_Driver/Src/stm32f3xx_ll_adc.o
                0x0000000008000294                LL_ADC_Init
 .text.LL_ADC_REG_Init
                0x00000000080002e0       0x94 ./Drivers/STM32F3xx_HAL_Driver/Src/stm32f3xx_ll_adc.o
                0x00000000080002e0                LL_ADC_REG_Init
 .text.LL_GPIO_SetPinMode
                0x0000000008000374       0x5a ./Drivers/STM32F3xx_HAL_Driver/Src/stm32f3xx_ll_gpio.o
 .text.LL_GPIO_SetPinOutputType
                0x00000000080003ce       0x30 ./Drivers/STM32F3xx_HAL_Driver/Src/stm32f3xx_ll_gpio.o
 .text.LL_GPIO_SetPinSpeed
                0x00000000080003fe       0x5a ./Drivers/STM32F3xx_HAL_Driver/Src/stm32f3xx_ll_gpio.o
 .text.LL_GPIO_SetPinPull
                0x0000000008000458       0x5a ./Drivers/STM32F3xx_HAL_Driver/Src/stm32f3xx_ll_gpio.o
 .text.LL_GPIO_SetAFPin_0_7
                0x00000000080004b2       0x5a ./Drivers/STM32F3xx_HAL_Driver/Src/stm32f3xx_ll_gpio.o
 .text.LL_GPIO_SetAFPin_8_15
                0x000000000800050c       0x5e ./Drivers/STM32F3xx_HAL_Driver/Src/stm32f3xx_ll_gpio.o
 .text.LL_GPIO_Init
                0x000000000800056a       0xf4 ./Drivers/STM32F3xx_HAL_Driver/Src/stm32f3xx_ll_gpio.o
                0x000000000800056a                LL_GPIO_Init
 *fill*         0x000000000800065e        0x2 
 .text.LL_RCC_HSI_IsReady
                0x0000000008000660       0x24 ./Drivers/STM32F3xx_HAL_Driver/Src/stm32f3xx_ll_rcc.o
 .text.LL_RCC_LSE_IsReady
                0x0000000008000684       0x24 ./Drivers/STM32F3xx_HAL_Driver/Src/stm32f3xx_ll_rcc.o
 .text.LL_RCC_GetSysClkSource
                0x00000000080006a8       0x1c ./Drivers/STM32F3xx_HAL_Driver/Src/stm32f3xx_ll_rcc.o
 .text.LL_RCC_GetAHBPrescaler
                0x00000000080006c4       0x1c ./Drivers/STM32F3xx_HAL_Driver/Src/stm32f3xx_ll_rcc.o
 .text.LL_RCC_GetAPB1Prescaler
                0x00000000080006e0       0x1c ./Drivers/STM32F3xx_HAL_Driver/Src/stm32f3xx_ll_rcc.o
 .text.LL_RCC_GetAPB2Prescaler
                0x00000000080006fc       0x1c ./Drivers/STM32F3xx_HAL_Driver/Src/stm32f3xx_ll_rcc.o
 .text.LL_RCC_GetUSARTClockSource
                0x0000000008000718       0x2c ./Drivers/STM32F3xx_HAL_Driver/Src/stm32f3xx_ll_rcc.o
 .text.LL_RCC_PLL_GetMainSource
                0x0000000008000744       0x1c ./Drivers/STM32F3xx_HAL_Driver/Src/stm32f3xx_ll_rcc.o
 .text.LL_RCC_PLL_GetMultiplicator
                0x0000000008000760       0x1c ./Drivers/STM32F3xx_HAL_Driver/Src/stm32f3xx_ll_rcc.o
 .text.LL_RCC_PLL_GetPrediv
                0x000000000800077c       0x1c ./Drivers/STM32F3xx_HAL_Driver/Src/stm32f3xx_ll_rcc.o
 .text.LL_RCC_GetSystemClocksFreq
                0x0000000008000798       0x4a ./Drivers/STM32F3xx_HAL_Driver/Src/stm32f3xx_ll_rcc.o
                0x0000000008000798                LL_RCC_GetSystemClocksFreq
 *fill*         0x00000000080007e2        0x2 
 .text.LL_RCC_GetUSARTClockFreq
                0x00000000080007e4       0x88 ./Drivers/STM32F3xx_HAL_Driver/Src/stm32f3xx_ll_rcc.o
                0x00000000080007e4                LL_RCC_GetUSARTClockFreq
 .text.RCC_GetSystemClockFreq
                0x000000000800086c       0x4c ./Drivers/STM32F3xx_HAL_Driver/Src/stm32f3xx_ll_rcc.o
                0x000000000800086c                RCC_GetSystemClockFreq
 .text.RCC_GetHCLKClockFreq
                0x00000000080008b8       0x2c ./Drivers/STM32F3xx_HAL_Driver/Src/stm32f3xx_ll_rcc.o
                0x00000000080008b8                RCC_GetHCLKClockFreq
 .text.RCC_GetPCLK1ClockFreq
                0x00000000080008e4       0x28 ./Drivers/STM32F3xx_HAL_Driver/Src/stm32f3xx_ll_rcc.o
                0x00000000080008e4                RCC_GetPCLK1ClockFreq
 .text.RCC_GetPCLK2ClockFreq
                0x000000000800090c       0x28 ./Drivers/STM32F3xx_HAL_Driver/Src/stm32f3xx_ll_rcc.o
                0x000000000800090c                RCC_GetPCLK2ClockFreq
 .text.RCC_PLL_GetFreqDomain_SYS
                0x0000000008000934       0x7c ./Drivers/STM32F3xx_HAL_Driver/Src/stm32f3xx_ll_rcc.o
                0x0000000008000934                RCC_PLL_GetFreqDomain_SYS
 .text.LL_USART_IsEnabled
                0x00000000080009b0       0x26 ./Drivers/STM32F3xx_HAL_Driver/Src/stm32f3xx_ll_usart.o
 .text.LL_USART_SetStopBitsLength
                0x00000000080009d6       0x26 ./Drivers/STM32F3xx_HAL_Driver/Src/stm32f3xx_ll_usart.o
 .text.LL_USART_SetHWFlowCtrl
                0x00000000080009fc       0x26 ./Drivers/STM32F3xx_HAL_Driver/Src/stm32f3xx_ll_usart.o
 .text.LL_USART_SetBaudRate
                0x0000000008000a22       0x64 ./Drivers/STM32F3xx_HAL_Driver/Src/stm32f3xx_ll_usart.o
 *fill*         0x0000000008000a86        0x2 
 .text.LL_USART_Init
                0x0000000008000a88       0xd8 ./Drivers/STM32F3xx_HAL_Driver/Src/stm32f3xx_ll_usart.o
                0x0000000008000a88                LL_USART_Init
 .text.LL_InitTick
                0x0000000008000b60       0x34 ./Drivers/STM32F3xx_HAL_Driver/Src/stm32f3xx_ll_utils.o
 .text.LL_Init1msTick
                0x0000000008000b94       0x1a ./Drivers/STM32F3xx_HAL_Driver/Src/stm32f3xx_ll_utils.o
                0x0000000008000b94                LL_Init1msTick
 *fill*         0x0000000008000bae        0x2 
 .text.LL_mDelay
                0x0000000008000bb0       0x4c ./Drivers/STM32F3xx_HAL_Driver/Src/stm32f3xx_ll_utils.o
                0x0000000008000bb0                LL_mDelay
 .text.LL_SetSystemCoreClock
                0x0000000008000bfc       0x20 ./Drivers/STM32F3xx_HAL_Driver/Src/stm32f3xx_ll_utils.o
                0x0000000008000bfc                LL_SetSystemCoreClock
 .text.LL_ADC_REG_SetSequencerRanks
                0x0000000008000c1c       0x6a ./Src/adc.o
 .text.LL_ADC_SetChannelSamplingTime
                0x0000000008000c86       0x92 ./Src/adc.o
 .text.LL_ADC_SetChannelSingleDiff
                0x0000000008000d18       0x48 ./Src/adc.o
 .text.LL_ADC_Enable
                0x0000000008000d60       0x28 ./Src/adc.o
 .text.LL_ADC_EnableIT_EOC
                0x0000000008000d88       0x20 ./Src/adc.o
 .text.LL_ADC_DisableIT_EOS
                0x0000000008000da8       0x20 ./Src/adc.o
 .text.LL_AHB1_GRP1_EnableClock
                0x0000000008000dc8       0x30 ./Src/adc.o
 .text.MX_ADC1_Init
                0x0000000008000df8      0x110 ./Src/adc.o
                0x0000000008000df8                MX_ADC1_Init
 .text.NVIC_EnableIRQ
                0x0000000008000f08       0x34 ./Src/dma.o
 .text.NVIC_SetPriority
                0x0000000008000f3c       0x54 ./Src/dma.o
 .text.LL_AHB1_GRP1_EnableClock
                0x0000000008000f90       0x30 ./Src/dma.o
 .text.MX_DMA_Init
                0x0000000008000fc0       0x2a ./Src/dma.o
                0x0000000008000fc0                MX_DMA_Init
 *fill*         0x0000000008000fea        0x2 
 .text.LL_AHB1_GRP1_EnableClock
                0x0000000008000fec       0x30 ./Src/gpio.o
 .text.LL_GPIO_SetPinMode
                0x000000000800101c       0x5a ./Src/gpio.o
 .text.LL_GPIO_SetPinSpeed
                0x0000000008001076       0x5a ./Src/gpio.o
 .text.LL_GPIO_SetPinPull
                0x00000000080010d0       0x5a ./Src/gpio.o
 .text.LL_GPIO_SetAFPin_0_7
                0x000000000800112a       0x5a ./Src/gpio.o
 .text.LL_GPIO_ResetOutputPin
                0x0000000008001184       0x1c ./Src/gpio.o
 .text.MX_GPIO_Init
                0x00000000080011a0       0x8c ./Src/gpio.o
                0x00000000080011a0                MX_GPIO_Init
 .text.NVIC_SetPriorityGrouping
                0x000000000800122c       0x48 ./Src/main.o
 .text.LL_RCC_HSI_Enable
                0x0000000008001274       0x20 ./Src/main.o
 .text.LL_RCC_HSI_IsReady
                0x0000000008001294       0x24 ./Src/main.o
 .text.LL_RCC_HSI_SetCalibTrimming
                0x00000000080012b8       0x2c ./Src/main.o
 .text.LL_RCC_SetSysClkSource
                0x00000000080012e4       0x28 ./Src/main.o
 .text.LL_RCC_GetSysClkSource
                0x000000000800130c       0x1c ./Src/main.o
 .text.LL_RCC_SetAHBPrescaler
                0x0000000008001328       0x28 ./Src/main.o
 .text.LL_RCC_SetAPB1Prescaler
                0x0000000008001350       0x28 ./Src/main.o
 .text.LL_RCC_SetAPB2Prescaler
                0x0000000008001378       0x28 ./Src/main.o
 .text.LL_APB1_GRP1_EnableClock
                0x00000000080013a0       0x30 ./Src/main.o
 .text.LL_APB2_GRP1_EnableClock
                0x00000000080013d0       0x30 ./Src/main.o
 .text.LL_FLASH_SetLatency
                0x0000000008001400       0x28 ./Src/main.o
 .text.LL_FLASH_GetLatency
                0x0000000008001428       0x1c ./Src/main.o
 .text.LL_SYSTICK_SetClkSource
                0x0000000008001444       0x38 ./Src/main.o
 .text.LL_TIM_GetCounter
                0x000000000800147c       0x18 ./Src/main.o
 .text.LL_TIM_GetAutoReload
                0x0000000008001494       0x18 ./Src/main.o
 .text.LL_TIM_OC_SetCompareCH1
                0x00000000080014ac       0x1c ./Src/main.o
 .text.LL_TIM_OC_GetCompareCH1
                0x00000000080014c8       0x18 ./Src/main.o
 .text.main     0x00000000080014e0       0x94 ./Src/main.o
                0x00000000080014e0                main
 .text.SystemClock_Config
                0x0000000008001574       0x6c ./Src/main.o
                0x0000000008001574                SystemClock_Config
 .text.setDutyCycle
                0x00000000080015e0       0x40 ./Src/main.o
                0x00000000080015e0                setDutyCycle
 .text.processDmaData
                0x0000000008001620      0x1b8 ./Src/main.o
                0x0000000008001620                processDmaData
 .text.compareTwoStrings
                0x00000000080017d8       0x4c ./Src/main.o
                0x00000000080017d8                compareTwoStrings
 .text.TimerCaptureCompare_Callback
                0x0000000008001824       0x54 ./Src/main.o
                0x0000000008001824                TimerCaptureCompare_Callback
 .text.Error_Handler
                0x0000000008001878        0xe ./Src/main.o
                0x0000000008001878                Error_Handler
 *fill*         0x0000000008001886        0x2 
 .text.LL_DMA_DisableChannel
                0x0000000008001888       0x40 ./Src/stm32f3xx_it.o
 .text.LL_DMA_IsActiveFlag_TC6
                0x00000000080018c8       0x28 ./Src/stm32f3xx_it.o
 .text.LL_DMA_IsActiveFlag_TC7
                0x00000000080018f0       0x28 ./Src/stm32f3xx_it.o
 .text.LL_DMA_IsActiveFlag_HT6
                0x0000000008001918       0x28 ./Src/stm32f3xx_it.o
 .text.LL_DMA_ClearFlag_TC6
                0x0000000008001940       0x1c ./Src/stm32f3xx_it.o
 .text.LL_DMA_ClearFlag_TC7
                0x000000000800195c       0x1c ./Src/stm32f3xx_it.o
 .text.LL_DMA_ClearFlag_HT6
                0x0000000008001978       0x1c ./Src/stm32f3xx_it.o
 .text.LL_TIM_ClearFlag_CC1
                0x0000000008001994       0x1c ./Src/stm32f3xx_it.o
 .text.LL_TIM_IsActiveFlag_CC1
                0x00000000080019b0       0x26 ./Src/stm32f3xx_it.o
 .text.LL_USART_IsActiveFlag_IDLE
                0x00000000080019d6       0x26 ./Src/stm32f3xx_it.o
 .text.LL_USART_IsActiveFlag_TC
                0x00000000080019fc       0x26 ./Src/stm32f3xx_it.o
 .text.LL_USART_ClearFlag_IDLE
                0x0000000008001a22       0x1a ./Src/stm32f3xx_it.o
 .text.NMI_Handler
                0x0000000008001a3c        0xe ./Src/stm32f3xx_it.o
                0x0000000008001a3c                NMI_Handler
 .text.HardFault_Handler
                0x0000000008001a4a        0x6 ./Src/stm32f3xx_it.o
                0x0000000008001a4a                HardFault_Handler
 .text.MemManage_Handler
                0x0000000008001a50        0x6 ./Src/stm32f3xx_it.o
                0x0000000008001a50                MemManage_Handler
 .text.BusFault_Handler
                0x0000000008001a56        0x6 ./Src/stm32f3xx_it.o
                0x0000000008001a56                BusFault_Handler
 .text.UsageFault_Handler
                0x0000000008001a5c        0x6 ./Src/stm32f3xx_it.o
                0x0000000008001a5c                UsageFault_Handler
 .text.SVC_Handler
                0x0000000008001a62        0xe ./Src/stm32f3xx_it.o
                0x0000000008001a62                SVC_Handler
 .text.DebugMon_Handler
                0x0000000008001a70        0xe ./Src/stm32f3xx_it.o
                0x0000000008001a70                DebugMon_Handler
 .text.PendSV_Handler
                0x0000000008001a7e        0xe ./Src/stm32f3xx_it.o
                0x0000000008001a7e                PendSV_Handler
 .text.SysTick_Handler
                0x0000000008001a8c        0xe ./Src/stm32f3xx_it.o
                0x0000000008001a8c                SysTick_Handler
 .text.TIM2_IRQHandler
                0x0000000008001a9a       0x22 ./Src/stm32f3xx_it.o
                0x0000000008001a9a                TIM2_IRQHandler
 .text.DMA1_Channel6_IRQHandler
                0x0000000008001abc       0x3c ./Src/stm32f3xx_it.o
                0x0000000008001abc                DMA1_Channel6_IRQHandler
 .text.DMA1_Channel7_IRQHandler
                0x0000000008001af8       0x38 ./Src/stm32f3xx_it.o
                0x0000000008001af8                DMA1_Channel7_IRQHandler
 .text.USART2_IRQHandler
                0x0000000008001b30       0x24 ./Src/stm32f3xx_it.o
                0x0000000008001b30                USART2_IRQHandler
 .text.SystemInit
                0x0000000008001b54       0x94 ./Src/system_stm32f3xx.o
                0x0000000008001b54                SystemInit
 .text.NVIC_GetPriorityGrouping
                0x0000000008001be8       0x1c ./Src/tim.o
 .text.NVIC_EnableIRQ
                0x0000000008001c04       0x34 ./Src/tim.o
 .text.NVIC_SetPriority
                0x0000000008001c38       0x54 ./Src/tim.o
 .text.NVIC_EncodePriority
                0x0000000008001c8c       0x66 ./Src/tim.o
 *fill*         0x0000000008001cf2        0x2 
 .text.LL_APB1_GRP1_EnableClock
                0x0000000008001cf4       0x30 ./Src/tim.o
 .text.LL_TIM_EnableCounter
                0x0000000008001d24       0x20 ./Src/tim.o
 .text.LL_TIM_EnableARRPreload
                0x0000000008001d44       0x20 ./Src/tim.o
 .text.LL_TIM_SetPrescaler
                0x0000000008001d64       0x1c ./Src/tim.o
 .text.LL_TIM_GetPrescaler
                0x0000000008001d80       0x18 ./Src/tim.o
 .text.LL_TIM_SetAutoReload
                0x0000000008001d98       0x1c ./Src/tim.o
 .text.LL_TIM_GetAutoReload
                0x0000000008001db4       0x18 ./Src/tim.o
 .text.LL_TIM_CC_EnableChannel
                0x0000000008001dcc       0x22 ./Src/tim.o
 *fill*         0x0000000008001dee        0x2 
 .text.LL_TIM_OC_SetMode
                0x0000000008001df0       0xb0 ./Src/tim.o
 .text.LL_TIM_OC_EnablePreload
                0x0000000008001ea0       0x9c ./Src/tim.o
 .text.LL_TIM_OC_SetCompareCH1
                0x0000000008001f3c       0x1c ./Src/tim.o
 .text.LL_TIM_EnableIT_CC1
                0x0000000008001f58       0x20 ./Src/tim.o
 .text.LL_TIM_GenerateEvent_UPDATE
                0x0000000008001f78       0x20 ./Src/tim.o
 .text.MX_TIM2_Init
                0x0000000008001f98      0x104 ./Src/tim.o
                0x0000000008001f98                MX_TIM2_Init
 .text.NVIC_EnableIRQ
                0x000000000800209c       0x34 ./Src/usart.o
 .text.NVIC_SetPriority
                0x00000000080020d0       0x54 ./Src/usart.o
 .text.LL_AHB1_GRP1_EnableClock
                0x0000000008002124       0x30 ./Src/usart.o
 .text.LL_APB1_GRP1_EnableClock
                0x0000000008002154       0x30 ./Src/usart.o
 .text.LL_DMA_EnableChannel
                0x0000000008002184       0x40 ./Src/usart.o
 .text.LL_DMA_SetDataTransferDirection
                0x00000000080021c4       0x4c ./Src/usart.o
 .text.LL_DMA_GetDataTransferDirection
                0x0000000008002210       0x30 ./Src/usart.o
 .text.LL_DMA_SetMode
                0x0000000008002240       0x48 ./Src/usart.o
 .text.LL_DMA_SetPeriphIncMode
                0x0000000008002288       0x48 ./Src/usart.o
 .text.LL_DMA_SetMemoryIncMode
                0x00000000080022d0       0x48 ./Src/usart.o
 .text.LL_DMA_SetPeriphSize
                0x0000000008002318       0x48 ./Src/usart.o
 .text.LL_DMA_SetMemorySize
                0x0000000008002360       0x48 ./Src/usart.o
 .text.LL_DMA_SetChannelPriorityLevel
                0x00000000080023a8       0x48 ./Src/usart.o
 .text.LL_DMA_SetDataLength
                0x00000000080023f0       0x48 ./Src/usart.o
 .text.LL_DMA_GetDataLength
                0x0000000008002438       0x2c ./Src/usart.o
 .text.LL_DMA_ConfigAddresses
                0x0000000008002464       0x78 ./Src/usart.o
 .text.LL_DMA_SetPeriphAddress
                0x00000000080024dc       0x30 ./Src/usart.o
 .text.LL_DMA_EnableIT_TC
                0x000000000800250c       0x40 ./Src/usart.o
 .text.LL_DMA_EnableIT_HT
                0x000000000800254c       0x40 ./Src/usart.o
 .text.LL_DMA_EnableIT_TE
                0x000000000800258c       0x40 ./Src/usart.o
 .text.LL_USART_Enable
                0x00000000080025cc       0x20 ./Src/usart.o
 .text.LL_USART_ConfigAsyncMode
                0x00000000080025ec       0x2c ./Src/usart.o
 .text.LL_USART_EnableIT_IDLE
                0x0000000008002618       0x20 ./Src/usart.o
 .text.LL_USART_DisableIT_CTS
                0x0000000008002638       0x20 ./Src/usart.o
 .text.LL_USART_EnableDMAReq_RX
                0x0000000008002658       0x20 ./Src/usart.o
 .text.LL_USART_EnableDMAReq_TX
                0x0000000008002678       0x20 ./Src/usart.o
 .text.LL_USART_DMA_GetRegAddr
                0x0000000008002698       0x2c ./Src/usart.o
 .text.USART2_RegisterCallback
                0x00000000080026c4       0x30 ./Src/usart.o
                0x00000000080026c4                USART2_RegisterCallback
 .text.MX_USART2_UART_Init
                0x00000000080026f4      0x1c4 ./Src/usart.o
                0x00000000080026f4                MX_USART2_UART_Init
 .text.USART2_CheckDmaReception
                0x00000000080028b8       0xb0 ./Src/usart.o
                0x00000000080028b8                USART2_CheckDmaReception
 .text.Reset_Handler
                0x0000000008002968       0x50 ./Startup/startup_stm32f303k8tx.o
                0x0000000008002968                Reset_Handler
 .text.Default_Handler
                0x00000000080029b8        0x2 ./Startup/startup_stm32f303k8tx.o
                0x00000000080029b8                RTC_Alarm_IRQHandler
                0x00000000080029b8                TIM1_CC_IRQHandler
                0x00000000080029b8                PVD_IRQHandler
                0x00000000080029b8                TAMP_STAMP_IRQHandler
                0x00000000080029b8                EXTI3_IRQHandler
                0x00000000080029b8                EXTI0_IRQHandler
                0x00000000080029b8                FPU_IRQHandler
                0x00000000080029b8                CAN_TX_IRQHandler
                0x00000000080029b8                TIM1_UP_TIM16_IRQHandler
                0x00000000080029b8                ADC1_2_IRQHandler
                0x00000000080029b8                SPI1_IRQHandler
                0x00000000080029b8                CAN_SCE_IRQHandler
                0x00000000080029b8                DMA1_Channel4_IRQHandler
                0x00000000080029b8                USART3_IRQHandler
                0x00000000080029b8                TIM7_DAC2_IRQHandler
                0x00000000080029b8                CAN_RX1_IRQHandler
                0x00000000080029b8                I2C1_EV_IRQHandler
                0x00000000080029b8                TIM3_IRQHandler
                0x00000000080029b8                RCC_IRQHandler
                0x00000000080029b8                DMA1_Channel1_IRQHandler
                0x00000000080029b8                Default_Handler
                0x00000000080029b8                EXTI15_10_IRQHandler
                0x00000000080029b8                COMP2_IRQHandler
                0x00000000080029b8                TIM6_DAC1_IRQHandler
                0x00000000080029b8                EXTI9_5_IRQHandler
                0x00000000080029b8                RTC_WKUP_IRQHandler
                0x00000000080029b8                DMA1_Channel5_IRQHandler
                0x00000000080029b8                EXTI4_IRQHandler
                0x00000000080029b8                TIM1_TRG_COM_TIM17_IRQHandler
                0x00000000080029b8                DMA1_Channel3_IRQHandler
                0x00000000080029b8                WWDG_IRQHandler
                0x00000000080029b8                EXTI1_IRQHandler
                0x00000000080029b8                COMP4_6_IRQHandler
                0x00000000080029b8                DMA1_Channel2_IRQHandler
                0x00000000080029b8                FLASH_IRQHandler
                0x00000000080029b8                USART1_IRQHandler
                0x00000000080029b8                CAN_RX0_IRQHandler
                0x00000000080029b8                I2C1_ER_IRQHandler
                0x00000000080029b8                EXTI2_TSC_IRQHandler
                0x00000000080029b8                TIM1_BRK_TIM15_IRQHandler
 *fill*         0x00000000080029ba        0x2 
 .text.__libc_init_array
                0x00000000080029bc       0x48 d:/stm32ide/stm32cubeide_1.7.0/stm32cubeide/plugins/com.st.stm32cube.ide.mcu.externaltools.gnu-tools-for-stm32.9-2020-q2-update.win32_2.0.0.202105311346/tools/bin/../lib/gcc/arm-none-eabi/9.3.1/../../../../arm-none-eabi/lib/thumb/v7e-m+fp/hard\libc_nano.a(lib_a-init.o)
                0x00000000080029bc                __libc_init_array
 .text.memset   0x0000000008002a04       0x10 d:/stm32ide/stm32cubeide_1.7.0/stm32cubeide/plugins/com.st.stm32cube.ide.mcu.externaltools.gnu-tools-for-stm32.9-2020-q2-update.win32_2.0.0.202105311346/tools/bin/../lib/gcc/arm-none-eabi/9.3.1/../../../../arm-none-eabi/lib/thumb/v7e-m+fp/hard\libc_nano.a(lib_a-memset.o)
                0x0000000008002a04                memset
 *(.glue_7)
 .glue_7        0x0000000008002a14        0x0 linker stubs
 *(.glue_7t)
 .glue_7t       0x0000000008002a14        0x0 linker stubs
 *(.eh_frame)
 .eh_frame      0x0000000008002a14        0x0 d:/stm32ide/stm32cubeide_1.7.0/stm32cubeide/plugins/com.st.stm32cube.ide.mcu.externaltools.gnu-tools-for-stm32.9-2020-q2-update.win32_2.0.0.202105311346/tools/bin/../lib/gcc/arm-none-eabi/9.3.1/thumb/v7e-m+fp/hard/crtbegin.o
 *(.init)
 .init          0x0000000008002a14        0x4 d:/stm32ide/stm32cubeide_1.7.0/stm32cubeide/plugins/com.st.stm32cube.ide.mcu.externaltools.gnu-tools-for-stm32.9-2020-q2-update.win32_2.0.0.202105311346/tools/bin/../lib/gcc/arm-none-eabi/9.3.1/thumb/v7e-m+fp/hard/crti.o
                0x0000000008002a14                _init
 .init          0x0000000008002a18        0x8 d:/stm32ide/stm32cubeide_1.7.0/stm32cubeide/plugins/com.st.stm32cube.ide.mcu.externaltools.gnu-tools-for-stm32.9-2020-q2-update.win32_2.0.0.202105311346/tools/bin/../lib/gcc/arm-none-eabi/9.3.1/thumb/v7e-m+fp/hard/crtn.o
 *(.fini)
 .fini          0x0000000008002a20        0x4 d:/stm32ide/stm32cubeide_1.7.0/stm32cubeide/plugins/com.st.stm32cube.ide.mcu.externaltools.gnu-tools-for-stm32.9-2020-q2-update.win32_2.0.0.202105311346/tools/bin/../lib/gcc/arm-none-eabi/9.3.1/thumb/v7e-m+fp/hard/crti.o
                0x0000000008002a20                _fini
 .fini          0x0000000008002a24        0x8 d:/stm32ide/stm32cubeide_1.7.0/stm32cubeide/plugins/com.st.stm32cube.ide.mcu.externaltools.gnu-tools-for-stm32.9-2020-q2-update.win32_2.0.0.202105311346/tools/bin/../lib/gcc/arm-none-eabi/9.3.1/thumb/v7e-m+fp/hard/crtn.o
                0x0000000008002a2c                . = ALIGN (0x4)
                0x0000000008002a2c                _etext = .

.vfp11_veneer   0x0000000008002a2c        0x0
 .vfp11_veneer  0x0000000008002a2c        0x0 linker stubs

.v4_bx          0x0000000008002a2c        0x0
 .v4_bx         0x0000000008002a2c        0x0 linker stubs

.iplt           0x0000000008002a2c        0x0
 .iplt          0x0000000008002a2c        0x0 d:/stm32ide/stm32cubeide_1.7.0/stm32cubeide/plugins/com.st.stm32cube.ide.mcu.externaltools.gnu-tools-for-stm32.9-2020-q2-update.win32_2.0.0.202105311346/tools/bin/../lib/gcc/arm-none-eabi/9.3.1/thumb/v7e-m+fp/hard/crtbegin.o

.rodata         0x0000000008002a2c       0x50
                0x0000000008002a2c                . = ALIGN (0x4)
 *(.rodata)
 .rodata        0x0000000008002a2c        0xd ./Src/main.o
 *(.rodata*)
 *fill*         0x0000000008002a39        0x3 
 .rodata.CHANNEL_OFFSET_TAB
                0x0000000008002a3c        0x7 ./Src/stm32f3xx_it.o
 *fill*         0x0000000008002a43        0x1 
 .rodata.AHBPrescTable
                0x0000000008002a44       0x10 ./Src/system_stm32f3xx.o
                0x0000000008002a44                AHBPrescTable
 .rodata.APBPrescTable
                0x0000000008002a54        0x8 ./Src/system_stm32f3xx.o
                0x0000000008002a54                APBPrescTable
 .rodata.OFFSET_TAB_CCMRx
                0x0000000008002a5c        0x9 ./Src/tim.o
 *fill*         0x0000000008002a65        0x3 
 .rodata.SHIFT_TAB_OCxx
                0x0000000008002a68        0x9 ./Src/tim.o
 *fill*         0x0000000008002a71        0x3 
 .rodata.CHANNEL_OFFSET_TAB
                0x0000000008002a74        0x7 ./Src/usart.o
                0x0000000008002a7c                . = ALIGN (0x4)
 *fill*         0x0000000008002a7b        0x1 

.rel.dyn        0x0000000008002a7c        0x0
 .rel.iplt      0x0000000008002a7c        0x0 d:/stm32ide/stm32cubeide_1.7.0/stm32cubeide/plugins/com.st.stm32cube.ide.mcu.externaltools.gnu-tools-for-stm32.9-2020-q2-update.win32_2.0.0.202105311346/tools/bin/../lib/gcc/arm-none-eabi/9.3.1/thumb/v7e-m+fp/hard/crtbegin.o

.ARM.extab      0x0000000008002a7c        0x0
                0x0000000008002a7c                . = ALIGN (0x4)
 *(.ARM.extab* .gnu.linkonce.armextab.*)
                0x0000000008002a7c                . = ALIGN (0x4)

.ARM            0x0000000008002a7c        0x0
                0x0000000008002a7c                . = ALIGN (0x4)
                0x0000000008002a7c                __exidx_start = .
 *(.ARM.exidx*)
                0x0000000008002a7c                __exidx_end = .
                0x0000000008002a7c                . = ALIGN (0x4)

.preinit_array  0x0000000008002a7c        0x0
                0x0000000008002a7c                . = ALIGN (0x4)
                0x0000000008002a7c                PROVIDE (__preinit_array_start = .)
 *(.preinit_array*)
                0x0000000008002a7c                PROVIDE (__preinit_array_end = .)
                0x0000000008002a7c                . = ALIGN (0x4)

.init_array     0x0000000008002a7c        0x4
                0x0000000008002a7c                . = ALIGN (0x4)
                0x0000000008002a7c                PROVIDE (__init_array_start = .)
 *(SORT_BY_NAME(.init_array.*))
 *(.init_array*)
 .init_array    0x0000000008002a7c        0x4 d:/stm32ide/stm32cubeide_1.7.0/stm32cubeide/plugins/com.st.stm32cube.ide.mcu.externaltools.gnu-tools-for-stm32.9-2020-q2-update.win32_2.0.0.202105311346/tools/bin/../lib/gcc/arm-none-eabi/9.3.1/thumb/v7e-m+fp/hard/crtbegin.o
                0x0000000008002a80                PROVIDE (__init_array_end = .)
                0x0000000008002a80                . = ALIGN (0x4)

.fini_array     0x0000000008002a80        0x4
                0x0000000008002a80                . = ALIGN (0x4)
                [!provide]                        PROVIDE (__fini_array_start = .)
 *(SORT_BY_NAME(.fini_array.*))
 *(.fini_array*)
 .fini_array    0x0000000008002a80        0x4 d:/stm32ide/stm32cubeide_1.7.0/stm32cubeide/plugins/com.st.stm32cube.ide.mcu.externaltools.gnu-tools-for-stm32.9-2020-q2-update.win32_2.0.0.202105311346/tools/bin/../lib/gcc/arm-none-eabi/9.3.1/thumb/v7e-m+fp/hard/crtbegin.o
                [!provide]                        PROVIDE (__fini_array_end = .)
                0x0000000008002a84                . = ALIGN (0x4)
                0x0000000008002a84                _sidata = LOADADDR (.data)

.data           0x0000000020000000        0x8 load address 0x0000000008002a84
                0x0000000020000000                . = ALIGN (0x4)
                0x0000000020000000                _sdata = .
 *(.data)
 *(.data*)
 .data.SystemCoreClock
                0x0000000020000000        0x4 ./Src/system_stm32f3xx.o
                0x0000000020000000                SystemCoreClock
 .data.TimOutClock
                0x0000000020000004        0x4 ./Src/tim.o
                0x0000000020000008                . = ALIGN (0x4)
                0x0000000020000008                _edata = .

.igot.plt       0x0000000020000008        0x0 load address 0x0000000008002a8c
 .igot.plt      0x0000000020000008        0x0 d:/stm32ide/stm32cubeide_1.7.0/stm32cubeide/plugins/com.st.stm32cube.ide.mcu.externaltools.gnu-tools-for-stm32.9-2020-q2-update.win32_2.0.0.202105311346/tools/bin/../lib/gcc/arm-none-eabi/9.3.1/thumb/v7e-m+fp/hard/crtbegin.o
                0x0000000020000008                . = ALIGN (0x4)

.bss            0x0000000020000008       0x44 load address 0x0000000008002a8c
                0x0000000020000008                _sbss = .
                0x0000000020000008                __bss_start__ = _sbss
 *(.bss)
 .bss           0x0000000020000008       0x1c d:/stm32ide/stm32cubeide_1.7.0/stm32cubeide/plugins/com.st.stm32cube.ide.mcu.externaltools.gnu-tools-for-stm32.9-2020-q2-update.win32_2.0.0.202105311346/tools/bin/../lib/gcc/arm-none-eabi/9.3.1/thumb/v7e-m+fp/hard/crtbegin.o
 *(.bss*)
 .bss.listen    0x0000000020000024        0x1 ./Src/main.o
                0x0000000020000024                listen
 *fill*         0x0000000020000025        0x3 
 .bss.uwMeasuredDutyCycle
                0x0000000020000028        0x4 ./Src/main.o
                0x0000000020000028                uwMeasuredDutyCycle
 .bss.rezim     0x000000002000002c        0x1 ./Src/main.o
 *fill*         0x000000002000002d        0x3 
 .bss.USART2_ProcessData
                0x0000000020000030        0x4 ./Src/usart.o
 .bss.old_pos.10181
                0x0000000020000034        0x2 ./Src/usart.o
 *(COMMON)
 *fill*         0x0000000020000036        0x2 
 COMMON         0x0000000020000038       0x14 ./Src/usart.o
                0x0000000020000038                bufferUSART2dma
                0x000000002000004c                . = ALIGN (0x4)
                0x000000002000004c                _ebss = .
                0x000000002000004c                __bss_end__ = _ebss

._user_heap_stack
                0x000000002000004c      0x604 load address 0x0000000008002a8c
                0x0000000020000050                . = ALIGN (0x8)
 *fill*         0x000000002000004c        0x4 
                0x0000000020000050                PROVIDE (end = .)
                [!provide]                        PROVIDE (_end = .)
                0x0000000020000250                . = (. + _Min_Heap_Size)
 *fill*         0x0000000020000050      0x200 
                0x0000000020000650                . = (. + _Min_Stack_Size)
 *fill*         0x0000000020000250      0x400 
                0x0000000020000650                . = ALIGN (0x8)

/DISCARD/
 libc.a(*)
 libm.a(*)
 libgcc.a(*)

.ARM.attributes
                0x0000000000000000       0x30
 *(.ARM.attributes)
 .ARM.attributes
                0x0000000000000000       0x1e d:/stm32ide/stm32cubeide_1.7.0/stm32cubeide/plugins/com.st.stm32cube.ide.mcu.externaltools.gnu-tools-for-stm32.9-2020-q2-update.win32_2.0.0.202105311346/tools/bin/../lib/gcc/arm-none-eabi/9.3.1/thumb/v7e-m+fp/hard/crti.o
 .ARM.attributes
                0x000000000000001e       0x34 d:/stm32ide/stm32cubeide_1.7.0/stm32cubeide/plugins/com.st.stm32cube.ide.mcu.externaltools.gnu-tools-for-stm32.9-2020-q2-update.win32_2.0.0.202105311346/tools/bin/../lib/gcc/arm-none-eabi/9.3.1/thumb/v7e-m+fp/hard/crtbegin.o
 .ARM.attributes
                0x0000000000000052       0x34 ./Drivers/STM32F3xx_HAL_Driver/Src/stm32f3xx_ll_adc.o
 .ARM.attributes
                0x0000000000000086       0x34 ./Drivers/STM32F3xx_HAL_Driver/Src/stm32f3xx_ll_gpio.o
 .ARM.attributes
                0x00000000000000ba       0x34 ./Drivers/STM32F3xx_HAL_Driver/Src/stm32f3xx_ll_rcc.o
 .ARM.attributes
                0x00000000000000ee       0x34 ./Drivers/STM32F3xx_HAL_Driver/Src/stm32f3xx_ll_usart.o
 .ARM.attributes
                0x0000000000000122       0x34 ./Drivers/STM32F3xx_HAL_Driver/Src/stm32f3xx_ll_utils.o
 .ARM.attributes
                0x0000000000000156       0x34 ./Src/adc.o
 .ARM.attributes
                0x000000000000018a       0x34 ./Src/dma.o
 .ARM.attributes
                0x00000000000001be       0x34 ./Src/gpio.o
 .ARM.attributes
                0x00000000000001f2       0x34 ./Src/main.o
 .ARM.attributes
                0x0000000000000226       0x34 ./Src/stm32f3xx_it.o
 .ARM.attributes
                0x000000000000025a       0x34 ./Src/system_stm32f3xx.o
 .ARM.attributes
                0x000000000000028e       0x34 ./Src/tim.o
 .ARM.attributes
                0x00000000000002c2       0x34 ./Src/usart.o
 .ARM.attributes
                0x00000000000002f6       0x21 ./Startup/startup_stm32f303k8tx.o
 .ARM.attributes
                0x0000000000000317       0x34 d:/stm32ide/stm32cubeide_1.7.0/stm32cubeide/plugins/com.st.stm32cube.ide.mcu.externaltools.gnu-tools-for-stm32.9-2020-q2-update.win32_2.0.0.202105311346/tools/bin/../lib/gcc/arm-none-eabi/9.3.1/../../../../arm-none-eabi/lib/thumb/v7e-m+fp/hard\libc_nano.a(lib_a-init.o)
 .ARM.attributes
                0x000000000000034b       0x34 d:/stm32ide/stm32cubeide_1.7.0/stm32cubeide/plugins/com.st.stm32cube.ide.mcu.externaltools.gnu-tools-for-stm32.9-2020-q2-update.win32_2.0.0.202105311346/tools/bin/../lib/gcc/arm-none-eabi/9.3.1/../../../../arm-none-eabi/lib/thumb/v7e-m+fp/hard\libc_nano.a(lib_a-memset.o)
 .ARM.attributes
                0x000000000000037f       0x1e d:/stm32ide/stm32cubeide_1.7.0/stm32cubeide/plugins/com.st.stm32cube.ide.mcu.externaltools.gnu-tools-for-stm32.9-2020-q2-update.win32_2.0.0.202105311346/tools/bin/../lib/gcc/arm-none-eabi/9.3.1/thumb/v7e-m+fp/hard/crtn.o
OUTPUT(ADC_TIM.elf elf32-littlearm)
LOAD linker stubs
LOAD d:/stm32ide/stm32cubeide_1.7.0/stm32cubeide/plugins/com.st.stm32cube.ide.mcu.externaltools.gnu-tools-for-stm32.9-2020-q2-update.win32_2.0.0.202105311346/tools/bin/../lib/gcc/arm-none-eabi/9.3.1/../../../../arm-none-eabi/lib/thumb/v7e-m+fp/hard\libc.a
LOAD d:/stm32ide/stm32cubeide_1.7.0/stm32cubeide/plugins/com.st.stm32cube.ide.mcu.externaltools.gnu-tools-for-stm32.9-2020-q2-update.win32_2.0.0.202105311346/tools/bin/../lib/gcc/arm-none-eabi/9.3.1/../../../../arm-none-eabi/lib/thumb/v7e-m+fp/hard\libm.a
LOAD d:/stm32ide/stm32cubeide_1.7.0/stm32cubeide/plugins/com.st.stm32cube.ide.mcu.externaltools.gnu-tools-for-stm32.9-2020-q2-update.win32_2.0.0.202105311346/tools/bin/../lib/gcc/arm-none-eabi/9.3.1/thumb/v7e-m+fp/hard\libgcc.a

.debug_info     0x0000000000000000     0x82cc
 .debug_info    0x0000000000000000      0xacb ./Drivers/STM32F3xx_HAL_Driver/Src/stm32f3xx_ll_adc.o
 .debug_info    0x0000000000000acb      0x7ce ./Drivers/STM32F3xx_HAL_Driver/Src/stm32f3xx_ll_gpio.o
 .debug_info    0x0000000000001299      0x74c ./Drivers/STM32F3xx_HAL_Driver/Src/stm32f3xx_ll_rcc.o
 .debug_info    0x00000000000019e5      0x729 ./Drivers/STM32F3xx_HAL_Driver/Src/stm32f3xx_ll_usart.o
 .debug_info    0x000000000000210e      0x87b ./Drivers/STM32F3xx_HAL_Driver/Src/stm32f3xx_ll_utils.o
 .debug_info    0x0000000000002989      0xadd ./Src/adc.o
 .debug_info    0x0000000000003466      0x76b ./Src/dma.o
 .debug_info    0x0000000000003bd1      0x6a7 ./Src/gpio.o
 .debug_info    0x0000000000004278     0x165c ./Src/main.o
 .debug_info    0x00000000000058d4      0x7d8 ./Src/stm32f3xx_it.o
 .debug_info    0x00000000000060ac      0x439 ./Src/system_stm32f3xx.o
 .debug_info    0x00000000000064e5      0xc1a ./Src/tim.o
 .debug_info    0x00000000000070ff     0x11ab ./Src/usart.o
 .debug_info    0x00000000000082aa       0x22 ./Startup/startup_stm32f303k8tx.o

.debug_abbrev   0x0000000000000000     0x1b52
 .debug_abbrev  0x0000000000000000      0x1c2 ./Drivers/STM32F3xx_HAL_Driver/Src/stm32f3xx_ll_adc.o
 .debug_abbrev  0x00000000000001c2      0x23b ./Drivers/STM32F3xx_HAL_Driver/Src/stm32f3xx_ll_gpio.o
 .debug_abbrev  0x00000000000003fd      0x261 ./Drivers/STM32F3xx_HAL_Driver/Src/stm32f3xx_ll_rcc.o
 .debug_abbrev  0x000000000000065e      0x1d7 ./Drivers/STM32F3xx_HAL_Driver/Src/stm32f3xx_ll_usart.o
 .debug_abbrev  0x0000000000000835      0x293 ./Drivers/STM32F3xx_HAL_Driver/Src/stm32f3xx_ll_utils.o
 .debug_abbrev  0x0000000000000ac8      0x21e ./Src/adc.o
 .debug_abbrev  0x0000000000000ce6      0x1a0 ./Src/dma.o
 .debug_abbrev  0x0000000000000e86      0x1dd ./Src/gpio.o
 .debug_abbrev  0x0000000000001063      0x3bc ./Src/main.o
 .debug_abbrev  0x000000000000141f      0x1d1 ./Src/stm32f3xx_it.o
 .debug_abbrev  0x00000000000015f0      0x129 ./Src/system_stm32f3xx.o
 .debug_abbrev  0x0000000000001719      0x1c7 ./Src/tim.o
 .debug_abbrev  0x00000000000018e0      0x260 ./Src/usart.o
 .debug_abbrev  0x0000000000001b40       0x12 ./Startup/startup_stm32f303k8tx.o

.debug_aranges  0x0000000000000000      0x8c0
 .debug_aranges
                0x0000000000000000       0xe0 ./Drivers/STM32F3xx_HAL_Driver/Src/stm32f3xx_ll_adc.o
 .debug_aranges
                0x00000000000000e0       0x70 ./Drivers/STM32F3xx_HAL_Driver/Src/stm32f3xx_ll_gpio.o
 .debug_aranges
                0x0000000000000150      0x100 ./Drivers/STM32F3xx_HAL_Driver/Src/stm32f3xx_ll_rcc.o
 .debug_aranges
                0x0000000000000250       0x88 ./Drivers/STM32F3xx_HAL_Driver/Src/stm32f3xx_ll_usart.o
 .debug_aranges
                0x00000000000002d8       0xf0 ./Drivers/STM32F3xx_HAL_Driver/Src/stm32f3xx_ll_utils.o
 .debug_aranges
                0x00000000000003c8       0x98 ./Src/adc.o
 .debug_aranges
                0x0000000000000460       0x38 ./Src/dma.o
 .debug_aranges
                0x0000000000000498       0x50 ./Src/gpio.o
 .debug_aranges
                0x00000000000004e8       0xe8 ./Src/main.o
 .debug_aranges
                0x00000000000005d0       0xe0 ./Src/stm32f3xx_it.o
 .debug_aranges
                0x00000000000006b0       0x28 ./Src/system_stm32f3xx.o
 .debug_aranges
                0x00000000000006d8       0xa8 ./Src/tim.o
 .debug_aranges
                0x0000000000000780      0x118 ./Src/usart.o
 .debug_aranges
                0x0000000000000898       0x28 ./Startup/startup_stm32f303k8tx.o

.debug_ranges   0x0000000000000000      0x808
 .debug_ranges  0x0000000000000000       0xd0 ./Drivers/STM32F3xx_HAL_Driver/Src/stm32f3xx_ll_adc.o
 .debug_ranges  0x00000000000000d0       0x60 ./Drivers/STM32F3xx_HAL_Driver/Src/stm32f3xx_ll_gpio.o
 .debug_ranges  0x0000000000000130       0xf0 ./Drivers/STM32F3xx_HAL_Driver/Src/stm32f3xx_ll_rcc.o
 .debug_ranges  0x0000000000000220       0x78 ./Drivers/STM32F3xx_HAL_Driver/Src/stm32f3xx_ll_usart.o
 .debug_ranges  0x0000000000000298       0xe0 ./Drivers/STM32F3xx_HAL_Driver/Src/stm32f3xx_ll_utils.o
 .debug_ranges  0x0000000000000378       0x88 ./Src/adc.o
 .debug_ranges  0x0000000000000400       0x28 ./Src/dma.o
 .debug_ranges  0x0000000000000428       0x40 ./Src/gpio.o
 .debug_ranges  0x0000000000000468       0xf8 ./Src/main.o
 .debug_ranges  0x0000000000000560       0xd0 ./Src/stm32f3xx_it.o
 .debug_ranges  0x0000000000000630       0x18 ./Src/system_stm32f3xx.o
 .debug_ranges  0x0000000000000648       0x98 ./Src/tim.o
 .debug_ranges  0x00000000000006e0      0x108 ./Src/usart.o
 .debug_ranges  0x00000000000007e8       0x20 ./Startup/startup_stm32f303k8tx.o

.debug_macro    0x0000000000000000    0x174ab
 .debug_macro   0x0000000000000000      0x17c ./Drivers/STM32F3xx_HAL_Driver/Src/stm32f3xx_ll_adc.o
 .debug_macro   0x000000000000017c      0xaa8 ./Drivers/STM32F3xx_HAL_Driver/Src/stm32f3xx_ll_adc.o
 .debug_macro   0x0000000000000c24       0x2f ./Drivers/STM32F3xx_HAL_Driver/Src/stm32f3xx_ll_adc.o
 .debug_macro   0x0000000000000c53       0x28 ./Drivers/STM32F3xx_HAL_Driver/Src/stm32f3xx_ll_adc.o
 .debug_macro   0x0000000000000c7b       0x22 ./Drivers/STM32F3xx_HAL_Driver/Src/stm32f3xx_ll_adc.o
 .debug_macro   0x0000000000000c9d       0x8e ./Drivers/STM32F3xx_HAL_Driver/Src/stm32f3xx_ll_adc.o
 .debug_macro   0x0000000000000d2b       0x51 ./Drivers/STM32F3xx_HAL_Driver/Src/stm32f3xx_ll_adc.o
 .debug_macro   0x0000000000000d7c      0x103 ./Drivers/STM32F3xx_HAL_Driver/Src/stm32f3xx_ll_adc.o
 .debug_macro   0x0000000000000e7f       0x6a ./Drivers/STM32F3xx_HAL_Driver/Src/stm32f3xx_ll_adc.o
 .debug_macro   0x0000000000000ee9      0x1df ./Drivers/STM32F3xx_HAL_Driver/Src/stm32f3xx_ll_adc.o
 .debug_macro   0x00000000000010c8       0x35 ./Drivers/STM32F3xx_HAL_Driver/Src/stm32f3xx_ll_adc.o
 .debug_macro   0x00000000000010fd       0x50 ./Drivers/STM32F3xx_HAL_Driver/Src/stm32f3xx_ll_adc.o
 .debug_macro   0x000000000000114d      0xd40 ./Drivers/STM32F3xx_HAL_Driver/Src/stm32f3xx_ll_adc.o
 .debug_macro   0x0000000000001e8d    0x10bf5 ./Drivers/STM32F3xx_HAL_Driver/Src/stm32f3xx_ll_adc.o
 .debug_macro   0x0000000000012a82       0x43 ./Drivers/STM32F3xx_HAL_Driver/Src/stm32f3xx_ll_adc.o
 .debug_macro   0x0000000000012ac5      0xd39 ./Drivers/STM32F3xx_HAL_Driver/Src/stm32f3xx_ll_adc.o
 .debug_macro   0x00000000000137fe       0xe5 ./Drivers/STM32F3xx_HAL_Driver/Src/stm32f3xx_ll_adc.o
 .debug_macro   0x00000000000138e3      0x10c ./Drivers/STM32F3xx_HAL_Driver/Src/stm32f3xx_ll_gpio.o
 .debug_macro   0x00000000000139ef      0x149 ./Drivers/STM32F3xx_HAL_Driver/Src/stm32f3xx_ll_gpio.o
 .debug_macro   0x0000000000013b38       0xff ./Drivers/STM32F3xx_HAL_Driver/Src/stm32f3xx_ll_rcc.o
 .debug_macro   0x0000000000013c37      0x4d1 ./Drivers/STM32F3xx_HAL_Driver/Src/stm32f3xx_ll_rcc.o
 .debug_macro   0x0000000000014108      0x13f ./Drivers/STM32F3xx_HAL_Driver/Src/stm32f3xx_ll_usart.o
 .debug_macro   0x0000000000014247      0x2f1 ./Drivers/STM32F3xx_HAL_Driver/Src/stm32f3xx_ll_usart.o
 .debug_macro   0x0000000000014538      0x4d7 ./Drivers/STM32F3xx_HAL_Driver/Src/stm32f3xx_ll_usart.o
 .debug_macro   0x0000000000014a0f      0x14a ./Drivers/STM32F3xx_HAL_Driver/Src/stm32f3xx_ll_utils.o
 .debug_macro   0x0000000000014b59       0x30 ./Drivers/STM32F3xx_HAL_Driver/Src/stm32f3xx_ll_utils.o
 .debug_macro   0x0000000000014b89      0x2a5 ./Drivers/STM32F3xx_HAL_Driver/Src/stm32f3xx_ll_utils.o
 .debug_macro   0x0000000000014e2e       0xaf ./Drivers/STM32F3xx_HAL_Driver/Src/stm32f3xx_ll_utils.o
 .debug_macro   0x0000000000014edd      0x155 ./Src/adc.o
 .debug_macro   0x0000000000015032      0x102 ./Src/adc.o
 .debug_macro   0x0000000000015134       0x28 ./Src/adc.o
 .debug_macro   0x000000000001515c      0x287 ./Src/adc.o
 .debug_macro   0x00000000000153e3      0x806 ./Src/adc.o
 .debug_macro   0x0000000000015be9      0x2f7 ./Src/adc.o
 .debug_macro   0x0000000000015ee0      0x14f ./Src/adc.o
 .debug_macro   0x000000000001602f       0x2e ./Src/adc.o
 .debug_macro   0x000000000001605d      0x155 ./Src/dma.o
 .debug_macro   0x00000000000161b2      0x155 ./Src/gpio.o
 .debug_macro   0x0000000000016307      0x296 ./Src/main.o
 .debug_macro   0x000000000001659d       0x10 ./Src/main.o
 .debug_macro   0x00000000000165ad       0x52 ./Src/main.o
 .debug_macro   0x00000000000165ff       0x18 ./Src/main.o
 .debug_macro   0x0000000000016617       0x3c ./Src/main.o
 .debug_macro   0x0000000000016653       0x34 ./Src/main.o
 .debug_macro   0x0000000000016687      0x174 ./Src/main.o
 .debug_macro   0x00000000000167fb      0x339 ./Src/main.o
 .debug_macro   0x0000000000016b34      0x119 ./Src/main.o
 .debug_macro   0x0000000000016c4d       0x16 ./Src/main.o
 .debug_macro   0x0000000000016c63       0x43 ./Src/main.o
 .debug_macro   0x0000000000016ca6       0x34 ./Src/main.o
 .debug_macro   0x0000000000016cda       0x10 ./Src/main.o
 .debug_macro   0x0000000000016cea       0x58 ./Src/main.o
 .debug_macro   0x0000000000016d42       0x71 ./Src/main.o
 .debug_macro   0x0000000000016db3       0x1c ./Src/main.o
 .debug_macro   0x0000000000016dcf      0x12a ./Src/main.o
 .debug_macro   0x0000000000016ef9       0x10 ./Src/main.o
 .debug_macro   0x0000000000016f09       0x35 ./Src/main.o
 .debug_macro   0x0000000000016f3e       0x20 ./Src/main.o
 .debug_macro   0x0000000000016f5e       0x16 ./Src/main.o
 .debug_macro   0x0000000000016f74       0x16 ./Src/main.o
 .debug_macro   0x0000000000016f8a       0x29 ./Src/main.o
 .debug_macro   0x0000000000016fb3      0x16c ./Src/stm32f3xx_it.o
 .debug_macro   0x000000000001711f       0xdc ./Src/system_stm32f3xx.o
 .debug_macro   0x00000000000171fb      0x155 ./Src/tim.o
 .debug_macro   0x0000000000017350      0x15b ./Src/usart.o

.debug_line     0x0000000000000000     0x6c4b
 .debug_line    0x0000000000000000      0x862 ./Drivers/STM32F3xx_HAL_Driver/Src/stm32f3xx_ll_adc.o
 .debug_line    0x0000000000000862      0x76d ./Drivers/STM32F3xx_HAL_Driver/Src/stm32f3xx_ll_gpio.o
 .debug_line    0x0000000000000fcf      0x921 ./Drivers/STM32F3xx_HAL_Driver/Src/stm32f3xx_ll_rcc.o
 .debug_line    0x00000000000018f0      0x6f6 ./Drivers/STM32F3xx_HAL_Driver/Src/stm32f3xx_ll_usart.o
 .debug_line    0x0000000000001fe6      0x915 ./Drivers/STM32F3xx_HAL_Driver/Src/stm32f3xx_ll_utils.o
 .debug_line    0x00000000000028fb      0x81a ./Src/adc.o
 .debug_line    0x0000000000003115      0x646 ./Src/dma.o
 .debug_line    0x000000000000375b      0x71c ./Src/gpio.o
 .debug_line    0x0000000000003e77      0xc39 ./Src/main.o
 .debug_line    0x0000000000004ab0      0x87f ./Src/stm32f3xx_it.o
 .debug_line    0x000000000000532f      0x515 ./Src/system_stm32f3xx.o
 .debug_line    0x0000000000005844      0x986 ./Src/tim.o
 .debug_line    0x00000000000061ca      0xa00 ./Src/usart.o
 .debug_line    0x0000000000006bca       0x81 ./Startup/startup_stm32f303k8tx.o

.debug_str      0x0000000000000000    0x815b4
 .debug_str     0x0000000000000000    0x6f26a ./Drivers/STM32F3xx_HAL_Driver/Src/stm32f3xx_ll_adc.o
                                      0x6f427 (size before relaxing)
 .debug_str     0x000000000006f26a      0xdac ./Drivers/STM32F3xx_HAL_Driver/Src/stm32f3xx_ll_gpio.o
                                      0x64863 (size before relaxing)
 .debug_str     0x0000000000070016     0x282e ./Drivers/STM32F3xx_HAL_Driver/Src/stm32f3xx_ll_rcc.o
                                      0x65cd5 (size before relaxing)
 .debug_str     0x0000000000072844     0x1a25 ./Drivers/STM32F3xx_HAL_Driver/Src/stm32f3xx_ll_usart.o
                                      0x677e9 (size before relaxing)
 .debug_str     0x0000000000074269     0x2d2a ./Drivers/STM32F3xx_HAL_Driver/Src/stm32f3xx_ll_utils.o
                                      0x68545 (size before relaxing)
 .debug_str     0x0000000000076f93     0x5aa6 ./Src/adc.o
                                      0x7873c (size before relaxing)
 .debug_str     0x000000000007ca39      0x317 ./Src/dma.o
                                      0x786d9 (size before relaxing)
 .debug_str     0x000000000007cd50       0x3c ./Src/gpio.o
                                      0x7840c (size before relaxing)
 .debug_str     0x000000000007cd8c     0x4014 ./Src/main.o
                                      0x7c5d0 (size before relaxing)
 .debug_str     0x0000000000080da0      0x262 ./Src/stm32f3xx_it.o
                                      0x785cd (size before relaxing)
 .debug_str     0x0000000000081002       0xa0 ./Src/system_stm32f3xx.o
                                      0x63545 (size before relaxing)
 .debug_str     0x00000000000810a2      0x186 ./Src/tim.o
                                      0x7891b (size before relaxing)
 .debug_str     0x0000000000081228      0x35b ./Src/usart.o
                                      0x78bf5 (size before relaxing)
 .debug_str     0x0000000000081583       0x31 ./Startup/startup_stm32f303k8tx.o
                                         0x81 (size before relaxing)

.comment        0x0000000000000000       0x53
 .comment       0x0000000000000000       0x53 ./Drivers/STM32F3xx_HAL_Driver/Src/stm32f3xx_ll_adc.o
                                         0x54 (size before relaxing)
 .comment       0x0000000000000053       0x54 ./Drivers/STM32F3xx_HAL_Driver/Src/stm32f3xx_ll_gpio.o
 .comment       0x0000000000000053       0x54 ./Drivers/STM32F3xx_HAL_Driver/Src/stm32f3xx_ll_rcc.o
 .comment       0x0000000000000053       0x54 ./Drivers/STM32F3xx_HAL_Driver/Src/stm32f3xx_ll_usart.o
 .comment       0x0000000000000053       0x54 ./Drivers/STM32F3xx_HAL_Driver/Src/stm32f3xx_ll_utils.o
 .comment       0x0000000000000053       0x54 ./Src/adc.o
 .comment       0x0000000000000053       0x54 ./Src/dma.o
 .comment       0x0000000000000053       0x54 ./Src/gpio.o
 .comment       0x0000000000000053       0x54 ./Src/main.o
 .comment       0x0000000000000053       0x54 ./Src/stm32f3xx_it.o
 .comment       0x0000000000000053       0x54 ./Src/system_stm32f3xx.o
 .comment       0x0000000000000053       0x54 ./Src/tim.o
 .comment       0x0000000000000053       0x54 ./Src/usart.o

.debug_frame    0x0000000000000000     0x23c4
 .debug_frame   0x0000000000000000      0x3e8 ./Drivers/STM32F3xx_HAL_Driver/Src/stm32f3xx_ll_adc.o
 .debug_frame   0x00000000000003e8      0x1c0 ./Drivers/STM32F3xx_HAL_Driver/Src/stm32f3xx_ll_gpio.o
 .debug_frame   0x00000000000005a8      0x408 ./Drivers/STM32F3xx_HAL_Driver/Src/stm32f3xx_ll_rcc.o
 .debug_frame   0x00000000000009b0      0x238 ./Drivers/STM32F3xx_HAL_Driver/Src/stm32f3xx_ll_usart.o
 .debug_frame   0x0000000000000be8      0x3dc ./Drivers/STM32F3xx_HAL_Driver/Src/stm32f3xx_ll_utils.o
 .debug_frame   0x0000000000000fc4      0x27c ./Src/adc.o
 .debug_frame   0x0000000000001240       0xa4 ./Src/dma.o
 .debug_frame   0x00000000000012e4      0x124 ./Src/gpio.o
 .debug_frame   0x0000000000001408      0x3d8 ./Src/main.o
 .debug_frame   0x00000000000017e0      0x360 ./Src/stm32f3xx_it.o
 .debug_frame   0x0000000000001b40       0x58 ./Src/system_stm32f3xx.o
 .debug_frame   0x0000000000001b98      0x2d8 ./Src/tim.o
 .debug_frame   0x0000000000001e70      0x508 ./Src/usart.o
 .debug_frame   0x0000000000002378       0x2c d:/stm32ide/stm32cubeide_1.7.0/stm32cubeide/plugins/com.st.stm32cube.ide.mcu.externaltools.gnu-tools-for-stm32.9-2020-q2-update.win32_2.0.0.202105311346/tools/bin/../lib/gcc/arm-none-eabi/9.3.1/../../../../arm-none-eabi/lib/thumb/v7e-m+fp/hard\libc_nano.a(lib_a-init.o)
 .debug_frame   0x00000000000023a4       0x20 d:/stm32ide/stm32cubeide_1.7.0/stm32cubeide/plugins/com.st.stm32cube.ide.mcu.externaltools.gnu-tools-for-stm32.9-2020-q2-update.win32_2.0.0.202105311346/tools/bin/../lib/gcc/arm-none-eabi/9.3.1/../../../../arm-none-eabi/lib/thumb/v7e-m+fp/hard\libc_nano.a(lib_a-memset.o)
