Archive member included to satisfy reference by file (symbol)

d:/stm32ide/stm32cubeide_1.7.0/stm32cubeide/plugins/com.st.stm32cube.ide.mcu.externaltools.gnu-tools-for-stm32.9-2020-q2-update.win32_2.0.0.202105311346/tools/bin/../lib/gcc/arm-none-eabi/9.3.1/../../../../arm-none-eabi/lib/thumb/v7e-m+fp/hard\libc_nano.a(lib_a-ctype_.o)
                              ./Src/main.o (_ctype_)
d:/stm32ide/stm32cubeide_1.7.0/stm32cubeide/plugins/com.st.stm32cube.ide.mcu.externaltools.gnu-tools-for-stm32.9-2020-q2-update.win32_2.0.0.202105311346/tools/bin/../lib/gcc/arm-none-eabi/9.3.1/../../../../arm-none-eabi/lib/thumb/v7e-m+fp/hard\libc_nano.a(lib_a-errno.o)
                              ./Src/syscalls.o (__errno)
d:/stm32ide/stm32cubeide_1.7.0/stm32cubeide/plugins/com.st.stm32cube.ide.mcu.externaltools.gnu-tools-for-stm32.9-2020-q2-update.win32_2.0.0.202105311346/tools/bin/../lib/gcc/arm-none-eabi/9.3.1/../../../../arm-none-eabi/lib/thumb/v7e-m+fp/hard\libc_nano.a(lib_a-exit.o)
                              d:/stm32ide/stm32cubeide_1.7.0/stm32cubeide/plugins/com.st.stm32cube.ide.mcu.externaltools.gnu-tools-for-stm32.9-2020-q2-update.win32_2.0.0.202105311346/tools/bin/../lib/gcc/arm-none-eabi/9.3.1/../../../../arm-none-eabi/lib/thumb/v7e-m+fp/hard/crt0.o (exit)
d:/stm32ide/stm32cubeide_1.7.0/stm32cubeide/plugins/com.st.stm32cube.ide.mcu.externaltools.gnu-tools-for-stm32.9-2020-q2-update.win32_2.0.0.202105311346/tools/bin/../lib/gcc/arm-none-eabi/9.3.1/../../../../arm-none-eabi/lib/thumb/v7e-m+fp/hard\libc_nano.a(lib_a-impure.o)
                              d:/stm32ide/stm32cubeide_1.7.0/stm32cubeide/plugins/com.st.stm32cube.ide.mcu.externaltools.gnu-tools-for-stm32.9-2020-q2-update.win32_2.0.0.202105311346/tools/bin/../lib/gcc/arm-none-eabi/9.3.1/../../../../arm-none-eabi/lib/thumb/v7e-m+fp/hard\libc_nano.a(lib_a-exit.o) (_global_impure_ptr)
d:/stm32ide/stm32cubeide_1.7.0/stm32cubeide/plugins/com.st.stm32cube.ide.mcu.externaltools.gnu-tools-for-stm32.9-2020-q2-update.win32_2.0.0.202105311346/tools/bin/../lib/gcc/arm-none-eabi/9.3.1/../../../../arm-none-eabi/lib/thumb/v7e-m+fp/hard\libc_nano.a(lib_a-init.o)
                              d:/stm32ide/stm32cubeide_1.7.0/stm32cubeide/plugins/com.st.stm32cube.ide.mcu.externaltools.gnu-tools-for-stm32.9-2020-q2-update.win32_2.0.0.202105311346/tools/bin/../lib/gcc/arm-none-eabi/9.3.1/../../../../arm-none-eabi/lib/thumb/v7e-m+fp/hard/crt0.o (__libc_init_array)
d:/stm32ide/stm32cubeide_1.7.0/stm32cubeide/plugins/com.st.stm32cube.ide.mcu.externaltools.gnu-tools-for-stm32.9-2020-q2-update.win32_2.0.0.202105311346/tools/bin/../lib/gcc/arm-none-eabi/9.3.1/../../../../arm-none-eabi/lib/thumb/v7e-m+fp/hard\libc_nano.a(lib_a-memset.o)
                              d:/stm32ide/stm32cubeide_1.7.0/stm32cubeide/plugins/com.st.stm32cube.ide.mcu.externaltools.gnu-tools-for-stm32.9-2020-q2-update.win32_2.0.0.202105311346/tools/bin/../lib/gcc/arm-none-eabi/9.3.1/../../../../arm-none-eabi/lib/thumb/v7e-m+fp/hard/crt0.o (memset)

Allocating common symbols
Common symbol       size              file

bufferUSART2dma     0x14              ./Src/usart.o
mem                 0x23              ./Src/main.o

Discarded input sections

 .text          0x0000000000000000        0x0 d:/stm32ide/stm32cubeide_1.7.0/stm32cubeide/plugins/com.st.stm32cube.ide.mcu.externaltools.gnu-tools-for-stm32.9-2020-q2-update.win32_2.0.0.202105311346/tools/bin/../lib/gcc/arm-none-eabi/9.3.1/thumb/v7e-m+fp/hard/crti.o
 .data          0x0000000000000000        0x0 d:/stm32ide/stm32cubeide_1.7.0/stm32cubeide/plugins/com.st.stm32cube.ide.mcu.externaltools.gnu-tools-for-stm32.9-2020-q2-update.win32_2.0.0.202105311346/tools/bin/../lib/gcc/arm-none-eabi/9.3.1/thumb/v7e-m+fp/hard/crti.o
 .bss           0x0000000000000000        0x0 d:/stm32ide/stm32cubeide_1.7.0/stm32cubeide/plugins/com.st.stm32cube.ide.mcu.externaltools.gnu-tools-for-stm32.9-2020-q2-update.win32_2.0.0.202105311346/tools/bin/../lib/gcc/arm-none-eabi/9.3.1/thumb/v7e-m+fp/hard/crti.o
 .data          0x0000000000000000        0x4 d:/stm32ide/stm32cubeide_1.7.0/stm32cubeide/plugins/com.st.stm32cube.ide.mcu.externaltools.gnu-tools-for-stm32.9-2020-q2-update.win32_2.0.0.202105311346/tools/bin/../lib/gcc/arm-none-eabi/9.3.1/thumb/v7e-m+fp/hard/crtbegin.o
 .text          0x0000000000000000       0x7c d:/stm32ide/stm32cubeide_1.7.0/stm32cubeide/plugins/com.st.stm32cube.ide.mcu.externaltools.gnu-tools-for-stm32.9-2020-q2-update.win32_2.0.0.202105311346/tools/bin/../lib/gcc/arm-none-eabi/9.3.1/../../../../arm-none-eabi/lib/thumb/v7e-m+fp/hard/crt0.o
 .data          0x0000000000000000        0x0 d:/stm32ide/stm32cubeide_1.7.0/stm32cubeide/plugins/com.st.stm32cube.ide.mcu.externaltools.gnu-tools-for-stm32.9-2020-q2-update.win32_2.0.0.202105311346/tools/bin/../lib/gcc/arm-none-eabi/9.3.1/../../../../arm-none-eabi/lib/thumb/v7e-m+fp/hard/crt0.o
[...]
Memory Configuration

Name             Origin             Length             Attributes
FLASH            0x0000000008000000 0x0000000000010000 xr
CCMRAM           0x0000000010000000 0x0000000000001000 xrw
RAM              0x0000000020000000 0x0000000000003000 xrw
*default*        0x0000000000000000 0xffffffffffffffff

Linker script and memory map

LOAD d:/stm32ide/stm32cubeide_1.7.0/stm32cubeide/plugins/com.st.stm32cube.ide.mcu.externaltools.gnu-tools-for-stm32.9-2020-q2-update.win32_2.0.0.202105311346/tools/bin/../lib/gcc/arm-none-eabi/9.3.1/thumb/v7e-m+fp/hard/crti.o
LOAD d:/stm32ide/stm32cubeide_1.7.0/stm32cubeide/plugins/com.st.stm32cube.ide.mcu.externaltools.gnu-tools-for-stm32.9-2020-q2-update.win32_2.0.0.202105311346/tools/bin/../lib/gcc/arm-none-eabi/9.3.1/thumb/v7e-m+fp/hard/crtbegin.o
LOAD d:/stm32ide/stm32cubeide_1.7.0/stm32cubeide/plugins/com.st.stm32cube.ide.mcu.externaltools.gnu-tools-for-stm32.9-2020-q2-update.win32_2.0.0.202105311346/tools/bin/../lib/gcc/arm-none-eabi/9.3.1/../../../../arm-none-eabi/lib/thumb/v7e-m+fp/hard/crt0.o
LOAD ./Drivers/STM32F3xx_HAL_Driver/Src/stm32f3xx_ll_dma.o
LOAD ./Drivers/STM32F3xx_HAL_Driver/Src/stm32f3xx_ll_exti.o
LOAD ./Drivers/STM32F3xx_HAL_Driver/Src/stm32f3xx_ll_gpio.o
LOAD ./Drivers/STM32F3xx_HAL_Driver/Src/stm32f3xx_ll_rcc.o
LOAD ./Drivers/STM32F3xx_HAL_Driver/Src/stm32f3xx_ll_usart.o
LOAD ./Drivers/STM32F3xx_HAL_Driver/Src/stm32f3xx_ll_utils.o
LOAD ./Src/dma.o
LOAD ./Src/gpio.o
LOAD ./Src/main.o
LOAD ./Src/stm32f3xx_it.o
LOAD ./Src/syscalls.o
LOAD ./Src/sysmem.o
LOAD ./Src/system_stm32f3xx.o
LOAD ./Src/usart.o
LOAD ./Startup/startup_stm32f303k8tx.o
START GROUP
LOAD d:/stm32ide/stm32cubeide_1.7.0/stm32cubeide/plugins/com.st.stm32cube.ide.mcu.externaltools.gnu-tools-for-stm32.9-2020-q2-update.win32_2.0.0.202105311346/tools/bin/../lib/gcc/arm-none-eabi/9.3.1/../../../../arm-none-eabi/lib/thumb/v7e-m+fp/hard\libc_nano.a
LOAD d:/stm32ide/stm32cubeide_1.7.0/stm32cubeide/plugins/com.st.stm32cube.ide.mcu.externaltools.gnu-tools-for-stm32.9-2020-q2-update.win32_2.0.0.202105311346/tools/bin/../lib/gcc/arm-none-eabi/9.3.1/../../../../arm-none-eabi/lib/thumb/v7e-m+fp/hard\libm.a
END GROUP
START GROUP
LOAD d:/stm32ide/stm32cubeide_1.7.0/stm32cubeide/plugins/com.st.stm32cube.ide.mcu.externaltools.gnu-tools-for-stm32.9-2020-q2-update.win32_2.0.0.202105311346/tools/bin/../lib/gcc/arm-none-eabi/9.3.1/thumb/v7e-m+fp/hard\libgcc.a
LOAD d:/stm32ide/stm32cubeide_1.7.0/stm32cubeide/plugins/com.st.stm32cube.ide.mcu.externaltools.gnu-tools-for-stm32.9-2020-q2-update.win32_2.0.0.202105311346/tools/bin/../lib/gcc/arm-none-eabi/9.3.1/../../../../arm-none-eabi/lib/thumb/v7e-m+fp/hard\libc_nano.a
END GROUP
START GROUP
LOAD d:/stm32ide/stm32cubeide_1.7.0/stm32cubeide/plugins/com.st.stm32cube.ide.mcu.externaltools.gnu-tools-for-stm32.9-2020-q2-update.win32_2.0.0.202105311346/tools/bin/../lib/gcc/arm-none-eabi/9.3.1/thumb/v7e-m+fp/hard\libgcc.a
LOAD d:/stm32ide/stm32cubeide_1.7.0/stm32cubeide/plugins/com.st.stm32cube.ide.mcu.externaltools.gnu-tools-for-stm32.9-2020-q2-update.win32_2.0.0.202105311346/tools/bin/../lib/gcc/arm-none-eabi/9.3.1/../../../../arm-none-eabi/lib/thumb/v7e-m+fp/hard\libc_nano.a
LOAD d:/stm32ide/stm32cubeide_1.7.0/stm32cubeide/plugins/com.st.stm32cube.ide.mcu.externaltools.gnu-tools-for-stm32.9-2020-q2-update.win32_2.0.0.202105311346/tools/bin/../lib/gcc/arm-none-eabi/9.3.1/../../../../arm-none-eabi/lib/thumb/v7e-m+fp/hard\libnosys.a
END GROUP
START GROUP
LOAD d:/stm32ide/stm32cubeide_1.7.0/stm32cubeide/plugins/com.st.stm32cube.ide.mcu.externaltools.gnu-tools-for-stm32.9-2020-q2-update.win32_2.0.0.202105311346/tools/bin/../lib/gcc/arm-none-eabi/9.3.1/thumb/v7e-m+fp/hard\libgcc.a
LOAD d:/stm32ide/stm32cubeide_1.7.0/stm32cubeide/plugins/com.st.stm32cube.ide.mcu.externaltools.gnu-tools-for-stm32.9-2020-q2-update.win32_2.0.0.202105311346/tools/bin/../lib/gcc/arm-none-eabi/9.3.1/../../../../arm-none-eabi/lib/thumb/v7e-m+fp/hard\libc_nano.a
LOAD d:/stm32ide/stm32cubeide_1.7.0/stm32cubeide/plugins/com.st.stm32cube.ide.mcu.externaltools.gnu-tools-for-stm32.9-2020-q2-update.win32_2.0.0.202105311346/tools/bin/../lib/gcc/arm-none-eabi/9.3.1/../../../../arm-none-eabi/lib/thumb/v7e-m+fp/hard\libnosys.a
END GROUP
LOAD d:/stm32ide/stm32cubeide_1.7.0/stm32cubeide/plugins/com.st.stm32cube.ide.mcu.externaltools.gnu-tools-for-stm32.9-2020-q2-update.win32_2.0.0.202105311346/tools/bin/../lib/gcc/arm-none-eabi/9.3.1/thumb/v7e-m+fp/hard/crtend.o
LOAD d:/stm32ide/stm32cubeide_1.7.0/stm32cubeide/plugins/com.st.stm32cube.ide.mcu.externaltools.gnu-tools-for-stm32.9-2020-q2-update.win32_2.0.0.202105311346/tools/bin/../lib/gcc/arm-none-eabi/9.3.1/thumb/v7e-m+fp/hard/crtn.o
                0x0000000020003000                _estack = 0x20003000
                0x0000000000000200                _Min_Heap_Size = 0x200
                0x0000000000000400                _Min_Stack_Size = 0x400

.isr_vector     0x0000000008000000      0x188
                0x0000000008000000                . = ALIGN (0x4)
 *(.isr_vector)
 .isr_vector    0x0000000008000000      0x188 ./Startup/startup_stm32f303k8tx.o
                0x0000000008000000                g_pfnVectors
                0x0000000008000188                . = ALIGN (0x4)

.text           0x0000000008000188     0x1b64
                0x0000000008000188                . = ALIGN (0x4)
 *(.text)
 .text          0x0000000008000188       0x40 d:/stm32ide/stm32cubeide_1.7.0/stm32cubeide/plugins/com.st.stm32cube.ide.mcu.externaltools.gnu-tools-for-stm32.9-2020-q2-update.win32_2.0.0.202105311346/tools/bin/../lib/gcc/arm-none-eabi/9.3.1/thumb/v7e-m+fp/hard/crtbegin.o
 *(.text*)
 .text.LL_GPIO_SetPinMode
                0x00000000080001c8       0x5a ./Drivers/STM32F3xx_HAL_Driver/Src/stm32f3xx_ll_gpio.o
 .text.LL_GPIO_SetPinOutputType
                0x0000000008000222       0x30 ./Drivers/STM32F3xx_HAL_Driver/Src/stm32f3xx_ll_gpio.o
 .text.LL_GPIO_SetPinSpeed
                0x0000000008000252       0x5a ./Drivers/STM32F3xx_HAL_Driver/Src/stm32f3xx_ll_gpio.o
 .text.LL_GPIO_SetPinPull
                0x00000000080002ac       0x5a ./Drivers/STM32F3xx_HAL_Driver/Src/stm32f3xx_ll_gpio.o
 .text.LL_GPIO_SetAFPin_0_7
                0x0000000008000306       0x5a ./Drivers/STM32F3xx_HAL_Driver/Src/stm32f3xx_ll_gpio.o
 .text.LL_GPIO_SetAFPin_8_15
                0x0000000008000360       0x5e ./Drivers/STM32F3xx_HAL_Driver/Src/stm32f3xx_ll_gpio.o
 .text.LL_GPIO_Init
                0x00000000080003be       0xf4 ./Drivers/STM32F3xx_HAL_Driver/Src/stm32f3xx_ll_gpio.o
                0x00000000080003be                LL_GPIO_Init
 *fill*         0x00000000080004b2        0x2 
 .text.LL_RCC_HSI_IsReady
                0x00000000080004b4       0x24 ./Drivers/STM32F3xx_HAL_Driver/Src/stm32f3xx_ll_rcc.o
 .text.LL_RCC_LSE_IsReady
                0x00000000080004d8       0x24 ./Drivers/STM32F3xx_HAL_Driver/Src/stm32f3xx_ll_rcc.o
 .text.LL_RCC_GetSysClkSource
                0x00000000080004fc       0x1c ./Drivers/STM32F3xx_HAL_Driver/Src/stm32f3xx_ll_rcc.o
 .text.LL_RCC_GetAHBPrescaler
                0x0000000008000518       0x1c ./Drivers/STM32F3xx_HAL_Driver/Src/stm32f3xx_ll_rcc.o
 .text.LL_RCC_GetAPB1Prescaler
                0x0000000008000534       0x1c ./Drivers/STM32F3xx_HAL_Driver/Src/stm32f3xx_ll_rcc.o
 .text.LL_RCC_GetAPB2Prescaler
                0x0000000008000550       0x1c ./Drivers/STM32F3xx_HAL_Driver/Src/stm32f3xx_ll_rcc.o
 .text.LL_RCC_GetUSARTClockSource
                0x000000000800056c       0x2c ./Drivers/STM32F3xx_HAL_Driver/Src/stm32f3xx_ll_rcc.o
 .text.LL_RCC_PLL_GetMainSource
                0x0000000008000598       0x1c ./Drivers/STM32F3xx_HAL_Driver/Src/stm32f3xx_ll_rcc.o
 .text.LL_RCC_PLL_GetMultiplicator
                0x00000000080005b4       0x1c ./Drivers/STM32F3xx_HAL_Driver/Src/stm32f3xx_ll_rcc.o
 .text.LL_RCC_PLL_GetPrediv
                0x00000000080005d0       0x1c ./Drivers/STM32F3xx_HAL_Driver/Src/stm32f3xx_ll_rcc.o
 .text.LL_RCC_GetSystemClocksFreq
                0x00000000080005ec       0x4a ./Drivers/STM32F3xx_HAL_Driver/Src/stm32f3xx_ll_rcc.o
                0x00000000080005ec                LL_RCC_GetSystemClocksFreq
 *fill*         0x0000000008000636        0x2 
 .text.LL_RCC_GetUSARTClockFreq
                0x0000000008000638       0x88 ./Drivers/STM32F3xx_HAL_Driver/Src/stm32f3xx_ll_rcc.o
                0x0000000008000638                LL_RCC_GetUSARTClockFreq
 .text.RCC_GetSystemClockFreq
                0x00000000080006c0       0x4c ./Drivers/STM32F3xx_HAL_Driver/Src/stm32f3xx_ll_rcc.o
                0x00000000080006c0                RCC_GetSystemClockFreq
 .text.RCC_GetHCLKClockFreq
                0x000000000800070c       0x2c ./Drivers/STM32F3xx_HAL_Driver/Src/stm32f3xx_ll_rcc.o
                0x000000000800070c                RCC_GetHCLKClockFreq
 .text.RCC_GetPCLK1ClockFreq
                0x0000000008000738       0x28 ./Drivers/STM32F3xx_HAL_Driver/Src/stm32f3xx_ll_rcc.o
                0x0000000008000738                RCC_GetPCLK1ClockFreq
 .text.RCC_GetPCLK2ClockFreq
                0x0000000008000760       0x28 ./Drivers/STM32F3xx_HAL_Driver/Src/stm32f3xx_ll_rcc.o
                0x0000000008000760                RCC_GetPCLK2ClockFreq
 .text.RCC_PLL_GetFreqDomain_SYS
                0x0000000008000788       0x7c ./Drivers/STM32F3xx_HAL_Driver/Src/stm32f3xx_ll_rcc.o
                0x0000000008000788                RCC_PLL_GetFreqDomain_SYS
 .text.LL_USART_IsEnabled
                0x0000000008000804       0x26 ./Drivers/STM32F3xx_HAL_Driver/Src/stm32f3xx_ll_usart.o
 .text.LL_USART_SetStopBitsLength
                0x000000000800082a       0x26 ./Drivers/STM32F3xx_HAL_Driver/Src/stm32f3xx_ll_usart.o
 .text.LL_USART_SetHWFlowCtrl
                0x0000000008000850       0x26 ./Drivers/STM32F3xx_HAL_Driver/Src/stm32f3xx_ll_usart.o
 .text.LL_USART_SetBaudRate
                0x0000000008000876       0x64 ./Drivers/STM32F3xx_HAL_Driver/Src/stm32f3xx_ll_usart.o
 *fill*         0x00000000080008da        0x2 
 .text.LL_USART_Init
                0x00000000080008dc       0xd8 ./Drivers/STM32F3xx_HAL_Driver/Src/stm32f3xx_ll_usart.o
                0x00000000080008dc                LL_USART_Init
 .text.LL_InitTick
                0x00000000080009b4       0x34 ./Drivers/STM32F3xx_HAL_Driver/Src/stm32f3xx_ll_utils.o
 .text.LL_Init1msTick
                0x00000000080009e8       0x1a ./Drivers/STM32F3xx_HAL_Driver/Src/stm32f3xx_ll_utils.o
                0x00000000080009e8                LL_Init1msTick
 *fill*         0x0000000008000a02        0x2 
 .text.LL_mDelay
                0x0000000008000a04       0x4c ./Drivers/STM32F3xx_HAL_Driver/Src/stm32f3xx_ll_utils.o
                0x0000000008000a04                LL_mDelay
 .text.LL_SetSystemCoreClock
                0x0000000008000a50       0x20 ./Drivers/STM32F3xx_HAL_Driver/Src/stm32f3xx_ll_utils.o
                0x0000000008000a50                LL_SetSystemCoreClock
 .text.NVIC_EnableIRQ
                0x0000000008000a70       0x34 ./Src/dma.o
 .text.NVIC_SetPriority
                0x0000000008000aa4       0x54 ./Src/dma.o
 .text.LL_AHB1_GRP1_EnableClock
                0x0000000008000af8       0x30 ./Src/dma.o
 .text.MX_DMA_Init
                0x0000000008000b28       0x2a ./Src/dma.o
                0x0000000008000b28                MX_DMA_Init
 *fill*         0x0000000008000b52        0x2 
 .text.LL_AHB1_GRP1_EnableClock
                0x0000000008000b54       0x30 ./Src/gpio.o
 .text.LL_GPIO_ResetOutputPin
                0x0000000008000b84       0x1c ./Src/gpio.o
 .text.MX_GPIO_Init
                0x0000000008000ba0       0x58 ./Src/gpio.o
                0x0000000008000ba0                MX_GPIO_Init
 .text.NVIC_SetPriorityGrouping
                0x0000000008000bf8       0x48 ./Src/main.o
 .text.LL_RCC_HSI_Enable
                0x0000000008000c40       0x20 ./Src/main.o
 .text.LL_RCC_HSI_IsReady
                0x0000000008000c60       0x24 ./Src/main.o
 .text.LL_RCC_HSI_SetCalibTrimming
                0x0000000008000c84       0x2c ./Src/main.o
 .text.LL_RCC_SetSysClkSource
                0x0000000008000cb0       0x28 ./Src/main.o
 .text.LL_RCC_GetSysClkSource
                0x0000000008000cd8       0x1c ./Src/main.o
 .text.LL_RCC_SetAHBPrescaler
                0x0000000008000cf4       0x28 ./Src/main.o
 .text.LL_RCC_SetAPB1Prescaler
                0x0000000008000d1c       0x28 ./Src/main.o
 .text.LL_RCC_SetAPB2Prescaler
                0x0000000008000d44       0x28 ./Src/main.o
 .text.LL_APB1_GRP1_EnableClock
                0x0000000008000d6c       0x30 ./Src/main.o
 .text.LL_APB2_GRP1_EnableClock
                0x0000000008000d9c       0x30 ./Src/main.o
 .text.LL_FLASH_SetLatency
                0x0000000008000dcc       0x28 ./Src/main.o
 .text.LL_FLASH_GetLatency
                0x0000000008000df4       0x1c ./Src/main.o
 .text.LL_SYSTICK_SetClkSource
                0x0000000008000e10       0x38 ./Src/main.o
 .text.main     0x0000000008000e48       0x5c ./Src/main.o
                0x0000000008000e48                main
 .text.SystemClock_Config
                0x0000000008000ea4       0x6c ./Src/main.o
                0x0000000008000ea4                SystemClock_Config
 .text.processDmaData
                0x0000000008000f10       0xec ./Src/main.o
                0x0000000008000f10                processDmaData
 .text.Error_Handler
                0x0000000008000ffc        0xe ./Src/main.o
                0x0000000008000ffc                Error_Handler
 *fill*         0x000000000800100a        0x2 
 .text.LL_DMA_DisableChannel
                0x000000000800100c       0x40 ./Src/stm32f3xx_it.o
 .text.LL_DMA_IsActiveFlag_TC6
                0x000000000800104c       0x28 ./Src/stm32f3xx_it.o
 .text.LL_DMA_IsActiveFlag_TC7
                0x0000000008001074       0x28 ./Src/stm32f3xx_it.o
 .text.LL_DMA_IsActiveFlag_HT6
                0x000000000800109c       0x28 ./Src/stm32f3xx_it.o
 .text.LL_DMA_ClearFlag_TC6
                0x00000000080010c4       0x1c ./Src/stm32f3xx_it.o
 .text.LL_DMA_ClearFlag_TC7
                0x00000000080010e0       0x1c ./Src/stm32f3xx_it.o
 .text.LL_DMA_ClearFlag_HT6
                0x00000000080010fc       0x1c ./Src/stm32f3xx_it.o
 .text.LL_USART_IsActiveFlag_IDLE
                0x0000000008001118       0x26 ./Src/stm32f3xx_it.o
 .text.LL_USART_IsActiveFlag_TC
                0x000000000800113e       0x26 ./Src/stm32f3xx_it.o
 .text.LL_USART_ClearFlag_IDLE
                0x0000000008001164       0x1a ./Src/stm32f3xx_it.o
 .text.NMI_Handler
                0x000000000800117e        0xe ./Src/stm32f3xx_it.o
                0x000000000800117e                NMI_Handler
 .text.HardFault_Handler
                0x000000000800118c        0x6 ./Src/stm32f3xx_it.o
                0x000000000800118c                HardFault_Handler
 .text.MemManage_Handler
                0x0000000008001192        0x6 ./Src/stm32f3xx_it.o
                0x0000000008001192                MemManage_Handler
 .text.BusFault_Handler
                0x0000000008001198        0x6 ./Src/stm32f3xx_it.o
                0x0000000008001198                BusFault_Handler
 .text.UsageFault_Handler
                0x000000000800119e        0x6 ./Src/stm32f3xx_it.o
                0x000000000800119e                UsageFault_Handler
 .text.SVC_Handler
                0x00000000080011a4        0xe ./Src/stm32f3xx_it.o
                0x00000000080011a4                SVC_Handler
 .text.DebugMon_Handler
                0x00000000080011b2        0xe ./Src/stm32f3xx_it.o
                0x00000000080011b2                DebugMon_Handler
 .text.PendSV_Handler
                0x00000000080011c0        0xe ./Src/stm32f3xx_it.o
                0x00000000080011c0                PendSV_Handler
 .text.SysTick_Handler
                0x00000000080011ce        0xe ./Src/stm32f3xx_it.o
                0x00000000080011ce                SysTick_Handler
 .text.DMA1_Channel6_IRQHandler
                0x00000000080011dc       0x3c ./Src/stm32f3xx_it.o
                0x00000000080011dc                DMA1_Channel6_IRQHandler
 .text.DMA1_Channel7_IRQHandler
                0x0000000008001218       0x38 ./Src/stm32f3xx_it.o
                0x0000000008001218                DMA1_Channel7_IRQHandler
 .text.USART2_IRQHandler
                0x0000000008001250       0x24 ./Src/stm32f3xx_it.o
                0x0000000008001250                USART2_IRQHandler
 .text.SystemInit
                0x0000000008001274       0x94 ./Src/system_stm32f3xx.o
                0x0000000008001274                SystemInit
 .text.NVIC_EnableIRQ
                0x0000000008001308       0x34 ./Src/usart.o
 .text.NVIC_SetPriority
                0x000000000800133c       0x54 ./Src/usart.o
 .text.LL_DMA_EnableChannel
                0x0000000008001390       0x40 ./Src/usart.o
 .text.LL_DMA_SetDataTransferDirection
                0x00000000080013d0       0x4c ./Src/usart.o
 .text.LL_DMA_GetDataTransferDirection
                0x000000000800141c       0x30 ./Src/usart.o
 .text.LL_DMA_SetMode
                0x000000000800144c       0x48 ./Src/usart.o
 .text.LL_DMA_SetPeriphIncMode
                0x0000000008001494       0x48 ./Src/usart.o
 .text.LL_DMA_SetMemoryIncMode
                0x00000000080014dc       0x48 ./Src/usart.o
 .text.LL_DMA_SetPeriphSize
                0x0000000008001524       0x48 ./Src/usart.o
 .text.LL_DMA_SetMemorySize
                0x000000000800156c       0x48 ./Src/usart.o
 .text.LL_DMA_SetChannelPriorityLevel
                0x00000000080015b4       0x48 ./Src/usart.o
 .text.LL_DMA_SetDataLength
                0x00000000080015fc       0x48 ./Src/usart.o
 .text.LL_DMA_GetDataLength
                0x0000000008001644       0x2c ./Src/usart.o
 .text.LL_DMA_ConfigAddresses
                0x0000000008001670       0x78 ./Src/usart.o
 .text.LL_DMA_SetMemoryAddress
                0x00000000080016e8       0x30 ./Src/usart.o
 .text.LL_DMA_SetPeriphAddress
                0x0000000008001718       0x30 ./Src/usart.o
 .text.LL_DMA_EnableIT_TC
                0x0000000008001748       0x40 ./Src/usart.o
 .text.LL_DMA_EnableIT_HT
                0x0000000008001788       0x40 ./Src/usart.o
 .text.LL_DMA_EnableIT_TE
                0x00000000080017c8       0x40 ./Src/usart.o
 .text.LL_AHB1_GRP1_EnableClock
                0x0000000008001808       0x30 ./Src/usart.o
 .text.LL_APB1_GRP1_EnableClock
                0x0000000008001838       0x30 ./Src/usart.o
 .text.LL_USART_Enable
                0x0000000008001868       0x20 ./Src/usart.o
 .text.LL_USART_ConfigAsyncMode
                0x0000000008001888       0x2c ./Src/usart.o
 .text.LL_USART_EnableIT_IDLE
                0x00000000080018b4       0x20 ./Src/usart.o
 .text.LL_USART_DisableIT_CTS
                0x00000000080018d4       0x20 ./Src/usart.o
 .text.LL_USART_EnableDMAReq_RX
                0x00000000080018f4       0x20 ./Src/usart.o
 .text.LL_USART_EnableDMAReq_TX
                0x0000000008001914       0x20 ./Src/usart.o
 .text.LL_USART_DMA_GetRegAddr
                0x0000000008001934       0x2c ./Src/usart.o
 .text.USART2_RegisterCallback
                0x0000000008001960       0x24 ./Src/usart.o
                0x0000000008001960                USART2_RegisterCallback
 .text.MX_USART2_UART_Init
                0x0000000008001984      0x1c4 ./Src/usart.o
                0x0000000008001984                MX_USART2_UART_Init
 .text.USART2_PutBuffer
                0x0000000008001b48       0x40 ./Src/usart.o
                0x0000000008001b48                USART2_PutBuffer
 .text.USART2_CheckDmaReception
                0x0000000008001b88       0xb0 ./Src/usart.o
                0x0000000008001b88                USART2_CheckDmaReception
 .text.Reset_Handler
                0x0000000008001c38       0x50 ./Startup/startup_stm32f303k8tx.o
                0x0000000008001c38                Reset_Handler
 .text.Default_Handler
                0x0000000008001c88        0x2 ./Startup/startup_stm32f303k8tx.o
                0x0000000008001c88                RTC_Alarm_IRQHandler
                0x0000000008001c88                TIM1_CC_IRQHandler
                0x0000000008001c88                PVD_IRQHandler
                0x0000000008001c88                TAMP_STAMP_IRQHandler
                0x0000000008001c88                EXTI3_IRQHandler
                0x0000000008001c88                EXTI0_IRQHandler
                0x0000000008001c88                FPU_IRQHandler
                0x0000000008001c88                CAN_TX_IRQHandler
                0x0000000008001c88                TIM1_UP_TIM16_IRQHandler
                0x0000000008001c88                ADC1_2_IRQHandler
                0x0000000008001c88                SPI1_IRQHandler
                0x0000000008001c88                CAN_SCE_IRQHandler
                0x0000000008001c88                DMA1_Channel4_IRQHandler
                0x0000000008001c88                USART3_IRQHandler
                0x0000000008001c88                TIM7_DAC2_IRQHandler
                0x0000000008001c88                CAN_RX1_IRQHandler
                0x0000000008001c88                I2C1_EV_IRQHandler
                0x0000000008001c88                TIM3_IRQHandler
                0x0000000008001c88                RCC_IRQHandler
                0x0000000008001c88                DMA1_Channel1_IRQHandler
                0x0000000008001c88                Default_Handler
                0x0000000008001c88                EXTI15_10_IRQHandler
                0x0000000008001c88                COMP2_IRQHandler
                0x0000000008001c88                TIM6_DAC1_IRQHandler
                0x0000000008001c88                EXTI9_5_IRQHandler
                0x0000000008001c88                RTC_WKUP_IRQHandler
                0x0000000008001c88                DMA1_Channel5_IRQHandler
                0x0000000008001c88                EXTI4_IRQHandler
                0x0000000008001c88                TIM1_TRG_COM_TIM17_IRQHandler
                0x0000000008001c88                DMA1_Channel3_IRQHandler
                0x0000000008001c88                WWDG_IRQHandler
                0x0000000008001c88                TIM2_IRQHandler
                0x0000000008001c88                EXTI1_IRQHandler
                0x0000000008001c88                COMP4_6_IRQHandler
                0x0000000008001c88                DMA1_Channel2_IRQHandler
                0x0000000008001c88                FLASH_IRQHandler
                0x0000000008001c88                USART1_IRQHandler
                0x0000000008001c88                CAN_RX0_IRQHandler
                0x0000000008001c88                I2C1_ER_IRQHandler
                0x0000000008001c88                EXTI2_TSC_IRQHandler
                0x0000000008001c88                TIM1_BRK_TIM15_IRQHandler
 *fill*         0x0000000008001c8a        0x2 
 .text.__libc_init_array
                0x0000000008001c8c       0x48 d:/stm32ide/stm32cubeide_1.7.0/stm32cubeide/plugins/com.st.stm32cube.ide.mcu.externaltools.gnu-tools-for-stm32.9-2020-q2-update.win32_2.0.0.202105311346/tools/bin/../lib/gcc/arm-none-eabi/9.3.1/../../../../arm-none-eabi/lib/thumb/v7e-m+fp/hard\libc_nano.a(lib_a-init.o)
                0x0000000008001c8c                __libc_init_array
 *(.glue_7)
 .glue_7        0x0000000008001cd4        0x0 linker stubs
 *(.glue_7t)
 .glue_7t       0x0000000008001cd4        0x0 linker stubs
 *(.eh_frame)
 .eh_frame      0x0000000008001cd4        0x0 d:/stm32ide/stm32cubeide_1.7.0/stm32cubeide/plugins/com.st.stm32cube.ide.mcu.externaltools.gnu-tools-for-stm32.9-2020-q2-update.win32_2.0.0.202105311346/tools/bin/../lib/gcc/arm-none-eabi/9.3.1/thumb/v7e-m+fp/hard/crtbegin.o
 *(.init)
 .init          0x0000000008001cd4        0x4 d:/stm32ide/stm32cubeide_1.7.0/stm32cubeide/plugins/com.st.stm32cube.ide.mcu.externaltools.gnu-tools-for-stm32.9-2020-q2-update.win32_2.0.0.202105311346/tools/bin/../lib/gcc/arm-none-eabi/9.3.1/thumb/v7e-m+fp/hard/crti.o
                0x0000000008001cd4                _init
 .init          0x0000000008001cd8        0x8 d:/stm32ide/stm32cubeide_1.7.0/stm32cubeide/plugins/com.st.stm32cube.ide.mcu.externaltools.gnu-tools-for-stm32.9-2020-q2-update.win32_2.0.0.202105311346/tools/bin/../lib/gcc/arm-none-eabi/9.3.1/thumb/v7e-m+fp/hard/crtn.o
 *(.fini)
 .fini          0x0000000008001ce0        0x4 d:/stm32ide/stm32cubeide_1.7.0/stm32cubeide/plugins/com.st.stm32cube.ide.mcu.externaltools.gnu-tools-for-stm32.9-2020-q2-update.win32_2.0.0.202105311346/tools/bin/../lib/gcc/arm-none-eabi/9.3.1/thumb/v7e-m+fp/hard/crti.o
                0x0000000008001ce0                _fini
 .fini          0x0000000008001ce4        0x8 d:/stm32ide/stm32cubeide_1.7.0/stm32cubeide/plugins/com.st.stm32cube.ide.mcu.externaltools.gnu-tools-for-stm32.9-2020-q2-update.win32_2.0.0.202105311346/tools/bin/../lib/gcc/arm-none-eabi/9.3.1/thumb/v7e-m+fp/hard/crtn.o
                0x0000000008001cec                . = ALIGN (0x4)
                0x0000000008001cec                _etext = .

.vfp11_veneer   0x0000000008001cec        0x0
 .vfp11_veneer  0x0000000008001cec        0x0 linker stubs

.v4_bx          0x0000000008001cec        0x0
 .v4_bx         0x0000000008001cec        0x0 linker stubs

.iplt           0x0000000008001cec        0x0
 .iplt          0x0000000008001cec        0x0 d:/stm32ide/stm32cubeide_1.7.0/stm32cubeide/plugins/com.st.stm32cube.ide.mcu.externaltools.gnu-tools-for-stm32.9-2020-q2-update.win32_2.0.0.202105311346/tools/bin/../lib/gcc/arm-none-eabi/9.3.1/thumb/v7e-m+fp/hard/crtbegin.o

.rodata         0x0000000008001cec      0x128
                0x0000000008001cec                . = ALIGN (0x4)
 *(.rodata)
 *(.rodata*)
 .rodata.CHANNEL_OFFSET_TAB
                0x0000000008001cec        0x7 ./Src/stm32f3xx_it.o
 *fill*         0x0000000008001cf3        0x1 
 .rodata.AHBPrescTable
                0x0000000008001cf4       0x10 ./Src/system_stm32f3xx.o
                0x0000000008001cf4                AHBPrescTable
 .rodata.APBPrescTable
                0x0000000008001d04        0x8 ./Src/system_stm32f3xx.o
                0x0000000008001d04                APBPrescTable
 .rodata.CHANNEL_OFFSET_TAB
                0x0000000008001d0c        0x7 ./Src/usart.o
 .rodata._ctype_
                0x0000000008001d13      0x101 d:/stm32ide/stm32cubeide_1.7.0/stm32cubeide/plugins/com.st.stm32cube.ide.mcu.externaltools.gnu-tools-for-stm32.9-2020-q2-update.win32_2.0.0.202105311346/tools/bin/../lib/gcc/arm-none-eabi/9.3.1/../../../../arm-none-eabi/lib/thumb/v7e-m+fp/hard\libc_nano.a(lib_a-ctype_.o)
                0x0000000008001d13                _ctype_
                0x0000000008001e14                . = ALIGN (0x4)

.rel.dyn        0x0000000008001e14        0x0
 .rel.iplt      0x0000000008001e14        0x0 d:/stm32ide/stm32cubeide_1.7.0/stm32cubeide/plugins/com.st.stm32cube.ide.mcu.externaltools.gnu-tools-for-stm32.9-2020-q2-update.win32_2.0.0.202105311346/tools/bin/../lib/gcc/arm-none-eabi/9.3.1/thumb/v7e-m+fp/hard/crtbegin.o

.ARM.extab      0x0000000008001e14        0x0
                0x0000000008001e14                . = ALIGN (0x4)
 *(.ARM.extab* .gnu.linkonce.armextab.*)
                0x0000000008001e14                . = ALIGN (0x4)

.ARM            0x0000000008001e14        0x0
                0x0000000008001e14                . = ALIGN (0x4)
                0x0000000008001e14                __exidx_start = .
 *(.ARM.exidx*)
                0x0000000008001e14                __exidx_end = .
                0x0000000008001e14                . = ALIGN (0x4)

.preinit_array  0x0000000008001e14        0x0
                0x0000000008001e14                . = ALIGN (0x4)
                0x0000000008001e14                PROVIDE (__preinit_array_start = .)
 *(.preinit_array*)
                0x0000000008001e14                PROVIDE (__preinit_array_end = .)
                0x0000000008001e14                . = ALIGN (0x4)

.init_array     0x0000000008001e14        0x4
                0x0000000008001e14                . = ALIGN (0x4)
                0x0000000008001e14                PROVIDE (__init_array_start = .)
 *(SORT_BY_NAME(.init_array.*))
 *(.init_array*)
 .init_array    0x0000000008001e14        0x4 d:/stm32ide/stm32cubeide_1.7.0/stm32cubeide/plugins/com.st.stm32cube.ide.mcu.externaltools.gnu-tools-for-stm32.9-2020-q2-update.win32_2.0.0.202105311346/tools/bin/../lib/gcc/arm-none-eabi/9.3.1/thumb/v7e-m+fp/hard/crtbegin.o
                0x0000000008001e18                PROVIDE (__init_array_end = .)
                0x0000000008001e18                . = ALIGN (0x4)

.fini_array     0x0000000008001e18        0x4
                0x0000000008001e18                . = ALIGN (0x4)
                [!provide]                        PROVIDE (__fini_array_start = .)
 *(SORT_BY_NAME(.fini_array.*))
 *(.fini_array*)
 .fini_array    0x0000000008001e18        0x4 d:/stm32ide/stm32cubeide_1.7.0/stm32cubeide/plugins/com.st.stm32cube.ide.mcu.externaltools.gnu-tools-for-stm32.9-2020-q2-update.win32_2.0.0.202105311346/tools/bin/../lib/gcc/arm-none-eabi/9.3.1/thumb/v7e-m+fp/hard/crtbegin.o
                [!provide]                        PROVIDE (__fini_array_end = .)
                0x0000000008001e1c                . = ALIGN (0x4)
                0x0000000008001e1c                _sidata = LOADADDR (.data)

.data           0x0000000020000000       0x10 load address 0x0000000008001e1c
                0x0000000020000000                . = ALIGN (0x4)
                0x0000000020000000                _sdata = .
 *(.data)
 *(.data*)
 .data.rx_data  0x0000000020000000        0xa ./Src/main.o
                0x0000000020000000                rx_data
 *fill*         0x000000002000000a        0x2 
 .data.SystemCoreClock
                0x000000002000000c        0x4 ./Src/system_stm32f3xx.o
                0x000000002000000c                SystemCoreClock
                0x0000000020000010                . = ALIGN (0x4)
                0x0000000020000010                _edata = .

.igot.plt       0x0000000020000010        0x0 load address 0x0000000008001e2c
 .igot.plt      0x0000000020000010        0x0 d:/stm32ide/stm32cubeide_1.7.0/stm32cubeide/plugins/com.st.stm32cube.ide.mcu.externaltools.gnu-tools-for-stm32.9-2020-q2-update.win32_2.0.0.202105311346/tools/bin/../lib/gcc/arm-none-eabi/9.3.1/thumb/v7e-m+fp/hard/crtbegin.o
                0x0000000020000010                . = ALIGN (0x4)

.bss            0x0000000020000010       0x3c load address 0x0000000008001e2c
                0x0000000020000010                _sbss = .
                0x0000000020000010                __bss_start__ = _sbss
 *(.bss)
 .bss           0x0000000020000010       0x1c d:/stm32ide/stm32cubeide_1.7.0/stm32cubeide/plugins/com.st.stm32cube.ide.mcu.externaltools.gnu-tools-for-stm32.9-2020-q2-update.win32_2.0.0.202105311346/tools/bin/../lib/gcc/arm-none-eabi/9.3.1/thumb/v7e-m+fp/hard/crtbegin.o
 *(.bss*)
 .bss.countUpper
                0x000000002000002c        0x1 ./Src/main.o
                0x000000002000002c                countUpper
 .bss.countLower
                0x000000002000002d        0x1 ./Src/main.o
                0x000000002000002d                countLower
 .bss.listen    0x000000002000002e        0x1 ./Src/main.o
                0x000000002000002e                listen
 *fill*         0x000000002000002f        0x1 
 .bss.USART2_ProcessData
                0x0000000020000030        0x4 ./Src/usart.o
 .bss.old_pos.8715
                0x0000000020000034        0x2 ./Src/usart.o
 *(COMMON)
 *fill*         0x0000000020000036        0x2 
 COMMON         0x0000000020000038       0x14 ./Src/usart.o
                0x0000000020000038                bufferUSART2dma
                0x000000002000004c                . = ALIGN (0x4)
                0x000000002000004c                _ebss = .
                0x000000002000004c                __bss_end__ = _ebss

._user_heap_stack
                0x000000002000004c      0x604 load address 0x0000000008001e2c
                0x0000000020000050                . = ALIGN (0x8)
 *fill*         0x000000002000004c        0x4 
                0x0000000020000050                PROVIDE (end = .)
                [!provide]                        PROVIDE (_end = .)
                0x0000000020000250                . = (. + _Min_Heap_Size)
 *fill*         0x0000000020000050      0x200 
                0x0000000020000650                . = (. + _Min_Stack_Size)
 *fill*         0x0000000020000250      0x400 
                0x0000000020000650                . = ALIGN (0x8)

/DISCARD/
 libc.a(*)
 libm.a(*)
 libgcc.a(*)

.ARM.attributes
                0x0000000000000000       0x30
 *(.ARM.attributes)
 .ARM.attributes
                0x0000000000000000       0x1e d:/stm32ide/stm32cubeide_1.7.0/stm32cubeide/plugins/com.st.stm32cube.ide.mcu.externaltools.gnu-tools-for-stm32.9-2020-q2-update.win32_2.0.0.202105311346/tools/bin/../lib/gcc/arm-none-eabi/9.3.1/thumb/v7e-m+fp/hard/crti.o
 .ARM.attributes
                0x000000000000001e       0x34 d:/stm32ide/stm32cubeide_1.7.0/stm32cubeide/plugins/com.st.stm32cube.ide.mcu.externaltools.gnu-tools-for-stm32.9-2020-q2-update.win32_2.0.0.202105311346/tools/bin/../lib/gcc/arm-none-eabi/9.3.1/thumb/v7e-m+fp/hard/crtbegin.o
 .ARM.attributes
                0x0000000000000052       0x34 ./Drivers/STM32F3xx_HAL_Driver/Src/stm32f3xx_ll_gpio.o
 .ARM.attributes
                0x0000000000000086       0x34 ./Drivers/STM32F3xx_HAL_Driver/Src/stm32f3xx_ll_rcc.o
 .ARM.attributes
                0x00000000000000ba       0x34 ./Drivers/STM32F3xx_HAL_Driver/Src/stm32f3xx_ll_usart.o
 .ARM.attributes
                0x00000000000000ee       0x34 ./Drivers/STM32F3xx_HAL_Driver/Src/stm32f3xx_ll_utils.o
 .ARM.attributes
                0x0000000000000122       0x34 ./Src/dma.o
 .ARM.attributes
                0x0000000000000156       0x34 ./Src/gpio.o
 .ARM.attributes
                0x000000000000018a       0x34 ./Src/main.o
 .ARM.attributes
                0x00000000000001be       0x34 ./Src/stm32f3xx_it.o
 .ARM.attributes
                0x00000000000001f2       0x34 ./Src/system_stm32f3xx.o
 .ARM.attributes
                0x0000000000000226       0x34 ./Src/usart.o
 .ARM.attributes
                0x000000000000025a       0x21 ./Startup/startup_stm32f303k8tx.o
 .ARM.attributes
                0x000000000000027b       0x32 d:/stm32ide/stm32cubeide_1.7.0/stm32cubeide/plugins/com.st.stm32cube.ide.mcu.externaltools.gnu-tools-for-stm32.9-2020-q2-update.win32_2.0.0.202105311346/tools/bin/../lib/gcc/arm-none-eabi/9.3.1/../../../../arm-none-eabi/lib/thumb/v7e-m+fp/hard\libc_nano.a(lib_a-ctype_.o)
 .ARM.attributes
                0x00000000000002ad       0x34 d:/stm32ide/stm32cubeide_1.7.0/stm32cubeide/plugins/com.st.stm32cube.ide.mcu.externaltools.gnu-tools-for-stm32.9-2020-q2-update.win32_2.0.0.202105311346/tools/bin/../lib/gcc/arm-none-eabi/9.3.1/../../../../arm-none-eabi/lib/thumb/v7e-m+fp/hard\libc_nano.a(lib_a-init.o)
 .ARM.attributes
                0x00000000000002e1       0x1e d:/stm32ide/stm32cubeide_1.7.0/stm32cubeide/plugins/com.st.stm32cube.ide.mcu.externaltools.gnu-tools-for-stm32.9-2020-q2-update.win32_2.0.0.202105311346/tools/bin/../lib/gcc/arm-none-eabi/9.3.1/thumb/v7e-m+fp/hard/crtn.o
OUTPUT(usart_DMA.elf elf32-littlearm)
LOAD linker stubs
LOAD d:/stm32ide/stm32cubeide_1.7.0/stm32cubeide/plugins/com.st.stm32cube.ide.mcu.externaltools.gnu-tools-for-stm32.9-2020-q2-update.win32_2.0.0.202105311346/tools/bin/../lib/gcc/arm-none-eabi/9.3.1/../../../../arm-none-eabi/lib/thumb/v7e-m+fp/hard\libc.a
LOAD d:/stm32ide/stm32cubeide_1.7.0/stm32cubeide/plugins/com.st.stm32cube.ide.mcu.externaltools.gnu-tools-for-stm32.9-2020-q2-update.win32_2.0.0.202105311346/tools/bin/../lib/gcc/arm-none-eabi/9.3.1/../../../../arm-none-eabi/lib/thumb/v7e-m+fp/hard\libm.a
LOAD d:/stm32ide/stm32cubeide_1.7.0/stm32cubeide/plugins/com.st.stm32cube.ide.mcu.externaltools.gnu-tools-for-stm32.9-2020-q2-update.win32_2.0.0.202105311346/tools/bin/../lib/gcc/arm-none-eabi/9.3.1/thumb/v7e-m+fp/hard\libgcc.a

.debug_info     0x0000000000000000     0x4d32
 .debug_info    0x0000000000000000      0x7ce ./Drivers/STM32F3xx_HAL_Driver/Src/stm32f3xx_ll_gpio.o
 .debug_info    0x00000000000007ce      0x74c ./Drivers/STM32F3xx_HAL_Driver/Src/stm32f3xx_ll_rcc.o
 .debug_info    0x0000000000000f1a      0x729 ./Drivers/STM32F3xx_HAL_Driver/Src/stm32f3xx_ll_usart.o
 .debug_info    0x0000000000001643      0x87b ./Drivers/STM32F3xx_HAL_Driver/Src/stm32f3xx_ll_utils.o
 .debug_info    0x0000000000001ebe      0x6fc ./Src/dma.o
 .debug_info    0x00000000000025ba      0x3cb ./Src/gpio.o
 .debug_info    0x0000000000002985      0x8d4 ./Src/main.o
 .debug_info    0x0000000000003259      0x567 ./Src/stm32f3xx_it.o
 .debug_info    0x00000000000037c0      0x439 ./Src/system_stm32f3xx.o
 .debug_info    0x0000000000003bf9     0x1117 ./Src/usart.o
 .debug_info    0x0000000000004d10       0x22 ./Startup/startup_stm32f303k8tx.o

.debug_abbrev   0x0000000000000000     0x1394
 .debug_abbrev  0x0000000000000000      0x23b ./Drivers/STM32F3xx_HAL_Driver/Src/stm32f3xx_ll_gpio.o
 .debug_abbrev  0x000000000000023b      0x261 ./Drivers/STM32F3xx_HAL_Driver/Src/stm32f3xx_ll_rcc.o
 .debug_abbrev  0x000000000000049c      0x1d7 ./Drivers/STM32F3xx_HAL_Driver/Src/stm32f3xx_ll_usart.o
 .debug_abbrev  0x0000000000000673      0x293 ./Drivers/STM32F3xx_HAL_Driver/Src/stm32f3xx_ll_utils.o
 .debug_abbrev  0x0000000000000906      0x1a0 ./Src/dma.o
 .debug_abbrev  0x0000000000000aa6      0x17d ./Src/gpio.o
 .debug_abbrev  0x0000000000000c23      0x242 ./Src/main.o
 .debug_abbrev  0x0000000000000e65      0x194 ./Src/stm32f3xx_it.o
 .debug_abbrev  0x0000000000000ff9      0x129 ./Src/system_stm32f3xx.o
 .debug_abbrev  0x0000000000001122      0x260 ./Src/usart.o
 .debug_abbrev  0x0000000000001382       0x12 ./Startup/startup_stm32f303k8tx.o

.debug_aranges  0x0000000000000000      0x630
 .debug_aranges
                0x0000000000000000       0x70 ./Drivers/STM32F3xx_HAL_Driver/Src/stm32f3xx_ll_gpio.o
 .debug_aranges
                0x0000000000000070      0x100 ./Drivers/STM32F3xx_HAL_Driver/Src/stm32f3xx_ll_rcc.o
 .debug_aranges
                0x0000000000000170       0x88 ./Drivers/STM32F3xx_HAL_Driver/Src/stm32f3xx_ll_usart.o
 .debug_aranges
                0x00000000000001f8       0xf0 ./Drivers/STM32F3xx_HAL_Driver/Src/stm32f3xx_ll_utils.o
 .debug_aranges
                0x00000000000002e8       0x38 ./Src/dma.o
 .debug_aranges
                0x0000000000000320       0x30 ./Src/gpio.o
 .debug_aranges
                0x0000000000000350       0xb0 ./Src/main.o
 .debug_aranges
                0x0000000000000400       0xc8 ./Src/stm32f3xx_it.o
 .debug_aranges
                0x00000000000004c8       0x28 ./Src/system_stm32f3xx.o
 .debug_aranges
                0x00000000000004f0      0x118 ./Src/usart.o
 .debug_aranges
                0x0000000000000608       0x28 ./Startup/startup_stm32f303k8tx.o

.debug_ranges   0x0000000000000000      0x588
 .debug_ranges  0x0000000000000000       0x60 ./Drivers/STM32F3xx_HAL_Driver/Src/stm32f3xx_ll_gpio.o
 .debug_ranges  0x0000000000000060       0xf0 ./Drivers/STM32F3xx_HAL_Driver/Src/stm32f3xx_ll_rcc.o
 .debug_ranges  0x0000000000000150       0x78 ./Drivers/STM32F3xx_HAL_Driver/Src/stm32f3xx_ll_usart.o
 .debug_ranges  0x00000000000001c8       0xe0 ./Drivers/STM32F3xx_HAL_Driver/Src/stm32f3xx_ll_utils.o
 .debug_ranges  0x00000000000002a8       0x28 ./Src/dma.o
 .debug_ranges  0x00000000000002d0       0x20 ./Src/gpio.o
 .debug_ranges  0x00000000000002f0       0xa0 ./Src/main.o
 .debug_ranges  0x0000000000000390       0xb8 ./Src/stm32f3xx_it.o
 .debug_ranges  0x0000000000000448       0x18 ./Src/system_stm32f3xx.o
 .debug_ranges  0x0000000000000460      0x108 ./Src/usart.o
 .debug_ranges  0x0000000000000568       0x20 ./Startup/startup_stm32f303k8tx.o

.debug_macro    0x0000000000000000     0x29b5
 .debug_macro   0x0000000000000000      0x10c ./Drivers/STM32F3xx_HAL_Driver/Src/stm32f3xx_ll_gpio.o
 .debug_macro   0x000000000000010c      0x149 ./Drivers/STM32F3xx_HAL_Driver/Src/stm32f3xx_ll_gpio.o
 .debug_macro   0x0000000000000255       0xff ./Drivers/STM32F3xx_HAL_Driver/Src/stm32f3xx_ll_rcc.o
 .debug_macro   0x0000000000000354      0x4b5 ./Drivers/STM32F3xx_HAL_Driver/Src/stm32f3xx_ll_rcc.o
 .debug_macro   0x0000000000000809      0x13f ./Drivers/STM32F3xx_HAL_Driver/Src/stm32f3xx_ll_usart.o
 .debug_macro   0x0000000000000948      0x2f1 ./Drivers/STM32F3xx_HAL_Driver/Src/stm32f3xx_ll_usart.o
 .debug_macro   0x0000000000000c39      0x4bb ./Drivers/STM32F3xx_HAL_Driver/Src/stm32f3xx_ll_usart.o
 .debug_macro   0x00000000000010f4      0x14a ./Drivers/STM32F3xx_HAL_Driver/Src/stm32f3xx_ll_utils.o
 .debug_macro   0x000000000000123e       0x30 ./Drivers/STM32F3xx_HAL_Driver/Src/stm32f3xx_ll_utils.o
 .debug_macro   0x000000000000126e      0x2a5 ./Drivers/STM32F3xx_HAL_Driver/Src/stm32f3xx_ll_utils.o
 .debug_macro   0x0000000000001513       0xaf ./Drivers/STM32F3xx_HAL_Driver/Src/stm32f3xx_ll_utils.o
 .debug_macro   0x00000000000015c2      0x143 ./Src/dma.o
 .debug_macro   0x0000000000001705      0x102 ./Src/dma.o
 .debug_macro   0x0000000000001807       0x28 ./Src/dma.o
 .debug_macro   0x000000000000182f      0x2f7 ./Src/dma.o
 .debug_macro   0x0000000000001b26      0x14f ./Src/dma.o
 .debug_macro   0x0000000000001c75       0x22 ./Src/dma.o
 .debug_macro   0x0000000000001c97      0x143 ./Src/gpio.o
 .debug_macro   0x0000000000001dda      0x1bb ./Src/main.o
 .debug_macro   0x0000000000001f95       0x10 ./Src/main.o
 .debug_macro   0x0000000000001fa5       0x52 ./Src/main.o
 .debug_macro   0x0000000000001ff7       0x18 ./Src/main.o
 .debug_macro   0x000000000000200f       0x3c ./Src/main.o
 .debug_macro   0x000000000000204b       0x34 ./Src/main.o
 .debug_macro   0x000000000000207f      0x174 ./Src/main.o
 .debug_macro   0x00000000000021f3      0x339 ./Src/main.o
 .debug_macro   0x000000000000252c      0x119 ./Src/main.o
 .debug_macro   0x0000000000002645      0x157 ./Src/stm32f3xx_it.o
 .debug_macro   0x000000000000279c       0xd0 ./Src/system_stm32f3xx.o
 .debug_macro   0x000000000000286c      0x149 ./Src/usart.o

.debug_line     0x0000000000000000     0x4d9b
 .debug_line    0x0000000000000000      0x76d ./Drivers/STM32F3xx_HAL_Driver/Src/stm32f3xx_ll_gpio.o
 .debug_line    0x000000000000076d      0x921 ./Drivers/STM32F3xx_HAL_Driver/Src/stm32f3xx_ll_rcc.o
 .debug_line    0x000000000000108e      0x6f6 ./Drivers/STM32F3xx_HAL_Driver/Src/stm32f3xx_ll_usart.o
 .debug_line    0x0000000000001784      0x915 ./Drivers/STM32F3xx_HAL_Driver/Src/stm32f3xx_ll_utils.o
 .debug_line    0x0000000000002099      0x61a ./Src/dma.o
 .debug_line    0x00000000000026b3      0x5e4 ./Src/gpio.o
 .debug_line    0x0000000000002c97      0x9b9 ./Src/main.o
 .debug_line    0x0000000000003650      0x7f2 ./Src/stm32f3xx_it.o
 .debug_line    0x0000000000003e42      0x515 ./Src/system_stm32f3xx.o
 .debug_line    0x0000000000004357      0x9c3 ./Src/usart.o
 .debug_line    0x0000000000004d1a       0x81 ./Startup/startup_stm32f303k8tx.o

.debug_str      0x0000000000000000    0x6fc62
 .debug_str     0x0000000000000000    0x64775 ./Drivers/STM32F3xx_HAL_Driver/Src/stm32f3xx_ll_gpio.o
                                      0x6491f (size before relaxing)
 .debug_str     0x0000000000064775     0x27f1 ./Drivers/STM32F3xx_HAL_Driver/Src/stm32f3xx_ll_rcc.o
                                      0x65d49 (size before relaxing)
 .debug_str     0x0000000000066f66     0x1a39 ./Drivers/STM32F3xx_HAL_Driver/Src/stm32f3xx_ll_usart.o
                                      0x6785d (size before relaxing)
 .debug_str     0x000000000006899f     0x2d33 ./Drivers/STM32F3xx_HAL_Driver/Src/stm32f3xx_ll_utils.o
                                      0x685b9 (size before relaxing)
 .debug_str     0x000000000006b6d2     0x1c25 ./Src/dma.o
                                      0x6b232 (size before relaxing)
 .debug_str     0x000000000006d2f7       0x3c ./Src/gpio.o
                                      0x6af02 (size before relaxing)
 .debug_str     0x000000000006d333     0x2321 ./Src/main.o
                                      0x6d39b (size before relaxing)
 .debug_str     0x000000000006f654      0x225 ./Src/stm32f3xx_it.o
                                      0x6b05b (size before relaxing)
 .debug_str     0x000000000006f879       0x64 ./Src/system_stm32f3xx.o
                                      0x635c5 (size before relaxing)
 .debug_str     0x000000000006f8dd      0x354 ./Src/usart.o
                                      0x6b747 (size before relaxing)
 .debug_str     0x000000000006fc31       0x31 ./Startup/startup_stm32f303k8tx.o
                                         0x80 (size before relaxing)

.comment        0x0000000000000000       0x53
 .comment       0x0000000000000000       0x53 ./Drivers/STM32F3xx_HAL_Driver/Src/stm32f3xx_ll_gpio.o
                                         0x54 (size before relaxing)
 .comment       0x0000000000000053       0x54 ./Drivers/STM32F3xx_HAL_Driver/Src/stm32f3xx_ll_rcc.o
 .comment       0x0000000000000053       0x54 ./Drivers/STM32F3xx_HAL_Driver/Src/stm32f3xx_ll_usart.o
 .comment       0x0000000000000053       0x54 ./Drivers/STM32F3xx_HAL_Driver/Src/stm32f3xx_ll_utils.o
 .comment       0x0000000000000053       0x54 ./Src/dma.o
 .comment       0x0000000000000053       0x54 ./Src/gpio.o
 .comment       0x0000000000000053       0x54 ./Src/main.o
 .comment       0x0000000000000053       0x54 ./Src/stm32f3xx_it.o
 .comment       0x0000000000000053       0x54 ./Src/system_stm32f3xx.o
 .comment       0x0000000000000053       0x54 ./Src/usart.o

.debug_frame    0x0000000000000000     0x1854
 .debug_frame   0x0000000000000000      0x1c0 ./Drivers/STM32F3xx_HAL_Driver/Src/stm32f3xx_ll_gpio.o
 .debug_frame   0x00000000000001c0      0x408 ./Drivers/STM32F3xx_HAL_Driver/Src/stm32f3xx_ll_rcc.o
 .debug_frame   0x00000000000005c8      0x238 ./Drivers/STM32F3xx_HAL_Driver/Src/stm32f3xx_ll_usart.o
 .debug_frame   0x0000000000000800      0x3dc ./Drivers/STM32F3xx_HAL_Driver/Src/stm32f3xx_ll_utils.o
 .debug_frame   0x0000000000000bdc       0xa4 ./Src/dma.o
 .debug_frame   0x0000000000000c80       0x84 ./Src/gpio.o
 .debug_frame   0x0000000000000d04      0x2cc ./Src/main.o
 .debug_frame   0x0000000000000fd0      0x2f4 ./Src/stm32f3xx_it.o
 .debug_frame   0x00000000000012c4       0x58 ./Src/system_stm32f3xx.o
 .debug_frame   0x000000000000131c      0x50c ./Src/usart.o
 .debug_frame   0x0000000000001828       0x2c d:/stm32ide/stm32cubeide_1.7.0/stm32cubeide/plugins/com.st.stm32cube.ide.mcu.externaltools.gnu-tools-for-stm32.9-2020-q2-update.win32_2.0.0.202105311346/tools/bin/../lib/gcc/arm-none-eabi/9.3.1/../../../../arm-none-eabi/lib/thumb/v7e-m+fp/hard\libc_nano.a(lib_a-init.o)
