Archive member included to satisfy reference by file (symbol)

c:/st/stm32cubeide_1.7.0/stm32cubeide/plugins/com.st.stm32cube.ide.mcu.externaltools.gnu-tools-for-stm32.9-2020-q2-update.win32_2.0.0.202105311346/tools/bin/../lib/gcc/arm-none-eabi/9.3.1/../../../../arm-none-eabi/lib/thumb/v7e-m+fp/hard\libc_nano.a(lib_a-errno.o)
                              ./Src/syscalls.o (__errno)
c:/st/stm32cubeide_1.7.0/stm32cubeide/plugins/com.st.stm32cube.ide.mcu.externaltools.gnu-tools-for-stm32.9-2020-q2-update.win32_2.0.0.202105311346/tools/bin/../lib/gcc/arm-none-eabi/9.3.1/../../../../arm-none-eabi/lib/thumb/v7e-m+fp/hard\libc_nano.a(lib_a-exit.o)
                              c:/st/stm32cubeide_1.7.0/stm32cubeide/plugins/com.st.stm32cube.ide.mcu.externaltools.gnu-tools-for-stm32.9-2020-q2-update.win32_2.0.0.202105311346/tools/bin/../lib/gcc/arm-none-eabi/9.3.1/../../../../arm-none-eabi/lib/thumb/v7e-m+fp/hard/crt0.o (exit)
c:/st/stm32cubeide_1.7.0/stm32cubeide/plugins/com.st.stm32cube.ide.mcu.externaltools.gnu-tools-for-stm32.9-2020-q2-update.win32_2.0.0.202105311346/tools/bin/../lib/gcc/arm-none-eabi/9.3.1/../../../../arm-none-eabi/lib/thumb/v7e-m+fp/hard\libc_nano.a(lib_a-impure.o)
                              c:/st/stm32cubeide_1.7.0/stm32cubeide/plugins/com.st.stm32cube.ide.mcu.externaltools.gnu-tools-for-stm32.9-2020-q2-update.win32_2.0.0.202105311346/tools/bin/../lib/gcc/arm-none-eabi/9.3.1/../../../../arm-none-eabi/lib/thumb/v7e-m+fp/hard\libc_nano.a(lib_a-exit.o) (_global_impure_ptr)
c:/st/stm32cubeide_1.7.0/stm32cubeide/plugins/com.st.stm32cube.ide.mcu.externaltools.gnu-tools-for-stm32.9-2020-q2-update.win32_2.0.0.202105311346/tools/bin/../lib/gcc/arm-none-eabi/9.3.1/../../../../arm-none-eabi/lib/thumb/v7e-m+fp/hard\libc_nano.a(lib_a-init.o)
                              c:/st/stm32cubeide_1.7.0/stm32cubeide/plugins/com.st.stm32cube.ide.mcu.externaltools.gnu-tools-for-stm32.9-2020-q2-update.win32_2.0.0.202105311346/tools/bin/../lib/gcc/arm-none-eabi/9.3.1/../../../../arm-none-eabi/lib/thumb/v7e-m+fp/hard/crt0.o (__libc_init_array)
c:/st/stm32cubeide_1.7.0/stm32cubeide/plugins/com.st.stm32cube.ide.mcu.externaltools.gnu-tools-for-stm32.9-2020-q2-update.win32_2.0.0.202105311346/tools/bin/../lib/gcc/arm-none-eabi/9.3.1/../../../../arm-none-eabi/lib/thumb/v7e-m+fp/hard\libc_nano.a(lib_a-memset.o)
                              c:/st/stm32cubeide_1.7.0/stm32cubeide/plugins/com.st.stm32cube.ide.mcu.externaltools.gnu-tools-for-stm32.9-2020-q2-update.win32_2.0.0.202105311346/tools/bin/../lib/gcc/arm-none-eabi/9.3.1/../../../../arm-none-eabi/lib/thumb/v7e-m+fp/hard/crt0.o (memset)

Allocating common symbols
Common symbol       size              file

acc                 0xc               ./Src/main.o
saved_time          0x8               ./Src/main.o
aReceiveBuffer_read
                    0x4               ./Src/i2c.o
mag                 0xc               ./Src/main.o

Discarded input sections

 .text          0x0000000000000000        0x0 c:/st/stm32cubeide_1.7.0/stm32cubeide/plugins/com.st.stm32cube.ide.mcu.externaltools.gnu-tools-for-stm32.9-2020-q2-update.win32_2.0.0.202105311346/tools/bin/../lib/gcc/arm-none-eabi/9.3.1/thumb/v7e-m+fp/hard/crti.o
 .data          0x0000000000000000        0x0 c:/st/stm32cubeide_1.7.0/stm32cubeide/plugins/com.st.stm32cube.ide.mcu.externaltools.gnu-tools-for-stm32.9-2020-q2-update.win32_2.0.0.202105311346/tools/bin/../lib/gcc/arm-none-eabi/9.3.1/thumb/v7e-m+fp/hard/crti.o
 .bss           0x0000000000000000        0x0 c:/st/stm32cubeide_1.7.0/stm32cubeide/plugins/com.st.stm32cube.ide.mcu.externaltools.gnu-tools-for-stm32.9-2020-q2-update.win32_2.0.0.202105311346/tools/bin/../lib/gcc/arm-none-eabi/9.3.1/thumb/v7e-m+fp/hard/crti.o
 .data          0x0000000000000000        0x4 c:/st/stm32cubeide_1.7.0/stm32cubeide/plugins/com.st.stm32cube.ide.mcu.externaltools.gnu-tools-for-stm32.9-2020-q2-update.win32_2.0.0.202105311346/tools/bin/../lib/gcc/arm-none-eabi/9.3.1/thumb/v7e-m+fp/hard/crtbegin.o
 .text          0x0000000000000000       0x7c c:/st/stm32cubeide_1.7.0/stm32cubeide/plugins/com.st.stm32cube.ide.mcu.externaltools.gnu-tools-for-stm32.9-2020-q2-update.win32_2.0.0.202105311346/tools/bin/../lib/gcc/arm-none-eabi/9.3.1/../../../../arm-none-eabi/lib/thumb/v7e-m+fp/hard/crt0.o
 .data          0x0000000000000000        0x0 c:/st/stm32cubeide_1.7.0/stm32cubeide/plugins/com.st.stm32cube.ide.mcu.externaltools.gnu-tools-for-stm32.9-2020-q2-update.win32_2.0.0.202105311346/tools/bin/../lib/gcc/arm-none-eabi/9.3.1/../../../../arm-none-eabi/lib/thumb/v7e-m+fp/hard/crt0.o
 .bss           0x0000000000000000        0x0 c:/st/stm32cubeide_1.7.0/stm32cubeide/plugins/com.st.stm32cube.ide.mcu.externaltools.gnu-tools-for-stm32.9-2020-q2-update.win32_2.0.0.202105311346/tools/bin/../lib/gcc/arm-none-eabi/9.3.1/../../../../arm-none-eabi/lib/thumb/v7e-m+fp/hard/crt0.o
[...]
Memory Configuration

Name             Origin             Length             Attributes
FLASH            0x0000000008000000 0x0000000000010000 xr
CCMRAM           0x0000000010000000 0x0000000000001000 xrw
RAM              0x0000000020000000 0x0000000000003000 xrw
*default*        0x0000000000000000 0xffffffffffffffff

Linker script and memory map

LOAD c:/st/stm32cubeide_1.7.0/stm32cubeide/plugins/com.st.stm32cube.ide.mcu.externaltools.gnu-tools-for-stm32.9-2020-q2-update.win32_2.0.0.202105311346/tools/bin/../lib/gcc/arm-none-eabi/9.3.1/thumb/v7e-m+fp/hard/crti.o
LOAD c:/st/stm32cubeide_1.7.0/stm32cubeide/plugins/com.st.stm32cube.ide.mcu.externaltools.gnu-tools-for-stm32.9-2020-q2-update.win32_2.0.0.202105311346/tools/bin/../lib/gcc/arm-none-eabi/9.3.1/thumb/v7e-m+fp/hard/crtbegin.o
LOAD c:/st/stm32cubeide_1.7.0/stm32cubeide/plugins/com.st.stm32cube.ide.mcu.externaltools.gnu-tools-for-stm32.9-2020-q2-update.win32_2.0.0.202105311346/tools/bin/../lib/gcc/arm-none-eabi/9.3.1/../../../../arm-none-eabi/lib/thumb/v7e-m+fp/hard/crt0.o
LOAD ./Drivers/STM32F3xx_HAL_Driver/Src/stm32f3xx_ll_dma.o
LOAD ./Drivers/STM32F3xx_HAL_Driver/Src/stm32f3xx_ll_exti.o
LOAD ./Drivers/STM32F3xx_HAL_Driver/Src/stm32f3xx_ll_gpio.o
LOAD ./Drivers/STM32F3xx_HAL_Driver/Src/stm32f3xx_ll_i2c.o
LOAD ./Drivers/STM32F3xx_HAL_Driver/Src/stm32f3xx_ll_rcc.o
LOAD ./Drivers/STM32F3xx_HAL_Driver/Src/stm32f3xx_ll_tim.o
LOAD ./Drivers/STM32F3xx_HAL_Driver/Src/stm32f3xx_ll_utils.o
LOAD ./Src/display.o
LOAD ./Src/gpio.o
LOAD ./Src/i2c.o
LOAD ./Src/main.o
LOAD ./Src/stm32f3xx_it.o
LOAD ./Src/syscalls.o
LOAD ./Src/sysmem.o
LOAD ./Src/system_stm32f3xx.o
LOAD ./Src/tim.o
LOAD ./Startup/startup_stm32f303k8tx.o
LOAD ./accelerometer/lsm6ds0.o
LOAD ./compass/lis3mdltr.o
START GROUP
LOAD c:/st/stm32cubeide_1.7.0/stm32cubeide/plugins/com.st.stm32cube.ide.mcu.externaltools.gnu-tools-for-stm32.9-2020-q2-update.win32_2.0.0.202105311346/tools/bin/../lib/gcc/arm-none-eabi/9.3.1/../../../../arm-none-eabi/lib/thumb/v7e-m+fp/hard\libc_nano.a
LOAD c:/st/stm32cubeide_1.7.0/stm32cubeide/plugins/com.st.stm32cube.ide.mcu.externaltools.gnu-tools-for-stm32.9-2020-q2-update.win32_2.0.0.202105311346/tools/bin/../lib/gcc/arm-none-eabi/9.3.1/../../../../arm-none-eabi/lib/thumb/v7e-m+fp/hard\libm.a
END GROUP
START GROUP
LOAD c:/st/stm32cubeide_1.7.0/stm32cubeide/plugins/com.st.stm32cube.ide.mcu.externaltools.gnu-tools-for-stm32.9-2020-q2-update.win32_2.0.0.202105311346/tools/bin/../lib/gcc/arm-none-eabi/9.3.1/thumb/v7e-m+fp/hard\libgcc.a
LOAD c:/st/stm32cubeide_1.7.0/stm32cubeide/plugins/com.st.stm32cube.ide.mcu.externaltools.gnu-tools-for-stm32.9-2020-q2-update.win32_2.0.0.202105311346/tools/bin/../lib/gcc/arm-none-eabi/9.3.1/../../../../arm-none-eabi/lib/thumb/v7e-m+fp/hard\libc_nano.a
END GROUP
START GROUP
LOAD c:/st/stm32cubeide_1.7.0/stm32cubeide/plugins/com.st.stm32cube.ide.mcu.externaltools.gnu-tools-for-stm32.9-2020-q2-update.win32_2.0.0.202105311346/tools/bin/../lib/gcc/arm-none-eabi/9.3.1/thumb/v7e-m+fp/hard\libgcc.a
LOAD c:/st/stm32cubeide_1.7.0/stm32cubeide/plugins/com.st.stm32cube.ide.mcu.externaltools.gnu-tools-for-stm32.9-2020-q2-update.win32_2.0.0.202105311346/tools/bin/../lib/gcc/arm-none-eabi/9.3.1/../../../../arm-none-eabi/lib/thumb/v7e-m+fp/hard\libc_nano.a
LOAD c:/st/stm32cubeide_1.7.0/stm32cubeide/plugins/com.st.stm32cube.ide.mcu.externaltools.gnu-tools-for-stm32.9-2020-q2-update.win32_2.0.0.202105311346/tools/bin/../lib/gcc/arm-none-eabi/9.3.1/../../../../arm-none-eabi/lib/thumb/v7e-m+fp/hard\libnosys.a
END GROUP
START GROUP
LOAD c:/st/stm32cubeide_1.7.0/stm32cubeide/plugins/com.st.stm32cube.ide.mcu.externaltools.gnu-tools-for-stm32.9-2020-q2-update.win32_2.0.0.202105311346/tools/bin/../lib/gcc/arm-none-eabi/9.3.1/thumb/v7e-m+fp/hard\libgcc.a
LOAD c:/st/stm32cubeide_1.7.0/stm32cubeide/plugins/com.st.stm32cube.ide.mcu.externaltools.gnu-tools-for-stm32.9-2020-q2-update.win32_2.0.0.202105311346/tools/bin/../lib/gcc/arm-none-eabi/9.3.1/../../../../arm-none-eabi/lib/thumb/v7e-m+fp/hard\libc_nano.a
LOAD c:/st/stm32cubeide_1.7.0/stm32cubeide/plugins/com.st.stm32cube.ide.mcu.externaltools.gnu-tools-for-stm32.9-2020-q2-update.win32_2.0.0.202105311346/tools/bin/../lib/gcc/arm-none-eabi/9.3.1/../../../../arm-none-eabi/lib/thumb/v7e-m+fp/hard\libnosys.a
END GROUP
LOAD c:/st/stm32cubeide_1.7.0/stm32cubeide/plugins/com.st.stm32cube.ide.mcu.externaltools.gnu-tools-for-stm32.9-2020-q2-update.win32_2.0.0.202105311346/tools/bin/../lib/gcc/arm-none-eabi/9.3.1/thumb/v7e-m+fp/hard/crtend.o
LOAD c:/st/stm32cubeide_1.7.0/stm32cubeide/plugins/com.st.stm32cube.ide.mcu.externaltools.gnu-tools-for-stm32.9-2020-q2-update.win32_2.0.0.202105311346/tools/bin/../lib/gcc/arm-none-eabi/9.3.1/thumb/v7e-m+fp/hard/crtn.o
                0x0000000020003000                _estack = 0x20003000
                0x0000000000000200                _Min_Heap_Size = 0x200
                0x0000000000000400                _Min_Stack_Size = 0x400

.isr_vector     0x0000000008000000      0x188
                0x0000000008000000                . = ALIGN (0x4)
 *(.isr_vector)
 .isr_vector    0x0000000008000000      0x188 ./Startup/startup_stm32f303k8tx.o
                0x0000000008000000                g_pfnVectors
                0x0000000008000188                . = ALIGN (0x4)

.text           0x0000000008000188     0x2404
                0x0000000008000188                . = ALIGN (0x4)
 *(.text)
 .text          0x0000000008000188       0x40 c:/st/stm32cubeide_1.7.0/stm32cubeide/plugins/com.st.stm32cube.ide.mcu.externaltools.gnu-tools-for-stm32.9-2020-q2-update.win32_2.0.0.202105311346/tools/bin/../lib/gcc/arm-none-eabi/9.3.1/thumb/v7e-m+fp/hard/crtbegin.o
 *(.text*)
 .text.LL_GPIO_SetPinMode
                0x00000000080001c8       0x5a ./Drivers/STM32F3xx_HAL_Driver/Src/stm32f3xx_ll_gpio.o
 .text.LL_GPIO_SetPinOutputType
                0x0000000008000222       0x30 ./Drivers/STM32F3xx_HAL_Driver/Src/stm32f3xx_ll_gpio.o
 .text.LL_GPIO_SetPinSpeed
                0x0000000008000252       0x5a ./Drivers/STM32F3xx_HAL_Driver/Src/stm32f3xx_ll_gpio.o
 .text.LL_GPIO_SetPinPull
                0x00000000080002ac       0x5a ./Drivers/STM32F3xx_HAL_Driver/Src/stm32f3xx_ll_gpio.o
 .text.LL_GPIO_SetAFPin_0_7
                0x0000000008000306       0x5a ./Drivers/STM32F3xx_HAL_Driver/Src/stm32f3xx_ll_gpio.o
 .text.LL_GPIO_SetAFPin_8_15
                0x0000000008000360       0x5e ./Drivers/STM32F3xx_HAL_Driver/Src/stm32f3xx_ll_gpio.o
 .text.LL_GPIO_Init
                0x00000000080003be       0xf4 ./Drivers/STM32F3xx_HAL_Driver/Src/stm32f3xx_ll_gpio.o
                0x00000000080003be                LL_GPIO_Init
 .text.LL_I2C_Enable
                0x00000000080004b2       0x20 ./Drivers/STM32F3xx_HAL_Driver/Src/stm32f3xx_ll_i2c.o
 .text.LL_I2C_Disable
                0x00000000080004d2       0x20 ./Drivers/STM32F3xx_HAL_Driver/Src/stm32f3xx_ll_i2c.o
 .text.LL_I2C_ConfigFilters
                0x00000000080004f2       0x2e ./Drivers/STM32F3xx_HAL_Driver/Src/stm32f3xx_ll_i2c.o
 .text.LL_I2C_SetOwnAddress1
                0x0000000008000520       0x30 ./Drivers/STM32F3xx_HAL_Driver/Src/stm32f3xx_ll_i2c.o
 .text.LL_I2C_EnableOwnAddress1
                0x0000000008000550       0x20 ./Drivers/STM32F3xx_HAL_Driver/Src/stm32f3xx_ll_i2c.o
 .text.LL_I2C_DisableOwnAddress1
                0x0000000008000570       0x20 ./Drivers/STM32F3xx_HAL_Driver/Src/stm32f3xx_ll_i2c.o
 .text.LL_I2C_SetTiming
                0x0000000008000590       0x1c ./Drivers/STM32F3xx_HAL_Driver/Src/stm32f3xx_ll_i2c.o
 .text.LL_I2C_SetMode
                0x00000000080005ac       0x26 ./Drivers/STM32F3xx_HAL_Driver/Src/stm32f3xx_ll_i2c.o
 .text.LL_I2C_AcknowledgeNextData
                0x00000000080005d2       0x26 ./Drivers/STM32F3xx_HAL_Driver/Src/stm32f3xx_ll_i2c.o
 .text.LL_I2C_Init
                0x00000000080005f8       0x78 ./Drivers/STM32F3xx_HAL_Driver/Src/stm32f3xx_ll_i2c.o
                0x00000000080005f8                LL_I2C_Init
 .text.LL_TIM_SetPrescaler
                0x0000000008000670       0x1c ./Drivers/STM32F3xx_HAL_Driver/Src/stm32f3xx_ll_tim.o
 .text.LL_TIM_SetAutoReload
                0x000000000800068c       0x1c ./Drivers/STM32F3xx_HAL_Driver/Src/stm32f3xx_ll_tim.o
 .text.LL_TIM_SetRepetitionCounter
                0x00000000080006a8       0x1c ./Drivers/STM32F3xx_HAL_Driver/Src/stm32f3xx_ll_tim.o
 .text.LL_TIM_OC_SetCompareCH1
                0x00000000080006c4       0x1c ./Drivers/STM32F3xx_HAL_Driver/Src/stm32f3xx_ll_tim.o
 .text.LL_TIM_OC_SetCompareCH2
                0x00000000080006e0       0x1c ./Drivers/STM32F3xx_HAL_Driver/Src/stm32f3xx_ll_tim.o
 .text.LL_TIM_OC_SetCompareCH3
                0x00000000080006fc       0x1c ./Drivers/STM32F3xx_HAL_Driver/Src/stm32f3xx_ll_tim.o
 .text.LL_TIM_OC_SetCompareCH4
                0x0000000008000718       0x1c ./Drivers/STM32F3xx_HAL_Driver/Src/stm32f3xx_ll_tim.o
 .text.LL_TIM_OC_SetCompareCH5
                0x0000000008000734       0x1c ./Drivers/STM32F3xx_HAL_Driver/Src/stm32f3xx_ll_tim.o
 .text.LL_TIM_OC_SetCompareCH6
                0x0000000008000750       0x1c ./Drivers/STM32F3xx_HAL_Driver/Src/stm32f3xx_ll_tim.o
 .text.LL_TIM_GenerateEvent_UPDATE
                0x000000000800076c       0x20 ./Drivers/STM32F3xx_HAL_Driver/Src/stm32f3xx_ll_tim.o
 .text.LL_TIM_Init
                0x000000000800078c       0xe8 ./Drivers/STM32F3xx_HAL_Driver/Src/stm32f3xx_ll_tim.o
                0x000000000800078c                LL_TIM_Init
 .text.LL_TIM_OC_Init
                0x0000000008000874       0xbe ./Drivers/STM32F3xx_HAL_Driver/Src/stm32f3xx_ll_tim.o
                0x0000000008000874                LL_TIM_OC_Init
 *fill*         0x0000000008000932        0x2 
 .text.OC1Config
                0x0000000008000934      0x100 ./Drivers/STM32F3xx_HAL_Driver/Src/stm32f3xx_ll_tim.o
 .text.OC2Config
                0x0000000008000a34      0x108 ./Drivers/STM32F3xx_HAL_Driver/Src/stm32f3xx_ll_tim.o
 .text.OC3Config
                0x0000000008000b3c      0x108 ./Drivers/STM32F3xx_HAL_Driver/Src/stm32f3xx_ll_tim.o
 .text.OC4Config
                0x0000000008000c44       0xd8 ./Drivers/STM32F3xx_HAL_Driver/Src/stm32f3xx_ll_tim.o
 .text.OC5Config
                0x0000000008000d1c       0xc4 ./Drivers/STM32F3xx_HAL_Driver/Src/stm32f3xx_ll_tim.o
 .text.OC6Config
                0x0000000008000de0       0xc4 ./Drivers/STM32F3xx_HAL_Driver/Src/stm32f3xx_ll_tim.o
 .text.LL_InitTick
                0x0000000008000ea4       0x34 ./Drivers/STM32F3xx_HAL_Driver/Src/stm32f3xx_ll_utils.o
 .text.LL_Init1msTick
                0x0000000008000ed8       0x1a ./Drivers/STM32F3xx_HAL_Driver/Src/stm32f3xx_ll_utils.o
                0x0000000008000ed8                LL_Init1msTick
 *fill*         0x0000000008000ef2        0x2 
 .text.LL_mDelay
                0x0000000008000ef4       0x4c ./Drivers/STM32F3xx_HAL_Driver/Src/stm32f3xx_ll_utils.o
                0x0000000008000ef4                LL_mDelay
 .text.LL_SetSystemCoreClock
                0x0000000008000f40       0x20 ./Drivers/STM32F3xx_HAL_Driver/Src/stm32f3xx_ll_utils.o
                0x0000000008000f40                LL_SetSystemCoreClock
 .text.LL_GPIO_SetOutputPin
                0x0000000008000f60       0x1c ./Src/display.o
 .text.LL_GPIO_ResetOutputPin
                0x0000000008000f7c       0x1c ./Src/display.o
 .text.LL_TIM_ClearFlag_UPDATE
                0x0000000008000f98       0x1c ./Src/display.o
 .text.LL_TIM_IsActiveFlag_UPDATE
                0x0000000008000fb4       0x26 ./Src/display.o
 *fill*         0x0000000008000fda        0x2 
 .text.resetSegments
                0x0000000008000fdc       0x5c ./Src/display.o
                0x0000000008000fdc                resetSegments
 .text.setSegments
                0x0000000008001038       0x5c ./Src/display.o
                0x0000000008001038                setSegments
 .text.resetDigits
                0x0000000008001094       0x3a ./Src/display.o
                0x0000000008001094                resetDigits
 .text.setDigits
                0x00000000080010ce       0x3a ./Src/display.o
                0x00000000080010ce                setDigits
 .text.setA     0x0000000008001108       0x12 ./Src/display.o
                0x0000000008001108                setA
 .text.setB     0x000000000800111a       0x12 ./Src/display.o
                0x000000000800111a                setB
 .text.setC     0x000000000800112c       0x14 ./Src/display.o
                0x000000000800112c                setC
 .text.setD     0x0000000008001140       0x14 ./Src/display.o
                0x0000000008001140                setD
 .text.setE     0x0000000008001154       0x14 ./Src/display.o
                0x0000000008001154                setE
 .text.setF     0x0000000008001168       0x12 ./Src/display.o
                0x0000000008001168                setF
 *fill*         0x000000000800117a        0x2 
 .text.setG     0x000000000800117c       0x14 ./Src/display.o
                0x000000000800117c                setG
 .text.displayNumber
                0x0000000008001190       0x54 ./Src/display.o
                0x0000000008001190                displayNumber
 .text.setDigit
                0x00000000080011e4       0x60 ./Src/display.o
                0x00000000080011e4                setDigit
 .text.decode_7seg
                0x0000000008001244       0x2c ./Src/display.o
                0x0000000008001244                decode_7seg
 .text.updateDisplay
                0x0000000008001270       0xdc ./Src/display.o
                0x0000000008001270                updateDisplay
 .text.TIM3_IRQHandler
                0x000000000800134c       0x24 ./Src/display.o
                0x000000000800134c                TIM3_IRQHandler
 .text.LL_AHB1_GRP1_EnableClock
                0x0000000008001370       0x30 ./Src/gpio.o
 .text.LL_GPIO_ResetOutputPin
                0x00000000080013a0       0x1c ./Src/gpio.o
 .text.MX_GPIO_Init
                0x00000000080013bc       0x88 ./Src/gpio.o
                0x00000000080013bc                MX_GPIO_Init
 .text.NVIC_GetPriorityGrouping
                0x0000000008001444       0x1c ./Src/i2c.o
 .text.NVIC_EnableIRQ
                0x0000000008001460       0x34 ./Src/i2c.o
 .text.NVIC_SetPriority
                0x0000000008001494       0x54 ./Src/i2c.o
 .text.NVIC_EncodePriority
                0x00000000080014e8       0x66 ./Src/i2c.o
 .text.LL_I2C_Enable
                0x000000000800154e       0x20 ./Src/i2c.o
 .text.LL_I2C_EnableClockStretching
                0x000000000800156e       0x20 ./Src/i2c.o
 .text.LL_I2C_DisableGeneralCall
                0x000000000800158e       0x20 ./Src/i2c.o
 .text.LL_I2C_SetOwnAddress2
                0x00000000080015ae       0x30 ./Src/i2c.o
 .text.LL_I2C_DisableOwnAddress2
                0x00000000080015de       0x20 ./Src/i2c.o
 .text.LL_I2C_EnableIT_RX
                0x00000000080015fe       0x20 ./Src/i2c.o
 .text.LL_I2C_DisableIT_RX
                0x000000000800161e       0x20 ./Src/i2c.o
 .text.LL_I2C_IsActiveFlag_TXIS
                0x000000000800163e       0x26 ./Src/i2c.o
 .text.LL_I2C_IsActiveFlag_RXNE
                0x0000000008001664       0x26 ./Src/i2c.o
 .text.LL_I2C_IsActiveFlag_STOP
                0x000000000800168a       0x26 ./Src/i2c.o
 .text.LL_I2C_ClearFlag_STOP
                0x00000000080016b0       0x20 ./Src/i2c.o
 .text.LL_I2C_EnableAutoEndMode
                0x00000000080016d0       0x20 ./Src/i2c.o
 .text.LL_I2C_HandleTransfer
                0x00000000080016f0       0x4c ./Src/i2c.o
 .text.LL_I2C_ReceiveData8
                0x000000000800173c       0x1a ./Src/i2c.o
 .text.LL_I2C_TransmitData8
                0x0000000008001756       0x1e ./Src/i2c.o
 .text.LL_AHB1_GRP1_EnableClock
                0x0000000008001774       0x30 ./Src/i2c.o
 .text.LL_APB1_GRP1_EnableClock
                0x00000000080017a4       0x30 ./Src/i2c.o
 .text.MX_I2C1_Init
                0x00000000080017d4       0xe0 ./Src/i2c.o
                0x00000000080017d4                MX_I2C1_Init
 .text.i2c_master_write
                0x00000000080018b4       0x88 ./Src/i2c.o
                0x00000000080018b4                i2c_master_write
 .text.i2c_master_read
                0x000000000800193c       0xf4 ./Src/i2c.o
                0x000000000800193c                i2c_master_read
 .text.I2C1_EV_IRQHandler
                0x0000000008001a30       0x60 ./Src/i2c.o
                0x0000000008001a30                I2C1_EV_IRQHandler
 .text.NVIC_SetPriorityGrouping
                0x0000000008001a90       0x48 ./Src/main.o
 .text.LL_RCC_HSI_Enable
                0x0000000008001ad8       0x20 ./Src/main.o
 .text.LL_RCC_HSI_IsReady
                0x0000000008001af8       0x24 ./Src/main.o
 .text.LL_RCC_HSI_SetCalibTrimming
                0x0000000008001b1c       0x2c ./Src/main.o
 .text.LL_RCC_SetSysClkSource
                0x0000000008001b48       0x28 ./Src/main.o
 .text.LL_RCC_GetSysClkSource
                0x0000000008001b70       0x1c ./Src/main.o
 .text.LL_RCC_SetAHBPrescaler
                0x0000000008001b8c       0x28 ./Src/main.o
 .text.LL_RCC_SetAPB1Prescaler
                0x0000000008001bb4       0x28 ./Src/main.o
 .text.LL_RCC_SetAPB2Prescaler
                0x0000000008001bdc       0x28 ./Src/main.o
 .text.LL_RCC_SetI2CClockSource
                0x0000000008001c04       0x30 ./Src/main.o
 .text.LL_APB1_GRP1_EnableClock
                0x0000000008001c34       0x30 ./Src/main.o
 .text.LL_APB2_GRP1_EnableClock
                0x0000000008001c64       0x30 ./Src/main.o
 .text.LL_FLASH_SetLatency
                0x0000000008001c94       0x28 ./Src/main.o
 .text.LL_FLASH_GetLatency
                0x0000000008001cbc       0x1c ./Src/main.o
 .text.LL_SYSTICK_SetClkSource
                0x0000000008001cd8       0x38 ./Src/main.o
 .text.main     0x0000000008001d10      0x108 ./Src/main.o
                0x0000000008001d10                main
 .text.SystemClock_Config
                0x0000000008001e18       0x74 ./Src/main.o
                0x0000000008001e18                SystemClock_Config
 .text.Error_Handler
                0x0000000008001e8c        0xe ./Src/main.o
                0x0000000008001e8c                Error_Handler
 .text.NMI_Handler
                0x0000000008001e9a        0xe ./Src/stm32f3xx_it.o
                0x0000000008001e9a                NMI_Handler
 .text.HardFault_Handler
                0x0000000008001ea8        0x6 ./Src/stm32f3xx_it.o
                0x0000000008001ea8                HardFault_Handler
 .text.MemManage_Handler
                0x0000000008001eae        0x6 ./Src/stm32f3xx_it.o
                0x0000000008001eae                MemManage_Handler
 .text.BusFault_Handler
                0x0000000008001eb4        0x6 ./Src/stm32f3xx_it.o
                0x0000000008001eb4                BusFault_Handler
 .text.UsageFault_Handler
                0x0000000008001eba        0x6 ./Src/stm32f3xx_it.o
                0x0000000008001eba                UsageFault_Handler
 .text.SVC_Handler
                0x0000000008001ec0        0xe ./Src/stm32f3xx_it.o
                0x0000000008001ec0                SVC_Handler
 .text.DebugMon_Handler
                0x0000000008001ece        0xe ./Src/stm32f3xx_it.o
                0x0000000008001ece                DebugMon_Handler
 .text.PendSV_Handler
                0x0000000008001edc        0xe ./Src/stm32f3xx_it.o
                0x0000000008001edc                PendSV_Handler
 *fill*         0x0000000008001eea        0x2 
 .text.SysTick_Handler
                0x0000000008001eec       0x24 ./Src/stm32f3xx_it.o
                0x0000000008001eec                SysTick_Handler
 .text.SystemInit
                0x0000000008001f10       0x94 ./Src/system_stm32f3xx.o
                0x0000000008001f10                SystemInit
 .text.NVIC_GetPriorityGrouping
                0x0000000008001fa4       0x1c ./Src/tim.o
 .text.NVIC_EnableIRQ
                0x0000000008001fc0       0x34 ./Src/tim.o
 .text.NVIC_SetPriority
                0x0000000008001ff4       0x54 ./Src/tim.o
 .text.NVIC_EncodePriority
                0x0000000008002048       0x66 ./Src/tim.o
 *fill*         0x00000000080020ae        0x2 
 .text.LL_APB1_GRP1_EnableClock
                0x00000000080020b0       0x30 ./Src/tim.o
 .text.LL_TIM_EnableCounter
                0x00000000080020e0       0x20 ./Src/tim.o
 .text.LL_TIM_EnableARRPreload
                0x0000000008002100       0x20 ./Src/tim.o
 .text.LL_TIM_OC_DisableFast
                0x0000000008002120       0x9c ./Src/tim.o
 .text.LL_TIM_SetClockSource
                0x00000000080021bc       0x2a ./Src/tim.o
 .text.LL_TIM_SetTriggerOutput
                0x00000000080021e6       0x26 ./Src/tim.o
 .text.LL_TIM_DisableMasterSlaveMode
                0x000000000800220c       0x20 ./Src/tim.o
 .text.LL_TIM_EnableIT_UPDATE
                0x000000000800222c       0x20 ./Src/tim.o
 .text.MX_TIM3_Init
                0x000000000800224c       0xc4 ./Src/tim.o
                0x000000000800224c                MX_TIM3_Init
 .text.Reset_Handler
                0x0000000008002310       0x50 ./Startup/startup_stm32f303k8tx.o
                0x0000000008002310                Reset_Handler
 .text.Default_Handler
                0x0000000008002360        0x2 ./Startup/startup_stm32f303k8tx.o
                0x0000000008002360                RTC_Alarm_IRQHandler
                0x0000000008002360                TIM1_CC_IRQHandler
                0x0000000008002360                PVD_IRQHandler
                0x0000000008002360                TAMP_STAMP_IRQHandler
                0x0000000008002360                EXTI3_IRQHandler
                0x0000000008002360                EXTI0_IRQHandler
                0x0000000008002360                FPU_IRQHandler
                0x0000000008002360                CAN_TX_IRQHandler
                0x0000000008002360                TIM1_UP_TIM16_IRQHandler
                0x0000000008002360                ADC1_2_IRQHandler
                0x0000000008002360                SPI1_IRQHandler
                0x0000000008002360                CAN_SCE_IRQHandler
                0x0000000008002360                DMA1_Channel4_IRQHandler
                0x0000000008002360                USART3_IRQHandler
                0x0000000008002360                DMA1_Channel7_IRQHandler
                0x0000000008002360                TIM7_DAC2_IRQHandler
                0x0000000008002360                CAN_RX1_IRQHandler
                0x0000000008002360                DMA1_Channel6_IRQHandler
                0x0000000008002360                RCC_IRQHandler
                0x0000000008002360                DMA1_Channel1_IRQHandler
                0x0000000008002360                Default_Handler
                0x0000000008002360                EXTI15_10_IRQHandler
                0x0000000008002360                COMP2_IRQHandler
                0x0000000008002360                TIM6_DAC1_IRQHandler
                0x0000000008002360                EXTI9_5_IRQHandler
                0x0000000008002360                RTC_WKUP_IRQHandler
                0x0000000008002360                DMA1_Channel5_IRQHandler
                0x0000000008002360                EXTI4_IRQHandler
                0x0000000008002360                TIM1_TRG_COM_TIM17_IRQHandler
                0x0000000008002360                DMA1_Channel3_IRQHandler
                0x0000000008002360                WWDG_IRQHandler
                0x0000000008002360                TIM2_IRQHandler
                0x0000000008002360                EXTI1_IRQHandler
                0x0000000008002360                COMP4_6_IRQHandler
                0x0000000008002360                USART2_IRQHandler
                0x0000000008002360                DMA1_Channel2_IRQHandler
                0x0000000008002360                FLASH_IRQHandler
                0x0000000008002360                USART1_IRQHandler
                0x0000000008002360                CAN_RX0_IRQHandler
                0x0000000008002360                I2C1_ER_IRQHandler
                0x0000000008002360                EXTI2_TSC_IRQHandler
                0x0000000008002360                TIM1_BRK_TIM15_IRQHandler
 *fill*         0x0000000008002362        0x2 
 .text.lsm6ds0_read_byte
                0x0000000008002364       0x34 ./accelerometer/lsm6ds0.o
                0x0000000008002364                lsm6ds0_read_byte
 .text.lsm6ds0_write_byte
                0x0000000008002398       0x2c ./accelerometer/lsm6ds0.o
                0x0000000008002398                lsm6ds0_write_byte
 .text.lsm6ds0_readArray
                0x00000000080023c4       0x30 ./accelerometer/lsm6ds0.o
                0x00000000080023c4                lsm6ds0_readArray
 .text.lsm6ds0_get_acc
                0x00000000080023f4       0xc4 ./accelerometer/lsm6ds0.o
                0x00000000080023f4                lsm6ds0_get_acc
 .text.lsm6ds0_init
                0x00000000080024b8       0x64 ./accelerometer/lsm6ds0.o
                0x00000000080024b8                lsm6ds0_init
 .text.__libc_init_array
                0x000000000800251c       0x48 c:/st/stm32cubeide_1.7.0/stm32cubeide/plugins/com.st.stm32cube.ide.mcu.externaltools.gnu-tools-for-stm32.9-2020-q2-update.win32_2.0.0.202105311346/tools/bin/../lib/gcc/arm-none-eabi/9.3.1/../../../../arm-none-eabi/lib/thumb/v7e-m+fp/hard\libc_nano.a(lib_a-init.o)
                0x000000000800251c                __libc_init_array
 .text.memset   0x0000000008002564       0x10 c:/st/stm32cubeide_1.7.0/stm32cubeide/plugins/com.st.stm32cube.ide.mcu.externaltools.gnu-tools-for-stm32.9-2020-q2-update.win32_2.0.0.202105311346/tools/bin/../lib/gcc/arm-none-eabi/9.3.1/../../../../arm-none-eabi/lib/thumb/v7e-m+fp/hard\libc_nano.a(lib_a-memset.o)
                0x0000000008002564                memset
 *(.glue_7)
 .glue_7        0x0000000008002574        0x0 linker stubs
 *(.glue_7t)
 .glue_7t       0x0000000008002574        0x0 linker stubs
 *(.eh_frame)
 .eh_frame      0x0000000008002574        0x0 c:/st/stm32cubeide_1.7.0/stm32cubeide/plugins/com.st.stm32cube.ide.mcu.externaltools.gnu-tools-for-stm32.9-2020-q2-update.win32_2.0.0.202105311346/tools/bin/../lib/gcc/arm-none-eabi/9.3.1/thumb/v7e-m+fp/hard/crtbegin.o
 *(.init)
 .init          0x0000000008002574        0x4 c:/st/stm32cubeide_1.7.0/stm32cubeide/plugins/com.st.stm32cube.ide.mcu.externaltools.gnu-tools-for-stm32.9-2020-q2-update.win32_2.0.0.202105311346/tools/bin/../lib/gcc/arm-none-eabi/9.3.1/thumb/v7e-m+fp/hard/crti.o
                0x0000000008002574                _init
 .init          0x0000000008002578        0x8 c:/st/stm32cubeide_1.7.0/stm32cubeide/plugins/com.st.stm32cube.ide.mcu.externaltools.gnu-tools-for-stm32.9-2020-q2-update.win32_2.0.0.202105311346/tools/bin/../lib/gcc/arm-none-eabi/9.3.1/thumb/v7e-m+fp/hard/crtn.o
 *(.fini)
 .fini          0x0000000008002580        0x4 c:/st/stm32cubeide_1.7.0/stm32cubeide/plugins/com.st.stm32cube.ide.mcu.externaltools.gnu-tools-for-stm32.9-2020-q2-update.win32_2.0.0.202105311346/tools/bin/../lib/gcc/arm-none-eabi/9.3.1/thumb/v7e-m+fp/hard/crti.o
                0x0000000008002580                _fini
 .fini          0x0000000008002584        0x8 c:/st/stm32cubeide_1.7.0/stm32cubeide/plugins/com.st.stm32cube.ide.mcu.externaltools.gnu-tools-for-stm32.9-2020-q2-update.win32_2.0.0.202105311346/tools/bin/../lib/gcc/arm-none-eabi/9.3.1/thumb/v7e-m+fp/hard/crtn.o
                0x000000000800258c                . = ALIGN (0x4)
                0x000000000800258c                _etext = .

.vfp11_veneer   0x000000000800258c        0x0
 .vfp11_veneer  0x000000000800258c        0x0 linker stubs

.v4_bx          0x000000000800258c        0x0
 .v4_bx         0x000000000800258c        0x0 linker stubs

.iplt           0x000000000800258c        0x0
 .iplt          0x000000000800258c        0x0 c:/st/stm32cubeide_1.7.0/stm32cubeide/plugins/com.st.stm32cube.ide.mcu.externaltools.gnu-tools-for-stm32.9-2020-q2-update.win32_2.0.0.202105311346/tools/bin/../lib/gcc/arm-none-eabi/9.3.1/thumb/v7e-m+fp/hard/crtbegin.o

.rodata         0x000000000800258c       0x64
                0x000000000800258c                . = ALIGN (0x4)
 *(.rodata)
 *(.rodata*)
 .rodata.seven_seg_digits_decode_abcdefg
                0x000000000800258c       0x4b ./Src/display.o
                0x000000000800258c                seven_seg_digits_decode_abcdefg
 *fill*         0x00000000080025d7        0x1 
 .rodata.OFFSET_TAB_CCMRx
                0x00000000080025d8        0x9 ./Src/tim.o
 *fill*         0x00000000080025e1        0x3 
 .rodata.SHIFT_TAB_OCxx
                0x00000000080025e4        0x9 ./Src/tim.o
                0x00000000080025f0                . = ALIGN (0x4)
 *fill*         0x00000000080025ed        0x3 

.rel.dyn        0x00000000080025f0        0x0
 .rel.iplt      0x00000000080025f0        0x0 c:/st/stm32cubeide_1.7.0/stm32cubeide/plugins/com.st.stm32cube.ide.mcu.externaltools.gnu-tools-for-stm32.9-2020-q2-update.win32_2.0.0.202105311346/tools/bin/../lib/gcc/arm-none-eabi/9.3.1/thumb/v7e-m+fp/hard/crtbegin.o

.ARM.extab      0x00000000080025f0        0x0
                0x00000000080025f0                . = ALIGN (0x4)
 *(.ARM.extab* .gnu.linkonce.armextab.*)
                0x00000000080025f0                . = ALIGN (0x4)

.ARM            0x00000000080025f0        0x0
                0x00000000080025f0                . = ALIGN (0x4)
                0x00000000080025f0                __exidx_start = .
 *(.ARM.exidx*)
                0x00000000080025f0                __exidx_end = .
                0x00000000080025f0                . = ALIGN (0x4)

.preinit_array  0x00000000080025f0        0x0
                0x00000000080025f0                . = ALIGN (0x4)
                0x00000000080025f0                PROVIDE (__preinit_array_start = .)
 *(.preinit_array*)
                0x00000000080025f0                PROVIDE (__preinit_array_end = .)
                0x00000000080025f0                . = ALIGN (0x4)

.init_array     0x00000000080025f0        0x4
                0x00000000080025f0                . = ALIGN (0x4)
                0x00000000080025f0                PROVIDE (__init_array_start = .)
 *(SORT_BY_NAME(.init_array.*))
 *(.init_array*)
 .init_array    0x00000000080025f0        0x4 c:/st/stm32cubeide_1.7.0/stm32cubeide/plugins/com.st.stm32cube.ide.mcu.externaltools.gnu-tools-for-stm32.9-2020-q2-update.win32_2.0.0.202105311346/tools/bin/../lib/gcc/arm-none-eabi/9.3.1/thumb/v7e-m+fp/hard/crtbegin.o
                0x00000000080025f4                PROVIDE (__init_array_end = .)
                0x00000000080025f4                . = ALIGN (0x4)

.fini_array     0x00000000080025f4        0x4
                0x00000000080025f4                . = ALIGN (0x4)
                [!provide]                        PROVIDE (__fini_array_start = .)
 *(SORT_BY_NAME(.fini_array.*))
 *(.fini_array*)
 .fini_array    0x00000000080025f4        0x4 c:/st/stm32cubeide_1.7.0/stm32cubeide/plugins/com.st.stm32cube.ide.mcu.externaltools.gnu-tools-for-stm32.9-2020-q2-update.win32_2.0.0.202105311346/tools/bin/../lib/gcc/arm-none-eabi/9.3.1/thumb/v7e-m+fp/hard/crtbegin.o
                [!provide]                        PROVIDE (__fini_array_end = .)
                0x00000000080025f8                . = ALIGN (0x4)
                0x00000000080025f8                _sidata = LOADADDR (.data)

.data           0x0000000020000000       0x1c load address 0x00000000080025f8
                0x0000000020000000                . = ALIGN (0x4)
                0x0000000020000000                _sdata = .
 *(.data)
 *(.data*)
 .data.name     0x0000000020000000       0x13 ./Src/main.o
                0x0000000020000000                name
 *fill*         0x0000000020000013        0x1 
 .data.SystemCoreClock
                0x0000000020000014        0x4 ./Src/system_stm32f3xx.o
                0x0000000020000014                SystemCoreClock
 .data.addres   0x0000000020000018        0x1 ./accelerometer/lsm6ds0.o
                0x0000000020000018                addres
                0x000000002000001c                . = ALIGN (0x4)
 *fill*         0x0000000020000019        0x3 
                0x000000002000001c                _edata = .

.igot.plt       0x000000002000001c        0x0 load address 0x0000000008002614
 .igot.plt      0x000000002000001c        0x0 c:/st/stm32cubeide_1.7.0/stm32cubeide/plugins/com.st.stm32cube.ide.mcu.externaltools.gnu-tools-for-stm32.9-2020-q2-update.win32_2.0.0.202105311346/tools/bin/../lib/gcc/arm-none-eabi/9.3.1/thumb/v7e-m+fp/hard/crtbegin.o
                0x000000002000001c                . = ALIGN (0x4)

.bss            0x0000000020000020       0x64 load address 0x0000000008002614
                0x0000000020000020                _sbss = .
                0x0000000020000020                __bss_start__ = _sbss
 *(.bss)
 .bss           0x0000000020000020       0x1c c:/st/stm32cubeide_1.7.0/stm32cubeide/plugins/com.st.stm32cube.ide.mcu.externaltools.gnu-tools-for-stm32.9-2020-q2-update.win32_2.0.0.202105311346/tools/bin/../lib/gcc/arm-none-eabi/9.3.1/thumb/v7e-m+fp/hard/crtbegin.o
 *(.bss*)
 .bss.dDisplayData
                0x000000002000003c        0xb ./Src/display.o
                0x000000002000003c                dDisplayData
 *fill*         0x0000000020000047        0x1 
 .bss.disp_time
                0x0000000020000048        0x8 ./Src/display.o
                0x0000000020000048                disp_time
 .bss.disp_time_saved
                0x0000000020000050        0x8 ./Src/display.o
                0x0000000020000050                disp_time_saved
 .bss.end_of_read_flag
                0x0000000020000058        0x1 ./Src/i2c.o
                0x0000000020000058                end_of_read_flag
 .bss.ubReceiveIndex
                0x0000000020000059        0x1 ./Src/i2c.o
                0x0000000020000059                ubReceiveIndex
 *(COMMON)
 *fill*         0x000000002000005a        0x2 
 COMMON         0x000000002000005c        0x4 ./Src/i2c.o
                0x000000002000005c                aReceiveBuffer_read
 COMMON         0x0000000020000060       0x24 ./Src/main.o
                0x0000000020000060                acc
                0x0000000020000070                saved_time
                0x0000000020000078                mag
                0x0000000020000084                . = ALIGN (0x4)
                0x0000000020000084                _ebss = .
                0x0000000020000084                __bss_end__ = _ebss

._user_heap_stack
                0x0000000020000084      0x604 load address 0x0000000008002614
                0x0000000020000088                . = ALIGN (0x8)
 *fill*         0x0000000020000084        0x4 
                0x0000000020000088                PROVIDE (end = .)
                [!provide]                        PROVIDE (_end = .)
                0x0000000020000288                . = (. + _Min_Heap_Size)
 *fill*         0x0000000020000088      0x200 
                0x0000000020000688                . = (. + _Min_Stack_Size)
 *fill*         0x0000000020000288      0x400 
                0x0000000020000688                . = ALIGN (0x8)

/DISCARD/
 libc.a(*)
 libm.a(*)
 libgcc.a(*)

.ARM.attributes
                0x0000000000000000       0x30
 *(.ARM.attributes)
 .ARM.attributes
                0x0000000000000000       0x1e c:/st/stm32cubeide_1.7.0/stm32cubeide/plugins/com.st.stm32cube.ide.mcu.externaltools.gnu-tools-for-stm32.9-2020-q2-update.win32_2.0.0.202105311346/tools/bin/../lib/gcc/arm-none-eabi/9.3.1/thumb/v7e-m+fp/hard/crti.o
 .ARM.attributes
                0x000000000000001e       0x34 c:/st/stm32cubeide_1.7.0/stm32cubeide/plugins/com.st.stm32cube.ide.mcu.externaltools.gnu-tools-for-stm32.9-2020-q2-update.win32_2.0.0.202105311346/tools/bin/../lib/gcc/arm-none-eabi/9.3.1/thumb/v7e-m+fp/hard/crtbegin.o
 .ARM.attributes
                0x0000000000000052       0x34 ./Drivers/STM32F3xx_HAL_Driver/Src/stm32f3xx_ll_gpio.o
 .ARM.attributes
                0x0000000000000086       0x34 ./Drivers/STM32F3xx_HAL_Driver/Src/stm32f3xx_ll_i2c.o
 .ARM.attributes
                0x00000000000000ba       0x34 ./Drivers/STM32F3xx_HAL_Driver/Src/stm32f3xx_ll_tim.o
 .ARM.attributes
                0x00000000000000ee       0x34 ./Drivers/STM32F3xx_HAL_Driver/Src/stm32f3xx_ll_utils.o
 .ARM.attributes
                0x0000000000000122       0x34 ./Src/display.o
 .ARM.attributes
                0x0000000000000156       0x34 ./Src/gpio.o
 .ARM.attributes
                0x000000000000018a       0x34 ./Src/i2c.o
 .ARM.attributes
                0x00000000000001be       0x34 ./Src/main.o
 .ARM.attributes
                0x00000000000001f2       0x34 ./Src/stm32f3xx_it.o
 .ARM.attributes
                0x0000000000000226       0x34 ./Src/system_stm32f3xx.o
 .ARM.attributes
                0x000000000000025a       0x34 ./Src/tim.o
 .ARM.attributes
                0x000000000000028e       0x21 ./Startup/startup_stm32f303k8tx.o
 .ARM.attributes
                0x00000000000002af       0x34 ./accelerometer/lsm6ds0.o
 .ARM.attributes
                0x00000000000002e3       0x34 c:/st/stm32cubeide_1.7.0/stm32cubeide/plugins/com.st.stm32cube.ide.mcu.externaltools.gnu-tools-for-stm32.9-2020-q2-update.win32_2.0.0.202105311346/tools/bin/../lib/gcc/arm-none-eabi/9.3.1/../../../../arm-none-eabi/lib/thumb/v7e-m+fp/hard\libc_nano.a(lib_a-init.o)
 .ARM.attributes
                0x0000000000000317       0x34 c:/st/stm32cubeide_1.7.0/stm32cubeide/plugins/com.st.stm32cube.ide.mcu.externaltools.gnu-tools-for-stm32.9-2020-q2-update.win32_2.0.0.202105311346/tools/bin/../lib/gcc/arm-none-eabi/9.3.1/../../../../arm-none-eabi/lib/thumb/v7e-m+fp/hard\libc_nano.a(lib_a-memset.o)
 .ARM.attributes
                0x000000000000034b       0x1e c:/st/stm32cubeide_1.7.0/stm32cubeide/plugins/com.st.stm32cube.ide.mcu.externaltools.gnu-tools-for-stm32.9-2020-q2-update.win32_2.0.0.202105311346/tools/bin/../lib/gcc/arm-none-eabi/9.3.1/thumb/v7e-m+fp/hard/crtn.o
OUTPUT(i2c_comm.elf elf32-littlearm)
LOAD linker stubs
LOAD c:/st/stm32cubeide_1.7.0/stm32cubeide/plugins/com.st.stm32cube.ide.mcu.externaltools.gnu-tools-for-stm32.9-2020-q2-update.win32_2.0.0.202105311346/tools/bin/../lib/gcc/arm-none-eabi/9.3.1/../../../../arm-none-eabi/lib/thumb/v7e-m+fp/hard\libc.a
LOAD c:/st/stm32cubeide_1.7.0/stm32cubeide/plugins/com.st.stm32cube.ide.mcu.externaltools.gnu-tools-for-stm32.9-2020-q2-update.win32_2.0.0.202105311346/tools/bin/../lib/gcc/arm-none-eabi/9.3.1/../../../../arm-none-eabi/lib/thumb/v7e-m+fp/hard\libm.a
LOAD c:/st/stm32cubeide_1.7.0/stm32cubeide/plugins/com.st.stm32cube.ide.mcu.externaltools.gnu-tools-for-stm32.9-2020-q2-update.win32_2.0.0.202105311346/tools/bin/../lib/gcc/arm-none-eabi/9.3.1/thumb/v7e-m+fp/hard\libgcc.a

.debug_info     0x0000000000000000     0x71d3
 .debug_info    0x0000000000000000      0x7ce ./Drivers/STM32F3xx_HAL_Driver/Src/stm32f3xx_ll_gpio.o
 .debug_info    0x00000000000007ce      0x601 ./Drivers/STM32F3xx_HAL_Driver/Src/stm32f3xx_ll_i2c.o
 .debug_info    0x0000000000000dcf     0x1093 ./Drivers/STM32F3xx_HAL_Driver/Src/stm32f3xx_ll_tim.o
 .debug_info    0x0000000000001e62      0x87b ./Drivers/STM32F3xx_HAL_Driver/Src/stm32f3xx_ll_utils.o
 .debug_info    0x00000000000026dd     0x101e ./Src/display.o
 .debug_info    0x00000000000036fb      0x43a ./Src/gpio.o
 .debug_info    0x0000000000003b35      0xe92 ./Src/i2c.o
 .debug_info    0x00000000000049c7     0x115c ./Src/main.o
 .debug_info    0x0000000000005b23      0x279 ./Src/stm32f3xx_it.o
 .debug_info    0x0000000000005d9c      0x439 ./Src/system_stm32f3xx.o
 .debug_info    0x00000000000061d5      0xbf6 ./Src/tim.o
 .debug_info    0x0000000000006dcb       0x22 ./Startup/startup_stm32f303k8tx.o
 .debug_info    0x0000000000006ded      0x3e6 ./accelerometer/lsm6ds0.o

.debug_abbrev   0x0000000000000000     0x16fe
 .debug_abbrev  0x0000000000000000      0x23b ./Drivers/STM32F3xx_HAL_Driver/Src/stm32f3xx_ll_gpio.o
 .debug_abbrev  0x000000000000023b      0x1a6 ./Drivers/STM32F3xx_HAL_Driver/Src/stm32f3xx_ll_i2c.o
 .debug_abbrev  0x00000000000003e1      0x22b ./Drivers/STM32F3xx_HAL_Driver/Src/stm32f3xx_ll_tim.o
 .debug_abbrev  0x000000000000060c      0x293 ./Drivers/STM32F3xx_HAL_Driver/Src/stm32f3xx_ll_utils.o
 .debug_abbrev  0x000000000000089f      0x2bf ./Src/display.o
 .debug_abbrev  0x0000000000000b5e      0x17d ./Src/gpio.o
 .debug_abbrev  0x0000000000000cdb      0x256 ./Src/i2c.o
 .debug_abbrev  0x0000000000000f31      0x2a8 ./Src/main.o
 .debug_abbrev  0x00000000000011d9       0xad ./Src/stm32f3xx_it.o
 .debug_abbrev  0x0000000000001286      0x129 ./Src/system_stm32f3xx.o
 .debug_abbrev  0x00000000000013af      0x1e9 ./Src/tim.o
 .debug_abbrev  0x0000000000001598       0x12 ./Startup/startup_stm32f303k8tx.o
 .debug_abbrev  0x00000000000015aa      0x154 ./accelerometer/lsm6ds0.o

.debug_aranges  0x0000000000000000      0x720
 .debug_aranges
                0x0000000000000000       0x70 ./Drivers/STM32F3xx_HAL_Driver/Src/stm32f3xx_ll_gpio.o
 .debug_aranges
                0x0000000000000070       0x88 ./Drivers/STM32F3xx_HAL_Driver/Src/stm32f3xx_ll_i2c.o
 .debug_aranges
                0x00000000000000f8      0x148 ./Drivers/STM32F3xx_HAL_Driver/Src/stm32f3xx_ll_tim.o
 .debug_aranges
                0x0000000000000240       0xf0 ./Drivers/STM32F3xx_HAL_Driver/Src/stm32f3xx_ll_utils.o
 .debug_aranges
                0x0000000000000330       0xc0 ./Src/display.o
 .debug_aranges
                0x00000000000003f0       0x30 ./Src/gpio.o
 .debug_aranges
                0x0000000000000420       0xe0 ./Src/i2c.o
 .debug_aranges
                0x0000000000000500       0xa8 ./Src/main.o
 .debug_aranges
                0x00000000000005a8       0x60 ./Src/stm32f3xx_it.o
 .debug_aranges
                0x0000000000000608       0x28 ./Src/system_stm32f3xx.o
 .debug_aranges
                0x0000000000000630       0x80 ./Src/tim.o
 .debug_aranges
                0x00000000000006b0       0x28 ./Startup/startup_stm32f303k8tx.o
 .debug_aranges
                0x00000000000006d8       0x48 ./accelerometer/lsm6ds0.o

.debug_ranges   0x0000000000000000      0x658
 .debug_ranges  0x0000000000000000       0x60 ./Drivers/STM32F3xx_HAL_Driver/Src/stm32f3xx_ll_gpio.o
 .debug_ranges  0x0000000000000060       0x78 ./Drivers/STM32F3xx_HAL_Driver/Src/stm32f3xx_ll_i2c.o
 .debug_ranges  0x00000000000000d8      0x138 ./Drivers/STM32F3xx_HAL_Driver/Src/stm32f3xx_ll_tim.o
 .debug_ranges  0x0000000000000210       0xe0 ./Drivers/STM32F3xx_HAL_Driver/Src/stm32f3xx_ll_utils.o
 .debug_ranges  0x00000000000002f0       0xb0 ./Src/display.o
 .debug_ranges  0x00000000000003a0       0x20 ./Src/gpio.o
 .debug_ranges  0x00000000000003c0       0xd0 ./Src/i2c.o
 .debug_ranges  0x0000000000000490       0x98 ./Src/main.o
 .debug_ranges  0x0000000000000528       0x50 ./Src/stm32f3xx_it.o
 .debug_ranges  0x0000000000000578       0x18 ./Src/system_stm32f3xx.o
 .debug_ranges  0x0000000000000590       0x70 ./Src/tim.o
 .debug_ranges  0x0000000000000600       0x20 ./Startup/startup_stm32f303k8tx.o
 .debug_ranges  0x0000000000000620       0x38 ./accelerometer/lsm6ds0.o

.debug_macro    0x0000000000000000     0x4611
 .debug_macro   0x0000000000000000      0x10c ./Drivers/STM32F3xx_HAL_Driver/Src/stm32f3xx_ll_gpio.o
 .debug_macro   0x000000000000010c      0x149 ./Drivers/STM32F3xx_HAL_Driver/Src/stm32f3xx_ll_gpio.o
 .debug_macro   0x0000000000000255      0x10c ./Drivers/STM32F3xx_HAL_Driver/Src/stm32f3xx_ll_i2c.o
 .debug_macro   0x0000000000000361      0x249 ./Drivers/STM32F3xx_HAL_Driver/Src/stm32f3xx_ll_i2c.o
 .debug_macro   0x00000000000005aa      0x179 ./Drivers/STM32F3xx_HAL_Driver/Src/stm32f3xx_ll_tim.o
 .debug_macro   0x0000000000000723      0x800 ./Drivers/STM32F3xx_HAL_Driver/Src/stm32f3xx_ll_tim.o
 .debug_macro   0x0000000000000f23      0x14a ./Drivers/STM32F3xx_HAL_Driver/Src/stm32f3xx_ll_utils.o
 .debug_macro   0x000000000000106d       0x30 ./Drivers/STM32F3xx_HAL_Driver/Src/stm32f3xx_ll_utils.o
 .debug_macro   0x000000000000109d      0x2a5 ./Drivers/STM32F3xx_HAL_Driver/Src/stm32f3xx_ll_utils.o
 .debug_macro   0x0000000000001342       0xaf ./Drivers/STM32F3xx_HAL_Driver/Src/stm32f3xx_ll_utils.o
 .debug_macro   0x00000000000013f1      0x2e0 ./Src/display.o
 .debug_macro   0x00000000000016d1      0x24f ./Src/display.o
 .debug_macro   0x0000000000001920      0x4bb ./Src/display.o
 .debug_macro   0x0000000000001ddb      0x102 ./Src/display.o
 .debug_macro   0x0000000000001edd       0x28 ./Src/display.o
 .debug_macro   0x0000000000001f05      0x287 ./Src/display.o
 .debug_macro   0x000000000000218c      0x14f ./Src/display.o
 .debug_macro   0x00000000000022db      0x806 ./Src/display.o
 .debug_macro   0x0000000000002ae1       0x22 ./Src/display.o
 .debug_macro   0x0000000000002b03       0x52 ./Src/display.o
 .debug_macro   0x0000000000002b55       0x18 ./Src/display.o
 .debug_macro   0x0000000000002b6d       0x3c ./Src/display.o
 .debug_macro   0x0000000000002ba9       0x34 ./Src/display.o
 .debug_macro   0x0000000000002bdd       0x16 ./Src/display.o
 .debug_macro   0x0000000000002bf3       0x97 ./Src/display.o
 .debug_macro   0x0000000000002c8a      0x339 ./Src/display.o
 .debug_macro   0x0000000000002fc3       0xfd ./Src/display.o
 .debug_macro   0x00000000000030c0       0x10 ./Src/display.o
 .debug_macro   0x00000000000030d0       0x16 ./Src/display.o
 .debug_macro   0x00000000000030e6       0x43 ./Src/display.o
 .debug_macro   0x0000000000003129       0x34 ./Src/display.o
 .debug_macro   0x000000000000315d       0x10 ./Src/display.o
 .debug_macro   0x000000000000316d       0x58 ./Src/display.o
 .debug_macro   0x00000000000031c5       0x71 ./Src/display.o
 .debug_macro   0x0000000000003236       0x1c ./Src/display.o
 .debug_macro   0x0000000000003252      0x12a ./Src/display.o
 .debug_macro   0x000000000000337c       0x10 ./Src/display.o
 .debug_macro   0x000000000000338c       0x1c ./Src/display.o
 .debug_macro   0x00000000000033a8       0x52 ./Src/display.o
 .debug_macro   0x00000000000033fa       0x22 ./Src/display.o
 .debug_macro   0x000000000000341c       0x10 ./Src/display.o
 .debug_macro   0x000000000000342c       0x40 ./Src/display.o
 .debug_macro   0x000000000000346c       0xd5 ./Src/display.o
 .debug_macro   0x0000000000003541       0x1c ./Src/display.o
 .debug_macro   0x000000000000355d       0x3d ./Src/display.o
 .debug_macro   0x000000000000359a       0x16 ./Src/display.o
 .debug_macro   0x00000000000035b0      0x145 ./Src/display.o
 .debug_macro   0x00000000000036f5       0x16 ./Src/display.o
 .debug_macro   0x000000000000370b       0x35 ./Src/display.o
 .debug_macro   0x0000000000003740       0x20 ./Src/display.o
 .debug_macro   0x0000000000003760       0x82 ./Src/display.o
 .debug_macro   0x00000000000037e2      0x146 ./Src/gpio.o
 .debug_macro   0x0000000000003928      0x146 ./Src/i2c.o
 .debug_macro   0x0000000000003a6e      0x30d ./Src/main.o
 .debug_macro   0x0000000000003d7b      0x3ad ./Src/main.o
 .debug_macro   0x0000000000004128       0x3a ./Src/main.o
 .debug_macro   0x0000000000004162      0x146 ./Src/stm32f3xx_it.o
 .debug_macro   0x00000000000042a8       0xd0 ./Src/system_stm32f3xx.o
 .debug_macro   0x0000000000004378      0x146 ./Src/tim.o
 .debug_macro   0x00000000000044be      0x153 ./accelerometer/lsm6ds0.o

.debug_line     0x0000000000000000     0x6137
 .debug_line    0x0000000000000000      0x755 ./Drivers/STM32F3xx_HAL_Driver/Src/stm32f3xx_ll_gpio.o
 .debug_line    0x0000000000000755      0x639 ./Drivers/STM32F3xx_HAL_Driver/Src/stm32f3xx_ll_i2c.o
 .debug_line    0x0000000000000d8e      0xbda ./Drivers/STM32F3xx_HAL_Driver/Src/stm32f3xx_ll_tim.o
 .debug_line    0x0000000000001968      0x8fd ./Drivers/STM32F3xx_HAL_Driver/Src/stm32f3xx_ll_utils.o
 .debug_line    0x0000000000002265      0xa7b ./Src/display.o
 .debug_line    0x0000000000002ce0      0x5f3 ./Src/gpio.o
 .debug_line    0x00000000000032d3      0x960 ./Src/i2c.o
 .debug_line    0x0000000000003c33      0xab1 ./Src/main.o
 .debug_line    0x00000000000046e4      0x64d ./Src/stm32f3xx_it.o
 .debug_line    0x0000000000004d31      0x4fd ./Src/system_stm32f3xx.o
 .debug_line    0x000000000000522e      0x7ef ./Src/tim.o
 .debug_line    0x0000000000005a1d       0x81 ./Startup/startup_stm32f303k8tx.o
 .debug_line    0x0000000000005a9e      0x699 ./accelerometer/lsm6ds0.o

.debug_str      0x0000000000000000    0x785de
 .debug_str     0x0000000000000000    0x6476a ./Drivers/STM32F3xx_HAL_Driver/Src/stm32f3xx_ll_gpio.o
                                      0x6491b (size before relaxing)
 .debug_str     0x000000000006476a     0x147b ./Drivers/STM32F3xx_HAL_Driver/Src/stm32f3xx_ll_i2c.o
                                      0x64fa3 (size before relaxing)
 .debug_str     0x0000000000065be5     0x5cac ./Drivers/STM32F3xx_HAL_Driver/Src/stm32f3xx_ll_tim.o
                                      0x69837 (size before relaxing)
 .debug_str     0x000000000006b891     0x503a ./Drivers/STM32F3xx_HAL_Driver/Src/stm32f3xx_ll_utils.o
                                      0x685b5 (size before relaxing)
 .debug_str     0x00000000000708cb     0x60b0 ./Src/display.o
                                      0x73639 (size before relaxing)
 .debug_str     0x000000000007697b       0x45 ./Src/gpio.o
                                      0x6edd8 (size before relaxing)
 .debug_str     0x00000000000769c0      0x5fe ./Src/i2c.o
                                      0x6f524 (size before relaxing)
 .debug_str     0x0000000000076fbe     0x133d ./Src/main.o
                                      0x7494e (size before relaxing)
 .debug_str     0x00000000000782fb       0xb8 ./Src/stm32f3xx_it.o
                                      0x6ed6e (size before relaxing)
 .debug_str     0x00000000000783b3       0x6e ./Src/system_stm32f3xx.o
                                      0x635c1 (size before relaxing)
 .debug_str     0x0000000000078421       0xe3 ./Src/tim.o
                                      0x6f3c0 (size before relaxing)
 .debug_str     0x0000000000078504       0x31 ./Startup/startup_stm32f303k8tx.o
                                         0x86 (size before relaxing)
 .debug_str     0x0000000000078535       0xa9 ./accelerometer/lsm6ds0.o
                                      0x6ee8b (size before relaxing)

.comment        0x0000000000000000       0x53
 .comment       0x0000000000000000       0x53 ./Drivers/STM32F3xx_HAL_Driver/Src/stm32f3xx_ll_gpio.o
                                         0x54 (size before relaxing)
 .comment       0x0000000000000053       0x54 ./Drivers/STM32F3xx_HAL_Driver/Src/stm32f3xx_ll_i2c.o
 .comment       0x0000000000000053       0x54 ./Drivers/STM32F3xx_HAL_Driver/Src/stm32f3xx_ll_tim.o
 .comment       0x0000000000000053       0x54 ./Drivers/STM32F3xx_HAL_Driver/Src/stm32f3xx_ll_utils.o
 .comment       0x0000000000000053       0x54 ./Src/display.o
 .comment       0x0000000000000053       0x54 ./Src/gpio.o
 .comment       0x0000000000000053       0x54 ./Src/i2c.o
 .comment       0x0000000000000053       0x54 ./Src/main.o
 .comment       0x0000000000000053       0x54 ./Src/stm32f3xx_it.o
 .comment       0x0000000000000053       0x54 ./Src/system_stm32f3xx.o
 .comment       0x0000000000000053       0x54 ./Src/tim.o
 .comment       0x0000000000000053       0x54 ./accelerometer/lsm6ds0.o

.debug_frame    0x0000000000000000     0x1c14
 .debug_frame   0x0000000000000000      0x1c0 ./Drivers/STM32F3xx_HAL_Driver/Src/stm32f3xx_ll_gpio.o
 .debug_frame   0x00000000000001c0      0x238 ./Drivers/STM32F3xx_HAL_Driver/Src/stm32f3xx_ll_i2c.o
 .debug_frame   0x00000000000003f8      0x5d0 ./Drivers/STM32F3xx_HAL_Driver/Src/stm32f3xx_ll_tim.o
 .debug_frame   0x00000000000009c8      0x3dc ./Drivers/STM32F3xx_HAL_Driver/Src/stm32f3xx_ll_utils.o
 .debug_frame   0x0000000000000da4      0x2b8 ./Src/display.o
 .debug_frame   0x000000000000105c       0x84 ./Src/gpio.o
 .debug_frame   0x00000000000010e0      0x3e4 ./Src/i2c.o
 .debug_frame   0x00000000000014c4      0x2a4 ./Src/main.o
 .debug_frame   0x0000000000001768      0x110 ./Src/stm32f3xx_it.o
 .debug_frame   0x0000000000001878       0x58 ./Src/system_stm32f3xx.o
 .debug_frame   0x00000000000018d0      0x210 ./Src/tim.o
 .debug_frame   0x0000000000001ae0       0xe8 ./accelerometer/lsm6ds0.o
 .debug_frame   0x0000000000001bc8       0x2c c:/st/stm32cubeide_1.7.0/stm32cubeide/plugins/com.st.stm32cube.ide.mcu.externaltools.gnu-tools-for-stm32.9-2020-q2-update.win32_2.0.0.202105311346/tools/bin/../lib/gcc/arm-none-eabi/9.3.1/../../../../arm-none-eabi/lib/thumb/v7e-m+fp/hard\libc_nano.a(lib_a-init.o)
 .debug_frame   0x0000000000001bf4       0x20 c:/st/stm32cubeide_1.7.0/stm32cubeide/plugins/com.st.stm32cube.ide.mcu.externaltools.gnu-tools-for-stm32.9-2020-q2-update.win32_2.0.0.202105311346/tools/bin/../lib/gcc/arm-none-eabi/9.3.1/../../../../arm-none-eabi/lib/thumb/v7e-m+fp/hard\libc_nano.a(lib_a-memset.o)
