stm32f3xx_ll_tim.h:3971:22:LL_TIM_ClearFlag_UPDATE	16	static
stm32f3xx_ll_tim.h:3982:26:LL_TIM_IsActiveFlag_UPDATE	16	static
stm32f3xx_ll_gpio.h:895:22:LL_GPIO_SetOutputPin	16	static
stm32f3xx_ll_gpio.h:924:22:LL_GPIO_ResetOutputPin	16	static
display.c:17:6:resetSegments	8	static
display.c:30:6:setSegments	8	static
display.c:43:6:resetDigits	8	static
display.c:54:6:setDigits	8	static
display.c:63:6:setDecimalPoint	8	static
display.c:88:6:setA	8	static
display.c:92:6:setB	8	static
display.c:96:6:setC	8	static
display.c:100:6:setD	8	static
display.c:104:6:setE	8	static
display.c:108:6:setF	8	static
display.c:112:6:setG	8	static
display.c:120:6:displayNumber	24	static
display.c:137:6:setDigit	16	static
display.c:161:15:decode_7seg	16	static
display.c:171:6:updateDisplay	24	static
display.c:201:6:TIM3_IRQHandler	8	static
