stm32f3xx_ll_tim.h:3971:22:LL_TIM_ClearFlag_UPDATE	16	static
stm32f3xx_ll_tim.h:3982:26:LL_TIM_IsActiveFlag_UPDATE	16	static
stm32f3xx_ll_gpio.h:895:22:LL_GPIO_SetOutputPin	16	static
stm32f3xx_ll_gpio.h:924:22:LL_GPIO_ResetOutputPin	16	static
display.c:17:6:resetSegments	8	static
display.c:30:6:setSegments	8	static
display.c:43:6:resetDigits	8	static
display.c:54:6:setDigits	8	static
display.c:63:6:setDecimalPoint	8	static
display.c:86:6:setOne	8	static
display.c:93:6:setTwo	8	static
display.c:103:6:setThree	8	static
display.c:113:6:setFour	8	static
display.c:122:6:setFive	8	static
display.c:132:6:setSix	8	static
display.c:143:6:setSeven	8	static
display.c:151:6:setEight	8	static
display.c:163:6:setNine	8	static
display.c:173:6:setZero	8	static
display.c:184:6:setA	8	static
display.c:188:6:setB	8	static
display.c:192:6:setC	8	static
display.c:196:6:setD	8	static
display.c:200:6:setE	8	static
display.c:204:6:setF	8	static
display.c:208:6:setG	8	static
display.c:216:6:displayNumber	24	static
display.c:309:6:setDigit	16	static
display.c:333:15:decode_7seg	16	static
display.c:343:6:updateDisplay	24	static
display.c:435:6:TIM3_IRQHandler	8	static
