core_cm4.h:1596:22:NVIC_SetPriorityGrouping	24	static
stm32f3xx_ll_rcc.h:1097:22:LL_RCC_HSI_Enable	4	static
stm32f3xx_ll_rcc.h:1117:26:LL_RCC_HSI_IsReady	4	static
stm32f3xx_ll_rcc.h:1143:22:LL_RCC_HSI_SetCalibTrimming	16	static
stm32f3xx_ll_rcc.h:1301:22:LL_RCC_SetSysClkSource	16	static
stm32f3xx_ll_rcc.h:1314:26:LL_RCC_GetSysClkSource	4	static
stm32f3xx_ll_rcc.h:1334:22:LL_RCC_SetAHBPrescaler	16	static
stm32f3xx_ll_rcc.h:1350:22:LL_RCC_SetAPB1Prescaler	16	static
stm32f3xx_ll_rcc.h:1366:22:LL_RCC_SetAPB2Prescaler	16	static
stm32f3xx_ll_bus.h:553:22:LL_APB1_GRP1_EnableClock	24	static
stm32f3xx_ll_bus.h:867:22:LL_APB2_GRP1_EnableClock	24	static
stm32f3xx_ll_system.h:1634:22:LL_FLASH_SetLatency	16	static
stm32f3xx_ll_system.h:1647:26:LL_FLASH_GetLatency	4	static
stm32f3xx_ll_cortex.h:260:22:LL_SYSTICK_SetClkSource	16	static
stm32f3xx_ll_tim.h:1623:26:LL_TIM_GetCounter	16	static
stm32f3xx_ll_tim.h:1692:26:LL_TIM_GetAutoReload	16	static
stm32f3xx_ll_tim.h:2605:22:LL_TIM_OC_SetCompareCH1	16	static
stm32f3xx_ll_tim.h:2718:26:LL_TIM_OC_GetCompareCH1	16	static
main.c:85:5:main	16	static
main.c:171:6:SystemClock_Config	8	static
main.c:203:6:receive_dma_data	24	static
main.c:215:6:setDutyCycle	24	static
main.c:224:6:processDmaData	64	static
main.c:286:5:compareTwoStrings	24	static
main.c:295:6:TimerCaptureCompare_Callback	16	static
main.c:314:6:Error_Handler	4	static
